Archive member included to satisfy reference by file (symbol)

C:/devkitpro/libgba/lib\libgba.a(interrupt.o)
                              main_gba.o (irqInit)
C:/devkitpro/libgba/lib\libgba.a(InterruptDispatcher.o)
                              C:/devkitpro/libgba/lib\libgba.a(interrupt.o) (IntrMain)
C:/devkitpro/devkitARM/bin/../lib/gcc/arm-none-eabi/16.1.0/../../../../arm-none-eabi/lib/thumb\libm.a(libm_a-wf_sqrt.o)
                              main_gba.o (sqrtf)
C:/devkitpro/devkitARM/bin/../lib/gcc/arm-none-eabi/16.1.0/../../../../arm-none-eabi/lib/thumb\libm.a(libm_a-sf_tan.o)
                              fox_scene.o (tanf)
C:/devkitpro/devkitARM/bin/../lib/gcc/arm-none-eabi/16.1.0/../../../../arm-none-eabi/lib/thumb\libm.a(libm_a-sf_sin.o)
                              main_gba.o (sinf)
C:/devkitpro/devkitARM/bin/../lib/gcc/arm-none-eabi/16.1.0/../../../../arm-none-eabi/lib/thumb\libm.a(libm_a-kf_sin.o)
                              C:/devkitpro/devkitARM/bin/../lib/gcc/arm-none-eabi/16.1.0/../../../../arm-none-eabi/lib/thumb\libm.a(libm_a-sf_sin.o) (__kernel_sinf)
C:/devkitpro/devkitARM/bin/../lib/gcc/arm-none-eabi/16.1.0/../../../../arm-none-eabi/lib/thumb\libm.a(libm_a-ef_rem_pio2.o)
                              C:/devkitpro/devkitARM/bin/../lib/gcc/arm-none-eabi/16.1.0/../../../../arm-none-eabi/lib/thumb\libm.a(libm_a-sf_tan.o) (__ieee754_rem_pio2f)
C:/devkitpro/devkitARM/bin/../lib/gcc/arm-none-eabi/16.1.0/../../../../arm-none-eabi/lib/thumb\libm.a(libm_a-kf_tan.o)
                              C:/devkitpro/devkitARM/bin/../lib/gcc/arm-none-eabi/16.1.0/../../../../arm-none-eabi/lib/thumb\libm.a(libm_a-sf_tan.o) (__kernel_tanf)
C:/devkitpro/devkitARM/bin/../lib/gcc/arm-none-eabi/16.1.0/../../../../arm-none-eabi/lib/thumb\libm.a(libm_a-sf_fabs.o)
                              C:/devkitpro/devkitARM/bin/../lib/gcc/arm-none-eabi/16.1.0/../../../../arm-none-eabi/lib/thumb\libm.a(libm_a-ef_rem_pio2.o) (fabsf)
C:/devkitpro/devkitARM/bin/../lib/gcc/arm-none-eabi/16.1.0/../../../../arm-none-eabi/lib/thumb\libm.a(libm_a-kf_rem_pio2.o)
                              C:/devkitpro/devkitARM/bin/../lib/gcc/arm-none-eabi/16.1.0/../../../../arm-none-eabi/lib/thumb\libm.a(libm_a-ef_rem_pio2.o) (__kernel_rem_pio2f)
C:/devkitpro/devkitARM/bin/../lib/gcc/arm-none-eabi/16.1.0/../../../../arm-none-eabi/lib/thumb\libm.a(libm_a-ef_sqrt.o)
                              C:/devkitpro/devkitARM/bin/../lib/gcc/arm-none-eabi/16.1.0/../../../../arm-none-eabi/lib/thumb\libm.a(libm_a-wf_sqrt.o) (__ieee754_sqrtf)
C:/devkitpro/devkitARM/bin/../lib/gcc/arm-none-eabi/16.1.0/../../../../arm-none-eabi/lib/thumb\libm.a(libm_a-sf_scalbn.o)
                              C:/devkitpro/devkitARM/bin/../lib/gcc/arm-none-eabi/16.1.0/../../../../arm-none-eabi/lib/thumb\libm.a(libm_a-kf_rem_pio2.o) (scalbnf)
C:/devkitpro/devkitARM/bin/../lib/gcc/arm-none-eabi/16.1.0/../../../../arm-none-eabi/lib/thumb\libm.a(libm_a-kf_cos.o)
                              C:/devkitpro/devkitARM/bin/../lib/gcc/arm-none-eabi/16.1.0/../../../../arm-none-eabi/lib/thumb\libm.a(libm_a-sf_sin.o) (__kernel_cosf)
C:/devkitpro/devkitARM/bin/../lib/gcc/arm-none-eabi/16.1.0/../../../../arm-none-eabi/lib/thumb\libm.a(libm_a-sf_floor.o)
                              C:/devkitpro/devkitARM/bin/../lib/gcc/arm-none-eabi/16.1.0/../../../../arm-none-eabi/lib/thumb\libm.a(libm_a-kf_rem_pio2.o) (floorf)
C:/devkitpro/devkitARM/bin/../lib/gcc/arm-none-eabi/16.1.0/thumb\libgcc.a(_arm_muldf3.o)
                              main_gba.o (__aeabi_dmul)
C:/devkitpro/devkitARM/bin/../lib/gcc/arm-none-eabi/16.1.0/thumb\libgcc.a(_arm_mulsf3.o)
                              main_gba.o (__aeabi_fmul)
C:/devkitpro/devkitARM/bin/../lib/gcc/arm-none-eabi/16.1.0/thumb\libgcc.a(_divsi3.o)
                              fox_scene.o (__aeabi_idiv)
C:/devkitpro/devkitARM/bin/../lib/gcc/arm-none-eabi/16.1.0/thumb\libgcc.a(_dvmd_tls.o)
                              C:/devkitpro/devkitARM/bin/../lib/gcc/arm-none-eabi/16.1.0/thumb\libgcc.a(_divsi3.o) (__aeabi_idiv0)
C:/devkitpro/devkitARM/bin/../lib/gcc/arm-none-eabi/16.1.0/thumb\libgcc.a(_arm_addsubdf3.o)
                              main_gba.o (__aeabi_i2d)
C:/devkitpro/devkitARM/bin/../lib/gcc/arm-none-eabi/16.1.0/thumb\libgcc.a(_arm_truncdfsf2.o)
                              main_gba.o (__aeabi_d2f)
C:/devkitpro/devkitARM/bin/../lib/gcc/arm-none-eabi/16.1.0/thumb\libgcc.a(_arm_addsubsf3.o)
                              main_gba.o (__aeabi_fsub)
C:/devkitpro/devkitARM/bin/../lib/gcc/arm-none-eabi/16.1.0/thumb\libgcc.a(_arm_muldivsf3.o)
                              main_gba.o (__aeabi_fdiv)
C:/devkitpro/devkitARM/bin/../lib/gcc/arm-none-eabi/16.1.0/thumb\libgcc.a(_arm_cmpsf2.o)
                              main_gba.o (__aeabi_fcmpeq)
C:/devkitpro/devkitARM/bin/../lib/gcc/arm-none-eabi/16.1.0/thumb\libgcc.a(_arm_unordsf2.o)
[...]
Memory Configuration

Name             Origin             Length             Attributes
rom              0x08000000         0x02000000
iwram            0x03000000         0x00008000
ewram            0x02000000         0x00040000
*default*        0x00000000         0xffffffff

Linker script and memory map

                0x00000000                        __sync_synchronize = __sync_synchronize_none
                0x08000000                        __text_start = ORIGIN (rom)
                0x02040000                        __eheap_end = (ORIGIN (ewram) + LENGTH (ewram))
                0x03000000                        __iwram_start = ORIGIN (iwram)
                0x03008000                        __iwram_top = (ORIGIN (iwram) + LENGTH (iwram))
                0x03007fa0                        __sp_irq = (__iwram_top - 0x60)
                0x03007f00                        __sp_usr = (__sp_irq - 0xa0)
                0x03007ff8                        __irq_flags = 0x3007ff8
                0x08000000                        . = __text_start

.crt0           0x08000000      0x210
 *(.crt0)
 .crt0          0x08000000      0x210 C:/devkitpro/devkitARM/bin/../lib/gcc/arm-none-eabi/16.1.0/../../../../arm-none-eabi/lib/thumb/gba_crt0.o
                0x08000000                _start
                0x080000c4                __boot_method
                0x080000c5                __slave_number
                0x080000e0                start_vector
                0x08000210                        . = ALIGN (0x4)

.init           0x08000210        0xc
 *(SORT_NONE(.init))
 .init          0x08000210        0x4 C:/devkitpro/devkitARM/bin/../lib/gcc/arm-none-eabi/16.1.0/thumb/crti.o
                0x08000210                _init
 .init          0x08000214        0x8 C:/devkitpro/devkitARM/bin/../lib/gcc/arm-none-eabi/16.1.0/thumb/crtn.o

.plt            0x0800021c        0x0
 *(.plt)
                0x0800021c                        . = ALIGN (0x4)

.text           0x08000220     0xd3c0
 *(EXCLUDE_FILE(*.iwram*) .text*)
 .text.__do_global_dtors_aux
                0x08000220       0x2c C:/devkitpro/devkitARM/bin/../lib/gcc/arm-none-eabi/16.1.0/thumb/crtbegin.o
 .text.frame_dummy
                0x0800024c       0x24 C:/devkitpro/devkitARM/bin/../lib/gcc/arm-none-eabi/16.1.0/thumb/crtbegin.o
 .text.startup  0x08000270      0x6f8 main_gba.o
                0x08000270                main
 .text          0x08000968      0x5cc fox_draw.o
                0x080009d0                color_to_pixel
                0x080009f0                draw_pixel
                0x08000a2c                clear_buf
                0x08000a78                draw_rect
                0x08000af4                draw_tri_fixed
                0x08000c7c                draw_tri_float
 .text          0x08000f34     0x1170 fox_scene.o
                0x08001304                alloc_mesh
                0x0800133c                renderTriangle
                0x080018a8                draw_tris
                0x0800196c                add_mesh_scene
                0x08002028                computeCamData
 .text          0x080020a4      0x3c4 C:/devkitpro/libgba/lib\libgba.a(interrupt.o)
                0x080020a4                dummy
                0x080020a8                InitInterrupt
                0x08002104                irqInit
                0x08002160                SetInterrupt
                0x08002248                irqSet
                0x08002330                EnableInterrupt
                0x0800237c                irqEnable
                0x080023d0                DisableInterrupt
                0x0800241c                irqDisable
 .text.sqrtf    0x08002468       0x40 C:/devkitpro/devkitARM/bin/../lib/gcc/arm-none-eabi/16.1.0/../../../../arm-none-eabi/lib/thumb\libm.a(libm_a-wf_sqrt.o)
                0x08002468                sqrtf
 .text.tanf     0x080024a8       0x4c C:/devkitpro/devkitARM/bin/../lib/gcc/arm-none-eabi/16.1.0/../../../../arm-none-eabi/lib/thumb\libm.a(libm_a-sf_tan.o)
                0x080024a8                tanf
 .text.sinf     0x080024f4       0x74 C:/devkitpro/devkitARM/bin/../lib/gcc/arm-none-eabi/16.1.0/../../../../arm-none-eabi/lib/thumb\libm.a(libm_a-sf_sin.o)
                0x080024f4                sinf
 .text.__kernel_sinf
                0x08002568       0xf8 C:/devkitpro/devkitARM/bin/../lib/gcc/arm-none-eabi/16.1.0/../../../../arm-none-eabi/lib/thumb\libm.a(libm_a-kf_sin.o)
                0x08002568                __kernel_sinf
 .text.__ieee754_rem_pio2f
                0x08002660      0x2f4 C:/devkitpro/devkitARM/bin/../lib/gcc/arm-none-eabi/16.1.0/../../../../arm-none-eabi/lib/thumb\libm.a(libm_a-ef_rem_pio2.o)
                0x08002660                __ieee754_rem_pio2f
 .text.__kernel_tanf
                0x08002954      0x280 C:/devkitpro/devkitARM/bin/../lib/gcc/arm-none-eabi/16.1.0/../../../../arm-none-eabi/lib/thumb\libm.a(libm_a-kf_tan.o)
                0x08002954                __kernel_tanf
 .text.fabsf    0x08002bd4        0x8 C:/devkitpro/devkitARM/bin/../lib/gcc/arm-none-eabi/16.1.0/../../../../arm-none-eabi/lib/thumb\libm.a(libm_a-sf_fabs.o)
                0x08002bd4                fabsf
 .text.__kernel_rem_pio2f
                0x08002bdc      0x768 C:/devkitpro/devkitARM/bin/../lib/gcc/arm-none-eabi/16.1.0/../../../../arm-none-eabi/lib/thumb\libm.a(libm_a-kf_rem_pio2.o)
                0x08002bdc                __kernel_rem_pio2f
 .text.__ieee754_sqrtf
                0x08003344       0xec C:/devkitpro/devkitARM/bin/../lib/gcc/arm-none-eabi/16.1.0/../../../../arm-none-eabi/lib/thumb\libm.a(libm_a-ef_sqrt.o)
                0x08003344                __ieee754_sqrtf
 .text.scalbnf  0x08003430       0xcc C:/devkitpro/devkitARM/bin/../lib/gcc/arm-none-eabi/16.1.0/../../../../arm-none-eabi/lib/thumb\libm.a(libm_a-sf_scalbn.o)
                0x08003430                scalbnf
 .text.__kernel_cosf
                0x080034fc      0x194 C:/devkitpro/devkitARM/bin/../lib/gcc/arm-none-eabi/16.1.0/../../../../arm-none-eabi/lib/thumb\libm.a(libm_a-kf_cos.o)
                0x080034fc                __kernel_cosf
 .text.floorf   0x08003690       0xa4 C:/devkitpro/devkitARM/bin/../lib/gcc/arm-none-eabi/16.1.0/../../../../arm-none-eabi/lib/thumb\libm.a(libm_a-sf_floor.o)
                0x08003690                floorf
 .text          0x08003734      0x150 C:/devkitpro/devkitARM/bin/../lib/gcc/arm-none-eabi/16.1.0/thumb\libgcc.a(_divsi3.o)
                0x08003734                __divsi3
                0x08003734                __aeabi_idiv
                0x08003864                __aeabi_idivmod
 .text          0x08003884        0x4 C:/devkitpro/devkitARM/bin/../lib/gcc/arm-none-eabi/16.1.0/thumb\libgcc.a(_dvmd_tls.o)
                0x08003884                __aeabi_idiv0
                0x08003884                __aeabi_ldiv0
 .text          0x08003888      0x424 C:/devkitpro/devkitARM/bin/../lib/gcc/arm-none-eabi/16.1.0/thumb\libgcc.a(_arm_addsubdf3.o)
                0x08003888                __aeabi_drsub
                0x08003890                __aeabi_dsub
                0x08003890                __subdf3
                0x08003894                __aeabi_dadd
                0x08003894                __adddf3
                0x08003ba4                __floatunsidf
                0x08003ba4                __aeabi_ui2d
                0x08003bc8                __floatsidf
                0x08003bc8                __aeabi_i2d
                0x08003bf0                __aeabi_f2d
                0x08003bf0                __extendsfdf2
                0x08003c38                __floatundidf
                0x08003c38                __aeabi_ul2d
                0x08003c4c                __floatdidf
                0x08003c4c                __aeabi_l2d
 .text          0x08003cac       0xa0 C:/devkitpro/devkitARM/bin/../lib/gcc/arm-none-eabi/16.1.0/thumb\libgcc.a(_arm_truncdfsf2.o)
                0x08003cac                __truncdfsf2
                0x08003cac                __aeabi_d2f
 .text          0x08003d4c      0x2ac C:/devkitpro/devkitARM/bin/../lib/gcc/arm-none-eabi/16.1.0/thumb\libgcc.a(_arm_addsubsf3.o)
                0x08003d4c                __aeabi_frsub
                0x08003d54                __subsf3
                0x08003d54                __aeabi_fsub
                0x08003d58                __aeabi_fadd
                0x08003d58                __addsf3
                0x08003f14                __aeabi_ui2f
                0x08003f14                __floatunsisf
                0x08003f1c                __aeabi_i2f
                0x08003f1c                __floatsisf
                0x08003f3c                __aeabi_ul2f
                0x08003f3c                __floatundisf
                0x08003f4c                __aeabi_l2f
                0x08003f4c                __floatdisf
 .text          0x08003ff8      0x2f8 C:/devkitpro/devkitARM/bin/../lib/gcc/arm-none-eabi/16.1.0/thumb\libgcc.a(_arm_muldivsf3.o)
                0x08003ff8                __mulsf3
                0x08003ff8                __aeabi_fmul
                0x08004190                __aeabi_fdiv
                0x08004190                __divsf3
 .text          0x080042f0      0x114 C:/devkitpro/devkitARM/bin/../lib/gcc/arm-none-eabi/16.1.0/thumb\libgcc.a(_arm_cmpsf2.o)
                0x080042f0                __gesf2
                0x080042f0                __gtsf2
                0x080042f8                __lesf2
                0x080042f8                __ltsf2
                0x08004300                __nesf2
                0x08004300                __eqsf2
                0x08004300                __cmpsf2
                0x08004364                __aeabi_cfrcmple
                0x08004374                __aeabi_cfcmpeq
                0x08004374                __aeabi_cfcmple
                0x0800438c                __aeabi_fcmpeq
                0x080043a4                __aeabi_fcmplt
                0x080043bc                __aeabi_fcmple
                0x080043d4                __aeabi_fcmpge
                0x080043ec                __aeabi_fcmpgt
 .text          0x08004404       0x38 C:/devkitpro/devkitARM/bin/../lib/gcc/arm-none-eabi/16.1.0/thumb\libgcc.a(_arm_unordsf2.o)
                0x08004404                __unordsf2
                0x08004404                __aeabi_fcmpun
 .text          0x0800443c       0x5c C:/devkitpro/devkitARM/bin/../lib/gcc/arm-none-eabi/16.1.0/thumb\libgcc.a(_arm_fixsfsi.o)
                0x0800443c                __aeabi_f2iz
                0x0800443c                __fixsfsi
 .text          0x08004498       0xd4 C:/devkitpro/devkitARM/bin/../lib/gcc/arm-none-eabi/16.1.0/thumb\libgcc.a(_aeabi_ldivmod.o)
                0x08004498                __aeabi_ldivmod
 .text.__muldi3
                0x0800456c       0x58 C:/devkitpro/devkitARM/bin/../lib/gcc/arm-none-eabi/16.1.0/thumb\libgcc.a(_muldi3.o)
                0x0800456c                __muldi3
                0x0800456c                __aeabi_lmul
 .text.__udivmoddi4
                0x080045c4      0x194 C:/devkitpro/devkitARM/bin/../lib/gcc/arm-none-eabi/16.1.0/thumb\libgcc.a(_udivmoddi4.o)
                0x080045c4                __udivmoddi4
 .text          0x08004758       0x28 C:/devkitpro/devkitARM/bin/../lib/gcc/arm-none-eabi/16.1.0/thumb\libgcc.a(_clzdi2.o)
                0x08004758                __clzdi2
 .text          0x08004780       0x48 C:/devkitpro/devkitARM/bin/../lib/gcc/arm-none-eabi/16.1.0/thumb\libgcc.a(_clzsi2.o)
                0x08004780                __clzsi2
 .text.memcpy   0x080047c8       0xac C:/devkitpro/devkitARM/bin/../lib/gcc/arm-none-eabi/16.1.0/../../../../arm-none-eabi/lib/thumb\libg.a(libc_a-memcpy-stub.o)
                0x080047c8                memcpy
 .text.printf   0x08004874       0x28 C:/devkitpro/devkitARM/bin/../lib/gcc/arm-none-eabi/16.1.0/../../../../arm-none-eabi/lib/thumb\libg.a(libc_a-printf.o)
                0x08004874                printf
 .text.__errno  0x0800489c        0xc C:/devkitpro/devkitARM/bin/../lib/gcc/arm-none-eabi/16.1.0/../../../../arm-none-eabi/lib/thumb\libg.a(libc_a-errno.o)
                0x0800489c                __errno
 .text.memset   0x080048a8       0x8c C:/devkitpro/devkitARM/bin/../lib/gcc/arm-none-eabi/16.1.0/../../../../arm-none-eabi/lib/thumb\libg.a(libc_a-memset.o)
                0x080048a8                memset
 .text.__libc_init_array
                0x08004934       0x54 C:/devkitpro/devkitARM/bin/../lib/gcc/arm-none-eabi/16.1.0/../../../../arm-none-eabi/lib/thumb\libg.a(libc_a-init.o)
                0x08004934                __libc_init_array
 .text.malloc   0x08004988       0x28 C:/devkitpro/devkitARM/bin/../lib/gcc/arm-none-eabi/16.1.0/../../../../arm-none-eabi/lib/thumb\libg.a(libc_a-malloc.o)
                0x08004988                malloc
 .text.free     0x080049b0       0x14 C:/devkitpro/devkitARM/bin/../lib/gcc/arm-none-eabi/16.1.0/../../../../arm-none-eabi/lib/thumb\libg.a(libc_a-malloc.o)
                0x080049b0                free
 .text._puts_r  0x080049c4       0x88 C:/devkitpro/devkitARM/bin/../lib/gcc/arm-none-eabi/16.1.0/../../../../arm-none-eabi/lib/thumb\libg.a(libc_a-puts.o)
                0x080049c4                _puts_r
 .text.puts     0x08004a4c       0x14 C:/devkitpro/devkitARM/bin/../lib/gcc/arm-none-eabi/16.1.0/../../../../arm-none-eabi/lib/thumb\libg.a(libc_a-puts.o)
                0x08004a4c                puts
 .text.strlen   0x08004a60       0x60 C:/devkitpro/devkitARM/bin/../lib/gcc/arm-none-eabi/16.1.0/../../../../arm-none-eabi/lib/thumb\libg.a(libc_a-strlen.o)
                0x08004a60                strlen
 .text.get_arg  0x08004ac0      0x404 C:/devkitpro/devkitARM/bin/../lib/gcc/arm-none-eabi/16.1.0/../../../../arm-none-eabi/lib/thumb\libg.a(libc_a-vfprintf.o)
 .text._vfprintf_r
                0x08004ec4     0x2394 C:/devkitpro/devkitARM/bin/../lib/gcc/arm-none-eabi/16.1.0/../../../../arm-none-eabi/lib/thumb\libg.a(libc_a-vfprintf.o)
                0x08004ec4                _vfprintf_r
 .text.__sbprintf
                0x08007258       0x7c C:/devkitpro/devkitARM/bin/../lib/gcc/arm-none-eabi/16.1.0/../../../../arm-none-eabi/lib/thumb\libg.a(libc_a-vfprintf.o)
 .text._wcrtomb_r
                0x080072d4       0x88 C:/devkitpro/devkitARM/bin/../lib/gcc/arm-none-eabi/16.1.0/../../../../arm-none-eabi/lib/thumb\libg.a(libc_a-wcrtomb.o)
                0x080072d4                _wcrtomb_r
 .text.__sfvwrite_r
                0x0800735c      0x31c C:/devkitpro/devkitARM/bin/../lib/gcc/arm-none-eabi/16.1.0/../../../../arm-none-eabi/lib/thumb\libg.a(libc_a-fvwrite.o)
                0x0800735c                __sfvwrite_r
 .text._memalign_r
                0x08007678      0x118 C:/devkitpro/devkitARM/bin/../lib/gcc/arm-none-eabi/16.1.0/../../../../arm-none-eabi/lib/thumb\libg.a(libc_a-malignr.o)
                0x08007678                _memalign_r
 .text.__locale_mb_cur_max
                0x08007790       0x20 C:/devkitpro/devkitARM/bin/../lib/gcc/arm-none-eabi/16.1.0/../../../../arm-none-eabi/lib/thumb\libg.a(libc_a-locale.o)
                0x08007790                __locale_mb_cur_max
 .text.__sflush_r
                0x080077b0      0x180 C:/devkitpro/devkitARM/bin/../lib/gcc/arm-none-eabi/16.1.0/../../../../arm-none-eabi/lib/thumb\libg.a(libc_a-fflush.o)
                0x080077b0                __sflush_r
 .text._fflush_r
                0x08007930       0x70 C:/devkitpro/devkitARM/bin/../lib/gcc/arm-none-eabi/16.1.0/../../../../arm-none-eabi/lib/thumb\libg.a(libc_a-fflush.o)
                0x08007930                _fflush_r
 .text.__sprint_r
                0x080079a0       0x24 C:/devkitpro/devkitARM/bin/../lib/gcc/arm-none-eabi/16.1.0/../../../../arm-none-eabi/lib/thumb\libg.a(libc_a-sprint_r.o)
                0x080079a0                __sprint_r
 .text._malloc_r
                0x080079c4      0x550 C:/devkitpro/devkitARM/bin/../lib/gcc/arm-none-eabi/16.1.0/../../../../arm-none-eabi/lib/thumb\libg.a(libc_a-mallocr.o)
                0x080079c4                _malloc_r
 .text.quorem   0x08007f14      0x160 C:/devkitpro/devkitARM/bin/../lib/gcc/arm-none-eabi/16.1.0/../../../../arm-none-eabi/lib/thumb\libg.a(libc_a-dtoa.o)
 .text._dtoa_r  0x08008074     0x10a0 C:/devkitpro/devkitARM/bin/../lib/gcc/arm-none-eabi/16.1.0/../../../../arm-none-eabi/lib/thumb\libg.a(libc_a-dtoa.o)
                0x08008074                _dtoa_r
 .text._malloc_trim_r
                0x08009114       0xac C:/devkitpro/devkitARM/bin/../lib/gcc/arm-none-eabi/16.1.0/../../../../arm-none-eabi/lib/thumb\libg.a(libc_a-freer.o)
                0x08009114                _malloc_trim_r
 .text._free_r  0x080091c0      0x1d8 C:/devkitpro/devkitARM/bin/../lib/gcc/arm-none-eabi/16.1.0/../../../../arm-none-eabi/lib/thumb\libg.a(libc_a-freer.o)
                0x080091c0                _free_r
 .text.stdio_exit_handler
                0x08009398       0x20 C:/devkitpro/devkitARM/bin/../lib/gcc/arm-none-eabi/16.1.0/../../../../arm-none-eabi/lib/thumb\libg.a(libc_a-findfp.o)
 .text.cleanup_stdio
                0x080093b8       0x40 C:/devkitpro/devkitARM/bin/../lib/gcc/arm-none-eabi/16.1.0/../../../../arm-none-eabi/lib/thumb\libg.a(libc_a-findfp.o)
 .text.global_stdio_init.part.0
                0x080093f8      0x120 C:/devkitpro/devkitARM/bin/../lib/gcc/arm-none-eabi/16.1.0/../../../../arm-none-eabi/lib/thumb\libg.a(libc_a-findfp.o)
 .text.__sinit  0x08009518       0x3c C:/devkitpro/devkitARM/bin/../lib/gcc/arm-none-eabi/16.1.0/../../../../arm-none-eabi/lib/thumb\libg.a(libc_a-findfp.o)
                0x08009518                __sinit
 .text.__sfp_lock_acquire
                0x08009554       0x14 C:/devkitpro/devkitARM/bin/../lib/gcc/arm-none-eabi/16.1.0/../../../../arm-none-eabi/lib/thumb\libg.a(libc_a-findfp.o)
                0x08009554                __sfp_lock_acquire
 .text.__sfp_lock_release
                0x08009568       0x14 C:/devkitpro/devkitARM/bin/../lib/gcc/arm-none-eabi/16.1.0/../../../../arm-none-eabi/lib/thumb\libg.a(libc_a-findfp.o)
                0x08009568                __sfp_lock_release
 .text.strncpy  0x0800957c       0x68 C:/devkitpro/devkitARM/bin/../lib/gcc/arm-none-eabi/16.1.0/../../../../arm-none-eabi/lib/thumb\libg.a(libc_a-strncpy.o)
                0x0800957c                strncpy
 .text.memchr   0x080095e4       0x74 C:/devkitpro/devkitARM/bin/../lib/gcc/arm-none-eabi/16.1.0/../../../../arm-none-eabi/lib/thumb\libg.a(libc_a-memchr-stub.o)
                0x080095e4                memchr
 .text._wcsrtombs_r
                0x08009658       0x20 C:/devkitpro/devkitARM/bin/../lib/gcc/arm-none-eabi/16.1.0/../../../../arm-none-eabi/lib/thumb\libg.a(libc_a-wcsrtombs.o)
                0x08009658                _wcsrtombs_r
 .text.__swsetup_r
                0x08009678       0xd4 C:/devkitpro/devkitARM/bin/../lib/gcc/arm-none-eabi/16.1.0/../../../../arm-none-eabi/lib/thumb\libg.a(libc_a-wsetup.o)
                0x08009678                __swsetup_r
 .text._localeconv_r
                0x0800974c       0x20 C:/devkitpro/devkitARM/bin/../lib/gcc/arm-none-eabi/16.1.0/../../../../arm-none-eabi/lib/thumb\libg.a(libc_a-localeconv.o)
                0x0800974c                _localeconv_r
 .text.__sread  0x0800976c       0x34 C:/devkitpro/devkitARM/bin/../lib/gcc/arm-none-eabi/16.1.0/../../../../arm-none-eabi/lib/thumb\libg.a(libc_a-stdio.o)
                0x0800976c                __sread
 .text.__swrite
                0x080097a0       0x4c C:/devkitpro/devkitARM/bin/../lib/gcc/arm-none-eabi/16.1.0/../../../../arm-none-eabi/lib/thumb\libg.a(libc_a-stdio.o)
                0x080097a0                __swrite
 .text.__sseek  0x080097ec       0x3c C:/devkitpro/devkitARM/bin/../lib/gcc/arm-none-eabi/16.1.0/../../../../arm-none-eabi/lib/thumb\libg.a(libc_a-stdio.o)
                0x080097ec                __sseek
 .text.__sclose
                0x08009828       0x10 C:/devkitpro/devkitARM/bin/../lib/gcc/arm-none-eabi/16.1.0/../../../../arm-none-eabi/lib/thumb\libg.a(libc_a-stdio.o)
                0x08009828                __sclose
 .text.memmove  0x08009838      0x108 C:/devkitpro/devkitARM/bin/../lib/gcc/arm-none-eabi/16.1.0/../../../../arm-none-eabi/lib/thumb\libg.a(libc_a-memmove.o)
                0x08009838                memmove
 .text._realloc_r
                0x08009940      0x344 C:/devkitpro/devkitARM/bin/../lib/gcc/arm-none-eabi/16.1.0/../../../../arm-none-eabi/lib/thumb\libg.a(libc_a-reallocr.o)
                0x08009940                _realloc_r
 .text.__malloc_lock
                0x08009c84       0x14 C:/devkitpro/devkitARM/bin/../lib/gcc/arm-none-eabi/16.1.0/../../../../arm-none-eabi/lib/thumb\libg.a(libc_a-mlock.o)
                0x08009c84                __malloc_lock
 .text.__malloc_unlock
                0x08009c98       0x14 C:/devkitpro/devkitARM/bin/../lib/gcc/arm-none-eabi/16.1.0/../../../../arm-none-eabi/lib/thumb\libg.a(libc_a-mlock.o)
                0x08009c98                __malloc_unlock
 .text._fclose_r
                0x08009cac       0xe0 C:/devkitpro/devkitARM/bin/../lib/gcc/arm-none-eabi/16.1.0/../../../../arm-none-eabi/lib/thumb\libg.a(libc_a-fclose.o)
                0x08009cac                _fclose_r
 .text.__utf8_wctomb
                0x08009d8c       0xbc C:/devkitpro/devkitARM/bin/../lib/gcc/arm-none-eabi/16.1.0/../../../../arm-none-eabi/lib/thumb\libg.a(libc_a-wctomb_r.o)
                0x08009d8c                __utf8_wctomb
 .text._wcsnrtombs_l
                0x08009e48      0x120 C:/devkitpro/devkitARM/bin/../lib/gcc/arm-none-eabi/16.1.0/../../../../arm-none-eabi/lib/thumb\libg.a(libc_a-wcsnrtombs.o)
                0x08009e48                _wcsnrtombs_l
 .text._wcsnrtombs_r
                0x08009f68       0x40 C:/devkitpro/devkitARM/bin/../lib/gcc/arm-none-eabi/16.1.0/../../../../arm-none-eabi/lib/thumb\libg.a(libc_a-wcsnrtombs.o)
                0x08009f68                _wcsnrtombs_r
 .text.frexp    0x08009fa8       0x74 C:/devkitpro/devkitARM/bin/../lib/gcc/arm-none-eabi/16.1.0/../../../../arm-none-eabi/lib/thumb\libg.a(libm_a-s_frexp.o)
                0x08009fa8                frexp
 .text.__assert_func
                0x0800a01c       0x40 C:/devkitpro/devkitARM/bin/../lib/gcc/arm-none-eabi/16.1.0/../../../../arm-none-eabi/lib/thumb\libg.a(libc_a-assert.o)
                0x0800a01c                __assert_func
 .text._Balloc  0x0800a05c       0x5c C:/devkitpro/devkitARM/bin/../lib/gcc/arm-none-eabi/16.1.0/../../../../arm-none-eabi/lib/thumb\libg.a(libc_a-mprec.o)
                0x0800a05c                _Balloc
 .text._Bfree   0x0800a0b8       0x14 C:/devkitpro/devkitARM/bin/../lib/gcc/arm-none-eabi/16.1.0/../../../../arm-none-eabi/lib/thumb\libg.a(libc_a-mprec.o)
                0x0800a0b8                _Bfree
 .text.__multadd
                0x0800a0cc       0xa8 C:/devkitpro/devkitARM/bin/../lib/gcc/arm-none-eabi/16.1.0/../../../../arm-none-eabi/lib/thumb\libg.a(libc_a-mprec.o)
                0x0800a0cc                __multadd
 .text.__hi0bits
                0x0800a174       0x60 C:/devkitpro/devkitARM/bin/../lib/gcc/arm-none-eabi/16.1.0/../../../../arm-none-eabi/lib/thumb\libg.a(libc_a-mprec.o)
                0x0800a174                __hi0bits
 .text.__lo0bits
                0x0800a1d4       0x8c C:/devkitpro/devkitARM/bin/../lib/gcc/arm-none-eabi/16.1.0/../../../../arm-none-eabi/lib/thumb\libg.a(libc_a-mprec.o)
                0x0800a1d4                __lo0bits
 .text.__i2b    0x0800a260       0x64 C:/devkitpro/devkitARM/bin/../lib/gcc/arm-none-eabi/16.1.0/../../../../arm-none-eabi/lib/thumb\libg.a(libc_a-mprec.o)
                0x0800a260                __i2b
 .text.__multiply
                0x0800a2c4      0x1b4 C:/devkitpro/devkitARM/bin/../lib/gcc/arm-none-eabi/16.1.0/../../../../arm-none-eabi/lib/thumb\libg.a(libc_a-mprec.o)
                0x0800a2c4                __multiply
 .text.__pow5mult
                0x0800a478       0xd8 C:/devkitpro/devkitARM/bin/../lib/gcc/arm-none-eabi/16.1.0/../../../../arm-none-eabi/lib/thumb\libg.a(libc_a-mprec.o)
                0x0800a478                __pow5mult
 .text.__lshift
                0x0800a550       0xf8 C:/devkitpro/devkitARM/bin/../lib/gcc/arm-none-eabi/16.1.0/../../../../arm-none-eabi/lib/thumb\libg.a(libc_a-mprec.o)
                0x0800a550                __lshift
 .text.__mcmp   0x0800a648       0x50 C:/devkitpro/devkitARM/bin/../lib/gcc/arm-none-eabi/16.1.0/../../../../arm-none-eabi/lib/thumb\libg.a(libc_a-mprec.o)
                0x0800a648                __mcmp
 .text.__mdiff  0x0800a698      0x1a4 C:/devkitpro/devkitARM/bin/../lib/gcc/arm-none-eabi/16.1.0/../../../../arm-none-eabi/lib/thumb\libg.a(libc_a-mprec.o)
                0x0800a698                __mdiff
 .text.__d2b    0x0800a83c       0xd4 C:/devkitpro/devkitARM/bin/../lib/gcc/arm-none-eabi/16.1.0/../../../../arm-none-eabi/lib/thumb\libg.a(libc_a-mprec.o)
                0x0800a83c                __d2b
 .text._fwalk_sglue
                0x0800a910       0x4c C:/devkitpro/devkitARM/bin/../lib/gcc/arm-none-eabi/16.1.0/../../../../arm-none-eabi/lib/thumb\libg.a(libc_a-fwalk.o)
                0x0800a910                _fwalk_sglue
 .text.__utf8_mbtowc
                0x0800a95c      0x24c C:/devkitpro/devkitARM/bin/../lib/gcc/arm-none-eabi/16.1.0/../../../../arm-none-eabi/lib/thumb\libg.a(libc_a-mbtowc_r.o)
                0x0800a95c                __utf8_mbtowc
 .text.fiprintf
                0x0800aba8       0x28 C:/devkitpro/devkitARM/bin/../lib/gcc/arm-none-eabi/16.1.0/../../../../arm-none-eabi/lib/thumb\libg.a(libc_a-fiprintf.o)
                0x0800aba8                fiprintf
 .text.abort    0x0800abd0       0x10 C:/devkitpro/devkitARM/bin/../lib/gcc/arm-none-eabi/16.1.0/../../../../arm-none-eabi/lib/thumb\libg.a(libc_a-abort.o)
                0x0800abd0                abort
 .text.__smakebuf_r
                0x0800abe0       0xe0 C:/devkitpro/devkitARM/bin/../lib/gcc/arm-none-eabi/16.1.0/../../../../arm-none-eabi/lib/thumb\libg.a(libc_a-makebuf.o)
                0x0800abe0                __smakebuf_r
 .text._calloc_r
                0x0800acc0       0xcc C:/devkitpro/devkitARM/bin/../lib/gcc/arm-none-eabi/16.1.0/../../../../arm-none-eabi/lib/thumb\libg.a(libc_a-callocr.o)
                0x0800acc0                _calloc_r
 .text.get_arg  0x0800ad8c      0x404 C:/devkitpro/devkitARM/bin/../lib/gcc/arm-none-eabi/16.1.0/../../../../arm-none-eabi/lib/thumb\libg.a(libc_a-vfiprintf.o)
 .text._vfiprintf_r
                0x0800b190     0x16d8 C:/devkitpro/devkitARM/bin/../lib/gcc/arm-none-eabi/16.1.0/../../../../arm-none-eabi/lib/thumb\libg.a(libc_a-vfiprintf.o)
                0x0800b190                _vfiprintf_r
 .text.__sbprintf
                0x0800c868       0x7c C:/devkitpro/devkitARM/bin/../lib/gcc/arm-none-eabi/16.1.0/../../../../arm-none-eabi/lib/thumb\libg.a(libc_a-vfiprintf.o)
 .text._raise_r
                0x0800c8e4       0x60 C:/devkitpro/devkitARM/bin/../lib/gcc/arm-none-eabi/16.1.0/../../../../arm-none-eabi/lib/thumb\libg.a(libc_a-signal.o)
                0x0800c8e4                _raise_r
 .text.raise    0x0800c944       0x14 C:/devkitpro/devkitARM/bin/../lib/gcc/arm-none-eabi/16.1.0/../../../../arm-none-eabi/lib/thumb\libg.a(libc_a-signal.o)
                0x0800c944                raise
 .text._exit    0x0800c958       0x14 C:/devkitpro/devkitARM/bin/../lib/gcc/arm-none-eabi/16.1.0/../../../../arm-none-eabi/lib/thumb\libsysbase.a(libsysbase_libsysbase_a-_exit.o)
                0x0800c958                _exit
 .text._fstat_r
                0x0800c96c       0x5c C:/devkitpro/devkitARM/bin/../lib/gcc/arm-none-eabi/16.1.0/../../../../arm-none-eabi/lib/thumb\libsysbase.a(libsysbase_libsysbase_a-fstat.o)
                0x0800c96c                _fstat_r
 .text._getpid_r
                0x0800c9c8        0xc C:/devkitpro/devkitARM/bin/../lib/gcc/arm-none-eabi/16.1.0/../../../../arm-none-eabi/lib/thumb\libsysbase.a(libsysbase_libsysbase_a-getpid.o)
                0x0800c9c8                _getpid_r
 .text.__getreent
                0x0800c9d4       0x20 C:/devkitpro/devkitARM/bin/../lib/gcc/arm-none-eabi/16.1.0/../../../../arm-none-eabi/lib/thumb\libsysbase.a(libsysbase_libsysbase_a-getreent.o)
                0x0800c9d4                __getreent
 .text.__get_handle
                0x0800c9f4       0x34 C:/devkitpro/devkitARM/bin/../lib/gcc/arm-none-eabi/16.1.0/../../../../arm-none-eabi/lib/thumb\libsysbase.a(libsysbase_libsysbase_a-handle_manager.o)
                0x0800c9f4                __get_handle
 .text._close_r
                0x0800ca28       0xb0 C:/devkitpro/devkitARM/bin/../lib/gcc/arm-none-eabi/16.1.0/../../../../arm-none-eabi/lib/thumb\libsysbase.a(libsysbase_libsysbase_a-handle_manager.o)
                0x0800ca28                _close_r
 .text.null_write
                0x0800cad8        0x4 C:/devkitpro/devkitARM/bin/../lib/gcc/arm-none-eabi/16.1.0/../../../../arm-none-eabi/lib/thumb\libsysbase.a(libsysbase_libsysbase_a-iosupport.o)
 .text._isatty_r
                0x0800cadc        0x4 C:/devkitpro/devkitARM/bin/../lib/gcc/arm-none-eabi/16.1.0/../../../../arm-none-eabi/lib/thumb\libsysbase.a(libsysbase_libsysbase_a-isatty.o)
                0x0800cadc                _isatty_r
 .text._kill_r  0x0800cae0        0xc C:/devkitpro/devkitARM/bin/../lib/gcc/arm-none-eabi/16.1.0/../../../../arm-none-eabi/lib/thumb\libsysbase.a(libsysbase_libsysbase_a-kill.o)
                0x0800cae0                _kill_r
 .text._lseek_r
                0x0800caec       0x64 C:/devkitpro/devkitARM/bin/../lib/gcc/arm-none-eabi/16.1.0/../../../../arm-none-eabi/lib/thumb\libsysbase.a(libsysbase_libsysbase_a-lseek.o)
                0x0800caec                _lseek_r
 .text._read_r  0x0800cb50       0x5c C:/devkitpro/devkitARM/bin/../lib/gcc/arm-none-eabi/16.1.0/../../../../arm-none-eabi/lib/thumb\libsysbase.a(libsysbase_libsysbase_a-read.o)
                0x0800cb50                _read_r
 .text._sbrk_r  0x0800cbac       0x50 C:/devkitpro/devkitARM/bin/../lib/gcc/arm-none-eabi/16.1.0/../../../../arm-none-eabi/lib/thumb\libsysbase.a(libsysbase_libsysbase_a-sbrk.o)
                0x0800cbac                _sbrk_r
 .text.__libc_lock_acquire
                0x0800cbfc       0x18 C:/devkitpro/devkitARM/bin/../lib/gcc/arm-none-eabi/16.1.0/../../../../arm-none-eabi/lib/thumb\libsysbase.a(libsysbase_libsysbase_a-syscall_support.o)
                0x0800cbfc                __libc_lock_acquire
 .text.__libc_lock_release
                0x0800cc14       0x18 C:/devkitpro/devkitARM/bin/../lib/gcc/arm-none-eabi/16.1.0/../../../../arm-none-eabi/lib/thumb\libsysbase.a(libsysbase_libsysbase_a-syscall_support.o)
                0x0800cc14                __libc_lock_release
 .text.__libc_lock_acquire_recursive
                0x0800cc2c       0x18 C:/devkitpro/devkitARM/bin/../lib/gcc/arm-none-eabi/16.1.0/../../../../arm-none-eabi/lib/thumb\libsysbase.a(libsysbase_libsysbase_a-syscall_support.o)
                0x0800cc2c                __libc_lock_acquire_recursive
 .text.__libc_lock_release_recursive
                0x0800cc44       0x18 C:/devkitpro/devkitARM/bin/../lib/gcc/arm-none-eabi/16.1.0/../../../../arm-none-eabi/lib/thumb\libsysbase.a(libsysbase_libsysbase_a-syscall_support.o)
                0x0800cc44                __libc_lock_release_recursive
 .text._write_r
                0x0800cc5c       0x5c C:/devkitpro/devkitARM/bin/../lib/gcc/arm-none-eabi/16.1.0/../../../../arm-none-eabi/lib/thumb\libsysbase.a(libsysbase_libsysbase_a-write.o)
                0x0800cc5c                _write_r
 .text          0x0800ccb8       0x14 C:/devkitpro/devkitARM/bin/../lib/gcc/arm-none-eabi/16.1.0/thumb\libgcc.a(_thumb1_case_uqi.o)
                0x0800ccb8                __gnu_thumb1_case_uqi
 .text          0x0800cccc       0x14 C:/devkitpro/devkitARM/bin/../lib/gcc/arm-none-eabi/16.1.0/thumb\libgcc.a(_thumb1_case_uhi.o)
                0x0800cccc                __gnu_thumb1_case_uhi
 .text          0x0800cce0      0x11c C:/devkitpro/devkitARM/bin/../lib/gcc/arm-none-eabi/16.1.0/thumb\libgcc.a(_udivsi3.o)
                0x0800cce0                __aeabi_uidiv
                0x0800cce0                __udivsi3
                0x0800cddc                __aeabi_uidivmod
 .text          0x0800cdfc      0x49c C:/devkitpro/devkitARM/bin/../lib/gcc/arm-none-eabi/16.1.0/thumb\libgcc.a(_arm_muldivdf3.o)
                0x0800cdfc                __aeabi_dmul
                0x0800cdfc                __muldf3
                0x0800d08c                __divdf3
                0x0800d08c                __aeabi_ddiv
 .text          0x0800d298      0x144 C:/devkitpro/devkitARM/bin/../lib/gcc/arm-none-eabi/16.1.0/thumb\libgcc.a(_arm_cmpdf2.o)
                0x0800d298                __gtdf2
                0x0800d298                __gedf2
                0x0800d2a0                __ltdf2
                0x0800d2a0                __ledf2
                0x0800d2a8                __nedf2
                0x0800d2a8                __eqdf2
                0x0800d2a8                __cmpdf2
                0x0800d330                __aeabi_cdrcmple
                0x0800d34c                __aeabi_cdcmpeq
                0x0800d34c                __aeabi_cdcmple
                0x0800d364                __aeabi_dcmpeq
                0x0800d37c                __aeabi_dcmplt
                0x0800d394                __aeabi_dcmple
                0x0800d3ac                __aeabi_dcmpge
                0x0800d3c4                __aeabi_dcmpgt
 .text          0x0800d3dc       0x38 C:/devkitpro/devkitARM/bin/../lib/gcc/arm-none-eabi/16.1.0/thumb\libgcc.a(_arm_unorddf2.o)
                0x0800d3dc                __unorddf2
                0x0800d3dc                __aeabi_dcmpun
 .text          0x0800d414       0x5c C:/devkitpro/devkitARM/bin/../lib/gcc/arm-none-eabi/16.1.0/thumb\libgcc.a(_arm_fixdfsi.o)
                0x0800d414                __aeabi_d2iz
                0x0800d414                __fixdfsi
 .text          0x0800d470       0x3c C:/devkitpro/devkitARM/bin/../lib/gcc/arm-none-eabi/16.1.0/thumb\libgcc.a(_aeabi_uldivmod.o)
                0x0800d470                __aeabi_uldivmod
 *fill*         0x0800d4ac        0x4 ff
 .text.__stub   0x0800d4b0      0x124 linker stubs
 *(.gnu.linkonce.t.*)
 *(.text.*personality*)
 *(.gnu.warning)
 *(.glue_7t)
 .glue_7t       0x0800d5d4        0x0 linker stubs
 *(.glue_7)
 .glue_7        0x0800d5d4        0x0 linker stubs
 *(.vfp11_veneer)
 .vfp11_veneer  0x0800d5d4        0x0 linker stubs
                0x0800d5d4                        . = ALIGN (0x4)
                0x0800d5e0                        __text_end = .

.v4_bx          0x0800d5e0        0x0
 .v4_bx         0x0800d5e0        0x0 linker stubs

.iplt           0x0800d5e0        0x0
 .iplt          0x0800d5e0        0x0 C:/devkitpro/devkitARM/bin/../lib/gcc/arm-none-eabi/16.1.0/../../../../arm-none-eabi/lib/thumb/gba_crt0.o

.fini           0x0800d5e0        0xc
 *(.fini)
 .fini          0x0800d5e0        0x4 C:/devkitpro/devkitARM/bin/../lib/gcc/arm-none-eabi/16.1.0/thumb/crti.o
                0x0800d5e0                _fini
 .fini          0x0800d5e4        0x8 C:/devkitpro/devkitARM/bin/../lib/gcc/arm-none-eabi/16.1.0/thumb/crtn.o
                0x0800d5ec                        . = ALIGN (0x4)

.rodata         0x0800d5f0     0xaa08
 *(.rodata)
 .rodata        0x0800d5f0     0x9f74 main_gba.o
 *all.rodata*(*)
 *(.roda)
 *(.rodata.*)
 .rodata.str1.4
                0x08017564      0x1e8 main_gba.o
                                 0x13 (size before relaxing)
 .rodata.str1.4
                0x0801774c        0x0 fox_scene.o
                                 0x29 (size before relaxing)
 .rodata.npio2_hw
                0x0801774c       0x80 C:/devkitpro/devkitARM/bin/../lib/gcc/arm-none-eabi/16.1.0/../../../../arm-none-eabi/lib/thumb\libm.a(libm_a-ef_rem_pio2.o)
 .rodata.two_over_pi
                0x080177cc      0x318 C:/devkitpro/devkitARM/bin/../lib/gcc/arm-none-eabi/16.1.0/../../../../arm-none-eabi/lib/thumb\libm.a(libm_a-ef_rem_pio2.o)
 .rodata.PIo2   0x08017ae4       0x2c C:/devkitpro/devkitARM/bin/../lib/gcc/arm-none-eabi/16.1.0/../../../../arm-none-eabi/lib/thumb\libm.a(libm_a-kf_rem_pio2.o)
 .rodata.init_jk
                0x08017b10        0xc C:/devkitpro/devkitARM/bin/../lib/gcc/arm-none-eabi/16.1.0/../../../../arm-none-eabi/lib/thumb\libm.a(libm_a-kf_rem_pio2.o)
 .rodata.tiny   0x08017b1c        0x4 C:/devkitpro/devkitARM/bin/../lib/gcc/arm-none-eabi/16.1.0/../../../../arm-none-eabi/lib/thumb\libm.a(libm_a-ef_sqrt.o)
 .rodata.one    0x08017b20        0x4 C:/devkitpro/devkitARM/bin/../lib/gcc/arm-none-eabi/16.1.0/../../../../arm-none-eabi/lib/thumb\libm.a(libm_a-ef_sqrt.o)
 .rodata._puts_r.str1.4
                0x08017b24        0x0 C:/devkitpro/devkitARM/bin/../lib/gcc/arm-none-eabi/16.1.0/../../../../arm-none-eabi/lib/thumb\libg.a(libc_a-puts.o)
                                  0x2 (size before relaxing)
 .rodata._vfprintf_r.str1.1
                0x08017b24       0x3b C:/devkitpro/devkitARM/bin/../lib/gcc/arm-none-eabi/16.1.0/../../../../arm-none-eabi/lib/thumb\libg.a(libc_a-vfprintf.o)
 *fill*         0x08017b5f        0x1 ff
 .rodata.zeroes.0
                0x08017b60       0x10 C:/devkitpro/devkitARM/bin/../lib/gcc/arm-none-eabi/16.1.0/../../../../arm-none-eabi/lib/thumb\libg.a(libc_a-vfprintf.o)
 .rodata.blanks.1
                0x08017b70       0x10 C:/devkitpro/devkitARM/bin/../lib/gcc/arm-none-eabi/16.1.0/../../../../arm-none-eabi/lib/thumb\libg.a(libc_a-vfprintf.o)
 .rodata.__action_table
                0x08017b80       0x6c C:/devkitpro/devkitARM/bin/../lib/gcc/arm-none-eabi/16.1.0/../../../../arm-none-eabi/lib/thumb\libg.a(libc_a-svfiprintf.o)
                0x08017b80                __action_table
 .rodata.__state_table
                0x08017bec       0x6c C:/devkitpro/devkitARM/bin/../lib/gcc/arm-none-eabi/16.1.0/../../../../arm-none-eabi/lib/thumb\libg.a(libc_a-svfiprintf.o)
                0x08017bec                __state_table
 .rodata.__chclass
                0x08017c58      0x100 C:/devkitpro/devkitARM/bin/../lib/gcc/arm-none-eabi/16.1.0/../../../../arm-none-eabi/lib/thumb\libg.a(libc_a-svfiprintf.o)
                0x08017c58                __chclass
 .rodata.str1.4
                0x08017d58        0x0 C:/devkitpro/devkitARM/bin/../lib/gcc/arm-none-eabi/16.1.0/../../../../arm-none-eabi/lib/thumb\libg.a(libc_a-locale.o)
                                 0x4c (size before relaxing)
 .rodata._dtoa_r.str1.4
                0x08017d58        0x0 C:/devkitpro/devkitARM/bin/../lib/gcc/arm-none-eabi/16.1.0/../../../../arm-none-eabi/lib/thumb\libg.a(libc_a-dtoa.o)
                                 0x9c (size before relaxing)
 .rodata._ctype_
                0x08017d58      0x101 C:/devkitpro/devkitARM/bin/../lib/gcc/arm-none-eabi/16.1.0/../../../../arm-none-eabi/lib/thumb\libg.a(libc_a-ctype_.o)
                0x08017d58                _ctype_
 .rodata.__assert_func.str1.4
                0x08017e59        0x0 C:/devkitpro/devkitARM/bin/../lib/gcc/arm-none-eabi/16.1.0/../../../../arm-none-eabi/lib/thumb\libg.a(libc_a-assert.o)
                                 0x43 (size before relaxing)
 .rodata.__multadd.str1.4
                0x08017e59        0x0 C:/devkitpro/devkitARM/bin/../lib/gcc/arm-none-eabi/16.1.0/../../../../arm-none-eabi/lib/thumb\libg.a(libc_a-mprec.o)
                                 0x89 (size before relaxing)
 *fill*         0x08017e59        0x3 ff
 .rodata.p05.0  0x08017e5c        0xc C:/devkitpro/devkitARM/bin/../lib/gcc/arm-none-eabi/16.1.0/../../../../arm-none-eabi/lib/thumb\libg.a(libc_a-mprec.o)
 .rodata.__mprec_bigtens
                0x08017e68       0x28 C:/devkitpro/devkitARM/bin/../lib/gcc/arm-none-eabi/16.1.0/../../../../arm-none-eabi/lib/thumb\libg.a(libc_a-mprec.o)
                0x08017e68                __mprec_bigtens
 .rodata.__mprec_tens
                0x08017e90       0xc8 C:/devkitpro/devkitARM/bin/../lib/gcc/arm-none-eabi/16.1.0/../../../../arm-none-eabi/lib/thumb\libg.a(libc_a-mprec.o)
                0x08017e90                __mprec_tens
 .rodata._vfiprintf_r.str1.1
                0x08017f58        0x0 C:/devkitpro/devkitARM/bin/../lib/gcc/arm-none-eabi/16.1.0/../../../../arm-none-eabi/lib/thumb\libg.a(libc_a-vfiprintf.o)
                                 0x29 (size before relaxing)
 .rodata.zeroes.0
                0x08017f58       0x10 C:/devkitpro/devkitARM/bin/../lib/gcc/arm-none-eabi/16.1.0/../../../../arm-none-eabi/lib/thumb\libg.a(libc_a-vfiprintf.o)
 .rodata.blanks.1
                0x08017f68       0x10 C:/devkitpro/devkitARM/bin/../lib/gcc/arm-none-eabi/16.1.0/../../../../arm-none-eabi/lib/thumb\libg.a(libc_a-vfiprintf.o)
 .rodata.str1.4
                0x08017f78        0x0 C:/devkitpro/devkitARM/bin/../lib/gcc/arm-none-eabi/16.1.0/../../../../arm-none-eabi/lib/thumb\libsysbase.a(libsysbase_libsysbase_a-iosupport.o)
                                  0x8 (size before relaxing)
 .rodata.dotab_stdnull
                0x08017f78       0x80 C:/devkitpro/devkitARM/bin/../lib/gcc/arm-none-eabi/16.1.0/../../../../arm-none-eabi/lib/thumb\libsysbase.a(libsysbase_libsysbase_a-iosupport.o)
                0x08017f78                dotab_stdnull
 *(.gnu.linkonce.r*)
                0x08017ff8                        . = ALIGN (0x4)

.ARM.extab
 *(.ARM.extab* .gnu.linkonce.armextab.*)
                0x08017ff8                        __exidx_start = .

.ARM.exidx
 *(.ARM.exidx* .gnu.linkonce.armexidx.*)
                0x08017ff8                        __exidx_end = .

.ctors          0x08017ff8        0x0
 *crtbegin.o(.ctors)
 *(EXCLUDE_FILE(*crtend.o) .ctors)
 *(SORT_BY_NAME(.ctors.*))
 *(.ctors)
                0x08017ff8                        . = ALIGN (0x4)

.dtors          0x08017ff8        0x0
 *crtbegin.o(.dtors)
 *(EXCLUDE_FILE(*crtend.o) .dtors)
 *(SORT_BY_NAME(.dtors.*))
 *(.dtors)
                0x08017ff8                        . = ALIGN (0x4)

.eh_frame       0x08017ff8        0x4
 *(.eh_frame)
 .eh_frame      0x08017ff8        0x0 C:/devkitpro/devkitARM/bin/../lib/gcc/arm-none-eabi/16.1.0/thumb/crtbegin.o
 .eh_frame      0x08017ff8        0x4 C:/devkitpro/devkitARM/bin/../lib/gcc/arm-none-eabi/16.1.0/thumb/crtend.o
                0x08017ffc                        . = ALIGN (0x4)

.gcc_except_table
                0x08017ffc        0x0
 *(.gcc_except_table)
                0x08017ffc                        . = ALIGN (0x4)
                0x08017ffc                        __iwram_lma = .

.iwram          0x03000000       0xb8 load address 0x08017ffc
                0x03000000                        __iwram_start__ = ABSOLUTE (.)
 *(.iwram .iwram*)
 .iwram         0x03000000       0xb8 C:/devkitpro/libgba/lib\libgba.a(InterruptDispatcher.o)
                0x03000000                IntrMain
 *iwram.*(.text* .data*)
                0x030000b8                        . = ALIGN (0x4)
                0x030000b8                        __iwram_end__ = ABSOLUTE (.)
                0x080180b4                        __data_lma = (__iwram_lma + SIZEOF (.iwram))

.bss            0x030000b8     0x12c0
                0x030000b8                        __bss_start = ABSOLUTE (.)
                0x030000b8                        __bss_start__ = ABSOLUTE (.)
 *(.dynbss)
 *(.gnu.linkonce.b*)
 *(.bss*)
 .bss.completed.1
                0x030000b8        0x1 C:/devkitpro/devkitARM/bin/../lib/gcc/arm-none-eabi/16.1.0/thumb/crtbegin.o
 *fill*         0x030000b9        0x3 
 .bss.object.0  0x030000bc       0x18 C:/devkitpro/devkitARM/bin/../lib/gcc/arm-none-eabi/16.1.0/thumb/crtbegin.o
 .bss           0x030000d4       0x60 main_gba.o
                0x030000d4                buffer
                0x030000d8                cam
                0x03000128                interlace
                0x0300012c                inputs
 .bss           0x03000134     0x1004 fox_scene.o
                0x03000138                sinTable
 .bss           0x03001138       0x78 C:/devkitpro/libgba/lib\libgba.a(interrupt.o)
                0x03001138                IntrTable
 .bss.__malloc_current_mallinfo
                0x030011b0       0x28 C:/devkitpro/devkitARM/bin/../lib/gcc/arm-none-eabi/16.1.0/../../../../arm-none-eabi/lib/thumb\libg.a(libc_a-mallocr.o)
                0x030011b0                __malloc_current_mallinfo
 .bss.__malloc_max_total_mem
                0x030011d8        0x4 C:/devkitpro/devkitARM/bin/../lib/gcc/arm-none-eabi/16.1.0/../../../../arm-none-eabi/lib/thumb\libg.a(libc_a-mallocr.o)
                0x030011d8                __malloc_max_total_mem
 .bss.__malloc_max_sbrked_mem
                0x030011dc        0x4 C:/devkitpro/devkitARM/bin/../lib/gcc/arm-none-eabi/16.1.0/../../../../arm-none-eabi/lib/thumb\libg.a(libc_a-mallocr.o)
                0x030011dc                __malloc_max_sbrked_mem
 .bss.__malloc_top_pad
                0x030011e0        0x4 C:/devkitpro/devkitARM/bin/../lib/gcc/arm-none-eabi/16.1.0/../../../../arm-none-eabi/lib/thumb\libg.a(libc_a-mallocr.o)
                0x030011e0                __malloc_top_pad
 .bss.__sfp_recursive_mutex
                0x030011e4        0xc C:/devkitpro/devkitARM/bin/../lib/gcc/arm-none-eabi/16.1.0/../../../../arm-none-eabi/lib/thumb\libg.a(libc_a-findfp.o)
 .bss.__sf      0x030011f0      0x168 C:/devkitpro/devkitARM/bin/../lib/gcc/arm-none-eabi/16.1.0/../../../../arm-none-eabi/lib/thumb\libg.a(libc_a-findfp.o)
                0x030011f0                __sf
 .bss.__stdio_exit_handler
                0x03001358        0x4 C:/devkitpro/devkitARM/bin/../lib/gcc/arm-none-eabi/16.1.0/../../../../arm-none-eabi/lib/thumb\libg.a(libc_a-findfp.o)
                0x03001358                __stdio_exit_handler
 .bss.__malloc_recursive_mutex
                0x0300135c        0xc C:/devkitpro/devkitARM/bin/../lib/gcc/arm-none-eabi/16.1.0/../../../../arm-none-eabi/lib/thumb\libg.a(libc_a-mlock.o)
 .bss.__hndl_lock
                0x03001368        0x4 C:/devkitpro/devkitARM/bin/../lib/gcc/arm-none-eabi/16.1.0/../../../../arm-none-eabi/lib/thumb\libsysbase.a(libsysbase_libsysbase_a-handle_manager.o)
 .bss.fake_heap_start
                0x0300136c        0x4 C:/devkitpro/devkitARM/bin/../lib/gcc/arm-none-eabi/16.1.0/../../../../arm-none-eabi/lib/thumb\libsysbase.a(libsysbase_libsysbase_a-malloc_vars.o)
                0x0300136c                fake_heap_start
 .bss.fake_heap_end
                0x03001370        0x4 C:/devkitpro/devkitARM/bin/../lib/gcc/arm-none-eabi/16.1.0/../../../../arm-none-eabi/lib/thumb\libsysbase.a(libsysbase_libsysbase_a-malloc_vars.o)
                0x03001370                fake_heap_end
 .bss.heap_start.0
                0x03001374        0x4 C:/devkitpro/devkitARM/bin/../lib/gcc/arm-none-eabi/16.1.0/../../../../arm-none-eabi/lib/thumb\libsysbase.a(libsysbase_libsysbase_a-sbrk.o)
 *(COMMON)
                0x03001378                        . = ALIGN (0x4)
                0x03001378                        __bss_end__ = ABSOLUTE (.)

.data           0x03001378     0x1928 load address 0x080180b4
                0x03001378                        __data_start__ = ABSOLUTE (.)
 *(.data*)
 .data.__global_locale
                0x03001378      0x254 C:/devkitpro/devkitARM/bin/../lib/gcc/arm-none-eabi/16.1.0/../../../../arm-none-eabi/lib/thumb\libg.a(libc_a-locale.o)
                0x03001378                __global_locale
 .data.__malloc_sbrk_base
                0x030015cc        0x4 C:/devkitpro/devkitARM/bin/../lib/gcc/arm-none-eabi/16.1.0/../../../../arm-none-eabi/lib/thumb\libg.a(libc_a-mallocr.o)
                0x030015cc                __malloc_sbrk_base
 .data.__malloc_trim_threshold
                0x030015d0        0x4 C:/devkitpro/devkitARM/bin/../lib/gcc/arm-none-eabi/16.1.0/../../../../arm-none-eabi/lib/thumb\libg.a(libc_a-mallocr.o)
                0x030015d0                __malloc_trim_threshold
 *fill*         0x030015d4        0x4 ff
 .data.__malloc_av_
                0x030015d8      0x408 C:/devkitpro/devkitARM/bin/../lib/gcc/arm-none-eabi/16.1.0/../../../../arm-none-eabi/lib/thumb\libg.a(libc_a-mallocr.o)
                0x030015d8                __malloc_av_
 .data.__sglue  0x030019e0        0xc C:/devkitpro/devkitARM/bin/../lib/gcc/arm-none-eabi/16.1.0/../../../../arm-none-eabi/lib/thumb\libg.a(libc_a-findfp.o)
                0x030019e0                __sglue
 .data._impure_ptr
                0x030019ec        0x4 C:/devkitpro/devkitARM/bin/../lib/gcc/arm-none-eabi/16.1.0/../../../../arm-none-eabi/lib/thumb\libg.a(libc_a-impure.o)
                0x030019ec                _impure_ptr
 .data._impure_data
                0x030019f0      0x200 C:/devkitpro/devkitARM/bin/../lib/gcc/arm-none-eabi/16.1.0/../../../../arm-none-eabi/lib/thumb\libg.a(libc_a-impure.o)
                0x030019f0                _impure_data
 .data.handles  0x03001bf0     0x1000 C:/devkitpro/devkitARM/bin/../lib/gcc/arm-none-eabi/16.1.0/../../../../arm-none-eabi/lib/thumb\libsysbase.a(libsysbase_libsysbase_a-handle_manager.o)
 .data.__stderr_handle
                0x03002bf0        0xc C:/devkitpro/devkitARM/bin/../lib/gcc/arm-none-eabi/16.1.0/../../../../arm-none-eabi/lib/thumb\libsysbase.a(libsysbase_libsysbase_a-handle_manager.o)
 .data.__stdout_handle
                0x03002bfc        0xc C:/devkitpro/devkitARM/bin/../lib/gcc/arm-none-eabi/16.1.0/../../../../arm-none-eabi/lib/thumb\libsysbase.a(libsysbase_libsysbase_a-handle_manager.o)
 .data.__stdin_handle
                0x03002c08        0xc C:/devkitpro/devkitARM/bin/../lib/gcc/arm-none-eabi/16.1.0/../../../../arm-none-eabi/lib/thumb\libsysbase.a(libsysbase_libsysbase_a-handle_manager.o)
 .data.devoptab_list
                0x03002c14       0x8c C:/devkitpro/devkitARM/bin/../lib/gcc/arm-none-eabi/16.1.0/../../../../arm-none-eabi/lib/thumb\libsysbase.a(libsysbase_libsysbase_a-iosupport.o)
                0x03002c14                devoptab_list
 *(.gnu.linkonce.d*)
                0x03002ca0                        . = ALIGN (0x4)
                0x080199dc                        __preinit_lma = (__data_lma + SIZEOF (.data))

.igot.plt       0x03002ca0        0x0 load address 0x080199dc
 .igot.plt      0x03002ca0        0x0 C:/devkitpro/devkitARM/bin/../lib/gcc/arm-none-eabi/16.1.0/../../../../arm-none-eabi/lib/thumb/gba_crt0.o

.preinit_array  0x03002ca0        0x0 load address 0x080199dc
                0x03002ca0                        __preinit_array_start = ABSOLUTE (.)
 *(.preinit_array)
                0x03002ca0                        __preinit_array_end = ABSOLUTE (.)
                0x080199dc                        __init_lma = (__preinit_lma + SIZEOF (.preinit_array))

.init_array     0x03002ca0        0x4 load address 0x080199dc
                0x03002ca0                        __init_array_start = ABSOLUTE (.)
 *(SORT_BY_NAME(.init_array.*))
 *(.init_array)
 .init_array    0x03002ca0        0x4 C:/devkitpro/devkitARM/bin/../lib/gcc/arm-none-eabi/16.1.0/thumb/crtbegin.o
                0x03002ca4                        __init_array_end = ABSOLUTE (.)
                0x080199e0                        __fini_lma = (__init_lma + SIZEOF (.init_array))

.fini_array     0x03002ca4        0x4 load address 0x080199e0
                0x03002ca4                        __fini_array_start = ABSOLUTE (.)
 *(SORT_BY_NAME(.fini_array.*))
 *(.fini_array)
 .fini_array    0x03002ca4        0x4 C:/devkitpro/devkitARM/bin/../lib/gcc/arm-none-eabi/16.1.0/thumb/crtbegin.o
                0x03002ca8                        __fini_array_end = ABSOLUTE (.)
                0x080199e4                        __jcr_lma = (__fini_lma + SIZEOF (.fini_array))

.jcr
 *(.jcr)
                0x03002ca8                        __data_end__ = ABSOLUTE (.)
                0x080199e4                        __iwram_overlay_lma = (__jcr_lma + SIZEOF (.jcr))
                0x03002ca8                        __iwram_overlay_start = .

.iwram0         0x03002ca8        0x0 load address 0x080199e4
 *(.iwram0)
                0x03002ca8                        . = ALIGN (0x4)
                0x080199e4                        PROVIDE (__load_start_iwram0 = LOADADDR (.iwram0))
                0x080199e4                        PROVIDE (__load_stop_iwram0 = (LOADADDR (.iwram0) + SIZEOF (.iwram0)))

.iwram1         0x03002ca8        0x0
 *(.iwram1)
                0x03002ca8                        . = ALIGN (0x4)
                [!provide]                        PROVIDE (__load_start_iwram1 = LOADADDR (.iwram1))
                [!provide]                        PROVIDE (__load_stop_iwram1 = (LOADADDR (.iwram1) + SIZEOF (.iwram1)))

.iwram2         0x03002ca8        0x0
 *(.iwram2)
                0x03002ca8                        . = ALIGN (0x4)
                [!provide]                        PROVIDE (__load_start_iwram2 = LOADADDR (.iwram2))
                [!provide]                        PROVIDE (__load_stop_iwram2 = (LOADADDR (.iwram2) + SIZEOF (.iwram2)))

.iwram3         0x03002ca8        0x0
 *(.iwram3)
                0x03002ca8                        . = ALIGN (0x4)
                [!provide]                        PROVIDE (__load_start_iwram3 = LOADADDR (.iwram3))
                [!provide]                        PROVIDE (__load_stop_iwram3 = (LOADADDR (.iwram3) + SIZEOF (.iwram3)))

.iwram4         0x03002ca8        0x0
 *(.iwram4)
                0x03002ca8                        . = ALIGN (0x4)
                [!provide]                        PROVIDE (__load_start_iwram4 = LOADADDR (.iwram4))
                [!provide]                        PROVIDE (__load_stop_iwram4 = (LOADADDR (.iwram4) + SIZEOF (.iwram4)))

.iwram5         0x03002ca8        0x0
 *(.iwram5)
                0x03002ca8                        . = ALIGN (0x4)
                [!provide]                        PROVIDE (__load_start_iwram5 = LOADADDR (.iwram5))
                [!provide]                        PROVIDE (__load_stop_iwram5 = (LOADADDR (.iwram5) + SIZEOF (.iwram5)))

.iwram6         0x03002ca8        0x0
 *(.iwram6)
                0x03002ca8                        . = ALIGN (0x4)
                [!provide]                        PROVIDE (__load_start_iwram6 = LOADADDR (.iwram6))
                [!provide]                        PROVIDE (__load_stop_iwram6 = (LOADADDR (.iwram6) + SIZEOF (.iwram6)))

.iwram7         0x03002ca8        0x0
 *(.iwram7)
                0x03002ca8                        . = ALIGN (0x4)
                [!provide]                        PROVIDE (__load_start_iwram7 = LOADADDR (.iwram7))
                [!provide]                        PROVIDE (__load_stop_iwram7 = (LOADADDR (.iwram7) + SIZEOF (.iwram7)))

.iwram8         0x03002ca8        0x0
 *(.iwram8)
                0x03002ca8                        . = ALIGN (0x4)
                [!provide]                        PROVIDE (__load_start_iwram8 = LOADADDR (.iwram8))
                [!provide]                        PROVIDE (__load_stop_iwram8 = (LOADADDR (.iwram8) + SIZEOF (.iwram8)))

.iwram9         0x03002ca8        0x0
 *(.iwram9)
                0x03002ca8                        . = ALIGN (0x4)
                [!provide]                        PROVIDE (__load_start_iwram9 = LOADADDR (.iwram9))
                [!provide]                        PROVIDE (__load_stop_iwram9 = (LOADADDR (.iwram9) + SIZEOF (.iwram9)))
                0x03002ca8                        __iwram_overlay_end = .
                0x080199e4                        __ewram_lma = (__iwram_overlay_lma + (__iwram_overlay_end - __iwram_overlay_start))
                0x03002ca8                        __iheap_start = .
                0x02000000                        __ewram_start = ORIGIN (ewram)

.ewram          0x02000000        0x0 load address 0x080199e4
 *(.ewram*)
                0x02000000                        . = ALIGN (0x4)
                0x02000000                        __ewram_end = ABSOLUTE (.)
                0x080199e4                        __pad_lma = (__ewram_lma + SIZEOF (.ewram))

.sbss           0x02000000     0x1790
                0x02000000                        __sbss_start__ = ABSOLUTE (.)
 *(.sbss*)
 .sbss          0x02000000       0x18 main_gba.o
                0x02000000                map
 .sbss          0x02000018     0x1778 fox_scene.o
                0x02001790                        . = ALIGN (0x4)
                0x02001790                        __sbss_end__ = ABSOLUTE (.)
                0x02001790                        __end__ = ABSOLUTE (.)
                0x02001790                        __eheap_start = ABSOLUTE (.)

.pad            0x02001790        0x8 load address 0x080199e4
                0x02001790        0x4 LONG 0x52416b64
                0x02001794        0x4 LONG 0x4d
                0x02001798                        . = ALIGN (0x4)
                0x080199ec                        __rom_end__ = (__pad_lma + SIZEOF (.pad))

.rel.dyn        0x02001798        0x0 load address 0x080199ec
 .rel.iplt      0x02001798        0x0 C:/devkitpro/devkitARM/bin/../lib/gcc/arm-none-eabi/16.1.0/../../../../arm-none-eabi/lib/thumb/gba_crt0.o

.stab
 *(.stab)

.stabstr
 *(.stabstr)

.stab.excl
 *(.stab.excl)

.stab.exclstr
 *(.stab.exclstr)

.stab.index
 *(.stab.index)

.stab.indexstr
 *(.stab.indexstr)

.comment        0x00000000       0x3b
 *(.comment)
 .comment       0x00000000       0x3b C:/devkitpro/devkitARM/bin/../lib/gcc/arm-none-eabi/16.1.0/thumb/crtbegin.o
                                 0x19 (size before relaxing)
 .comment       0x0000003b        0x0 main_gba.o
                                 0x19 (size before relaxing)
 .comment       0x0000003b        0x0 fox_draw.o
                                 0x19 (size before relaxing)
 .comment       0x0000003b        0x0 fox_scene.o
                                 0x19 (size before relaxing)
 .comment       0x0000003b        0x0 C:/devkitpro/libgba/lib\libgba.a(interrupt.o)
                                 0x24 (size before relaxing)
 .comment       0x0000003b        0x0 C:/devkitpro/devkitARM/bin/../lib/gcc/arm-none-eabi/16.1.0/thumb\libgcc.a(_muldi3.o)
                                 0x19 (size before relaxing)
 .comment       0x0000003b        0x0 C:/devkitpro/devkitARM/bin/../lib/gcc/arm-none-eabi/16.1.0/thumb\libgcc.a(_udivmoddi4.o)
                                 0x19 (size before relaxing)
 .comment       0x0000003b        0x0 C:/devkitpro/devkitARM/bin/../lib/gcc/arm-none-eabi/16.1.0/thumb/crtend.o
                                 0x19 (size before relaxing)

.debug
 *(.debug)

.line
 *(.line)

.debug_srcinfo
 *(.debug_srcinfo)

.debug_sfnames
 *(.debug_sfnames)

.debug_aranges  0x00000000      0x360
 *(.debug_aranges)
 .debug_aranges
                0x00000000       0x20 main_gba.o
 .debug_aranges
                0x00000020       0x20 fox_draw.o
 .debug_aranges
                0x00000040       0x20 fox_scene.o
 .debug_aranges
                0x00000060       0x20 C:/devkitpro/libgba/lib\libgba.a(interrupt.o)
 .debug_aranges
                0x00000080       0x20 C:/devkitpro/libgba/lib\libgba.a(InterruptDispatcher.o)
 .debug_aranges
                0x000000a0       0x20 C:/devkitpro/devkitARM/bin/../lib/gcc/arm-none-eabi/16.1.0/thumb\libgcc.a(_divsi3.o)
 .debug_aranges
                0x000000c0       0x20 C:/devkitpro/devkitARM/bin/../lib/gcc/arm-none-eabi/16.1.0/thumb\libgcc.a(_dvmd_tls.o)
 .debug_aranges
                0x000000e0       0x20 C:/devkitpro/devkitARM/bin/../lib/gcc/arm-none-eabi/16.1.0/thumb\libgcc.a(_arm_addsubdf3.o)
 .debug_aranges
                0x00000100       0x20 C:/devkitpro/devkitARM/bin/../lib/gcc/arm-none-eabi/16.1.0/thumb\libgcc.a(_arm_truncdfsf2.o)
 .debug_aranges
                0x00000120       0x20 C:/devkitpro/devkitARM/bin/../lib/gcc/arm-none-eabi/16.1.0/thumb\libgcc.a(_arm_addsubsf3.o)
 .debug_aranges
                0x00000140       0x20 C:/devkitpro/devkitARM/bin/../lib/gcc/arm-none-eabi/16.1.0/thumb\libgcc.a(_arm_muldivsf3.o)
 .debug_aranges
                0x00000160       0x20 C:/devkitpro/devkitARM/bin/../lib/gcc/arm-none-eabi/16.1.0/thumb\libgcc.a(_arm_cmpsf2.o)
 .debug_aranges
                0x00000180       0x20 C:/devkitpro/devkitARM/bin/../lib/gcc/arm-none-eabi/16.1.0/thumb\libgcc.a(_arm_unordsf2.o)
 .debug_aranges
                0x000001a0       0x20 C:/devkitpro/devkitARM/bin/../lib/gcc/arm-none-eabi/16.1.0/thumb\libgcc.a(_arm_fixsfsi.o)
 .debug_aranges
                0x000001c0       0x20 C:/devkitpro/devkitARM/bin/../lib/gcc/arm-none-eabi/16.1.0/thumb\libgcc.a(_aeabi_ldivmod.o)
 .debug_aranges
                0x000001e0       0x20 C:/devkitpro/devkitARM/bin/../lib/gcc/arm-none-eabi/16.1.0/thumb\libgcc.a(_muldi3.o)
 .debug_aranges
                0x00000200       0x20 C:/devkitpro/devkitARM/bin/../lib/gcc/arm-none-eabi/16.1.0/thumb\libgcc.a(_udivmoddi4.o)
 .debug_aranges
                0x00000220       0x20 C:/devkitpro/devkitARM/bin/../lib/gcc/arm-none-eabi/16.1.0/thumb\libgcc.a(_clzdi2.o)
 .debug_aranges
                0x00000240       0x20 C:/devkitpro/devkitARM/bin/../lib/gcc/arm-none-eabi/16.1.0/thumb\libgcc.a(_clzsi2.o)
 .debug_aranges
                0x00000260       0x20 C:/devkitpro/devkitARM/bin/../lib/gcc/arm-none-eabi/16.1.0/thumb\libgcc.a(_thumb1_case_uqi.o)
 .debug_aranges
                0x00000280       0x20 C:/devkitpro/devkitARM/bin/../lib/gcc/arm-none-eabi/16.1.0/thumb\libgcc.a(_thumb1_case_uhi.o)
 .debug_aranges
                0x000002a0       0x20 C:/devkitpro/devkitARM/bin/../lib/gcc/arm-none-eabi/16.1.0/thumb\libgcc.a(_udivsi3.o)
 .debug_aranges
                0x000002c0       0x20 C:/devkitpro/devkitARM/bin/../lib/gcc/arm-none-eabi/16.1.0/thumb\libgcc.a(_arm_muldivdf3.o)
 .debug_aranges
                0x000002e0       0x20 C:/devkitpro/devkitARM/bin/../lib/gcc/arm-none-eabi/16.1.0/thumb\libgcc.a(_arm_cmpdf2.o)
 .debug_aranges
                0x00000300       0x20 C:/devkitpro/devkitARM/bin/../lib/gcc/arm-none-eabi/16.1.0/thumb\libgcc.a(_arm_unorddf2.o)
 .debug_aranges
                0x00000320       0x20 C:/devkitpro/devkitARM/bin/../lib/gcc/arm-none-eabi/16.1.0/thumb\libgcc.a(_arm_fixdfsi.o)
 .debug_aranges
                0x00000340       0x20 C:/devkitpro/devkitARM/bin/../lib/gcc/arm-none-eabi/16.1.0/thumb\libgcc.a(_aeabi_uldivmod.o)

.debug_pubnames
 *(.debug_pubnames)

.debug_info     0x00000000     0x5eee
 *(.debug_info)
 .debug_info    0x00000000     0x1868 main_gba.o
 .debug_info    0x00001868      0xa1d fox_draw.o
 .debug_info    0x00002285     0x295d fox_scene.o
 .debug_info    0x00004be2      0x418 C:/devkitpro/libgba/lib\libgba.a(interrupt.o)
 .debug_info    0x00004ffa       0x25 C:/devkitpro/libgba/lib\libgba.a(InterruptDispatcher.o)
 .debug_info    0x0000501f       0x3e C:/devkitpro/devkitARM/bin/../lib/gcc/arm-none-eabi/16.1.0/thumb\libgcc.a(_divsi3.o)
 .debug_info    0x0000505d       0x3c C:/devkitpro/devkitARM/bin/../lib/gcc/arm-none-eabi/16.1.0/thumb\libgcc.a(_dvmd_tls.o)
 .debug_info    0x00005099       0xd3 C:/devkitpro/devkitARM/bin/../lib/gcc/arm-none-eabi/16.1.0/thumb\libgcc.a(_arm_addsubdf3.o)
 .debug_info    0x0000516c       0x3f C:/devkitpro/devkitARM/bin/../lib/gcc/arm-none-eabi/16.1.0/thumb\libgcc.a(_arm_truncdfsf2.o)
 .debug_info    0x000051ab       0xcc C:/devkitpro/devkitARM/bin/../lib/gcc/arm-none-eabi/16.1.0/thumb\libgcc.a(_arm_addsubsf3.o)
 .debug_info    0x00005277       0x57 C:/devkitpro/devkitARM/bin/../lib/gcc/arm-none-eabi/16.1.0/thumb\libgcc.a(_arm_muldivsf3.o)
 .debug_info    0x000052ce       0xdb C:/devkitpro/devkitARM/bin/../lib/gcc/arm-none-eabi/16.1.0/thumb\libgcc.a(_arm_cmpsf2.o)
 .debug_info    0x000053a9       0x3c C:/devkitpro/devkitARM/bin/../lib/gcc/arm-none-eabi/16.1.0/thumb\libgcc.a(_arm_unordsf2.o)
 .debug_info    0x000053e5       0x3c C:/devkitpro/devkitARM/bin/../lib/gcc/arm-none-eabi/16.1.0/thumb\libgcc.a(_arm_fixsfsi.o)
 .debug_info    0x00005421       0x25 C:/devkitpro/devkitARM/bin/../lib/gcc/arm-none-eabi/16.1.0/thumb\libgcc.a(_aeabi_ldivmod.o)
 .debug_info    0x00005446      0x427 C:/devkitpro/devkitARM/bin/../lib/gcc/arm-none-eabi/16.1.0/thumb\libgcc.a(_muldi3.o)
 .debug_info    0x0000586d      0x3aa C:/devkitpro/devkitARM/bin/../lib/gcc/arm-none-eabi/16.1.0/thumb\libgcc.a(_udivmoddi4.o)
 .debug_info    0x00005c17       0x31 C:/devkitpro/devkitARM/bin/../lib/gcc/arm-none-eabi/16.1.0/thumb\libgcc.a(_clzdi2.o)
 .debug_info    0x00005c48       0x31 C:/devkitpro/devkitARM/bin/../lib/gcc/arm-none-eabi/16.1.0/thumb\libgcc.a(_clzsi2.o)
 .debug_info    0x00005c79       0x31 C:/devkitpro/devkitARM/bin/../lib/gcc/arm-none-eabi/16.1.0/thumb\libgcc.a(_thumb1_case_uqi.o)
 .debug_info    0x00005caa       0x31 C:/devkitpro/devkitARM/bin/../lib/gcc/arm-none-eabi/16.1.0/thumb\libgcc.a(_thumb1_case_uhi.o)
 .debug_info    0x00005cdb       0x3e C:/devkitpro/devkitARM/bin/../lib/gcc/arm-none-eabi/16.1.0/thumb\libgcc.a(_udivsi3.o)
 .debug_info    0x00005d19       0x57 C:/devkitpro/devkitARM/bin/../lib/gcc/arm-none-eabi/16.1.0/thumb\libgcc.a(_arm_muldivdf3.o)
 .debug_info    0x00005d70       0xe2 C:/devkitpro/devkitARM/bin/../lib/gcc/arm-none-eabi/16.1.0/thumb\libgcc.a(_arm_cmpdf2.o)
 .debug_info    0x00005e52       0x3c C:/devkitpro/devkitARM/bin/../lib/gcc/arm-none-eabi/16.1.0/thumb\libgcc.a(_arm_unorddf2.o)
 .debug_info    0x00005e8e       0x3c C:/devkitpro/devkitARM/bin/../lib/gcc/arm-none-eabi/16.1.0/thumb\libgcc.a(_arm_fixdfsi.o)
 .debug_info    0x00005eca       0x24 C:/devkitpro/devkitARM/bin/../lib/gcc/arm-none-eabi/16.1.0/thumb\libgcc.a(_aeabi_uldivmod.o)

.debug_abbrev   0x00000000     0x1134
 *(.debug_abbrev)
 .debug_abbrev  0x00000000      0x39e main_gba.o
 .debug_abbrev  0x0000039e      0x207 fox_draw.o
 .debug_abbrev  0x000005a5      0x3e8 fox_scene.o
 .debug_abbrev  0x0000098d      0x21f C:/devkitpro/libgba/lib\libgba.a(interrupt.o)
 .debug_abbrev  0x00000bac       0x14 C:/devkitpro/libgba/lib\libgba.a(InterruptDispatcher.o)
 .debug_abbrev  0x00000bc0       0x28 C:/devkitpro/devkitARM/bin/../lib/gcc/arm-none-eabi/16.1.0/thumb\libgcc.a(_divsi3.o)
 .debug_abbrev  0x00000be8       0x26 C:/devkitpro/devkitARM/bin/../lib/gcc/arm-none-eabi/16.1.0/thumb\libgcc.a(_dvmd_tls.o)
 .debug_abbrev  0x00000c0e       0x28 C:/devkitpro/devkitARM/bin/../lib/gcc/arm-none-eabi/16.1.0/thumb\libgcc.a(_arm_addsubdf3.o)
 .debug_abbrev  0x00000c36       0x28 C:/devkitpro/devkitARM/bin/../lib/gcc/arm-none-eabi/16.1.0/thumb\libgcc.a(_arm_truncdfsf2.o)
 .debug_abbrev  0x00000c5e       0x28 C:/devkitpro/devkitARM/bin/../lib/gcc/arm-none-eabi/16.1.0/thumb\libgcc.a(_arm_addsubsf3.o)
 .debug_abbrev  0x00000c86       0x28 C:/devkitpro/devkitARM/bin/../lib/gcc/arm-none-eabi/16.1.0/thumb\libgcc.a(_arm_muldivsf3.o)
 .debug_abbrev  0x00000cae       0x28 C:/devkitpro/devkitARM/bin/../lib/gcc/arm-none-eabi/16.1.0/thumb\libgcc.a(_arm_cmpsf2.o)
 .debug_abbrev  0x00000cd6       0x28 C:/devkitpro/devkitARM/bin/../lib/gcc/arm-none-eabi/16.1.0/thumb\libgcc.a(_arm_unordsf2.o)
 .debug_abbrev  0x00000cfe       0x28 C:/devkitpro/devkitARM/bin/../lib/gcc/arm-none-eabi/16.1.0/thumb\libgcc.a(_arm_fixsfsi.o)
 .debug_abbrev  0x00000d26       0x14 C:/devkitpro/devkitARM/bin/../lib/gcc/arm-none-eabi/16.1.0/thumb\libgcc.a(_aeabi_ldivmod.o)
 .debug_abbrev  0x00000d3a      0x158 C:/devkitpro/devkitARM/bin/../lib/gcc/arm-none-eabi/16.1.0/thumb\libgcc.a(_muldi3.o)
 .debug_abbrev  0x00000e92      0x126 C:/devkitpro/devkitARM/bin/../lib/gcc/arm-none-eabi/16.1.0/thumb\libgcc.a(_udivmoddi4.o)
 .debug_abbrev  0x00000fb8       0x28 C:/devkitpro/devkitARM/bin/../lib/gcc/arm-none-eabi/16.1.0/thumb\libgcc.a(_clzdi2.o)
 .debug_abbrev  0x00000fe0       0x28 C:/devkitpro/devkitARM/bin/../lib/gcc/arm-none-eabi/16.1.0/thumb\libgcc.a(_clzsi2.o)
 .debug_abbrev  0x00001008       0x28 C:/devkitpro/devkitARM/bin/../lib/gcc/arm-none-eabi/16.1.0/thumb\libgcc.a(_thumb1_case_uqi.o)
 .debug_abbrev  0x00001030       0x28 C:/devkitpro/devkitARM/bin/../lib/gcc/arm-none-eabi/16.1.0/thumb\libgcc.a(_thumb1_case_uhi.o)
 .debug_abbrev  0x00001058       0x28 C:/devkitpro/devkitARM/bin/../lib/gcc/arm-none-eabi/16.1.0/thumb\libgcc.a(_udivsi3.o)
 .debug_abbrev  0x00001080       0x28 C:/devkitpro/devkitARM/bin/../lib/gcc/arm-none-eabi/16.1.0/thumb\libgcc.a(_arm_muldivdf3.o)
 .debug_abbrev  0x000010a8       0x28 C:/devkitpro/devkitARM/bin/../lib/gcc/arm-none-eabi/16.1.0/thumb\libgcc.a(_arm_cmpdf2.o)
 .debug_abbrev  0x000010d0       0x28 C:/devkitpro/devkitARM/bin/../lib/gcc/arm-none-eabi/16.1.0/thumb\libgcc.a(_arm_unorddf2.o)
 .debug_abbrev  0x000010f8       0x28 C:/devkitpro/devkitARM/bin/../lib/gcc/arm-none-eabi/16.1.0/thumb\libgcc.a(_arm_fixdfsi.o)
 .debug_abbrev  0x00001120       0x14 C:/devkitpro/devkitARM/bin/../lib/gcc/arm-none-eabi/16.1.0/thumb\libgcc.a(_aeabi_uldivmod.o)

.debug_line     0x00000000     0x471d
 *(.debug_line)
 .debug_line    0x00000000      0xab6 main_gba.o
 .debug_line    0x00000ab6      0xa98 fox_draw.o
 .debug_line    0x0000154e     0x19db fox_scene.o
 .debug_line    0x00002f29      0x950 C:/devkitpro/libgba/lib\libgba.a(interrupt.o)
 .debug_line    0x00003879       0x78 C:/devkitpro/libgba/lib\libgba.a(InterruptDispatcher.o)
 .debug_line    0x000038f1       0x73 C:/devkitpro/devkitARM/bin/../lib/gcc/arm-none-eabi/16.1.0/thumb\libgcc.a(_divsi3.o)
 .debug_line    0x00003964       0x4a C:/devkitpro/devkitARM/bin/../lib/gcc/arm-none-eabi/16.1.0/thumb\libgcc.a(_dvmd_tls.o)
 .debug_line    0x000039ae      0x158 C:/devkitpro/devkitARM/bin/../lib/gcc/arm-none-eabi/16.1.0/thumb\libgcc.a(_arm_addsubdf3.o)
 .debug_line    0x00003b06       0x71 C:/devkitpro/devkitARM/bin/../lib/gcc/arm-none-eabi/16.1.0/thumb\libgcc.a(_arm_truncdfsf2.o)
 .debug_line    0x00003b77       0xff C:/devkitpro/devkitARM/bin/../lib/gcc/arm-none-eabi/16.1.0/thumb\libgcc.a(_arm_addsubsf3.o)
 .debug_line    0x00003c76      0x109 C:/devkitpro/devkitARM/bin/../lib/gcc/arm-none-eabi/16.1.0/thumb\libgcc.a(_arm_muldivsf3.o)
 .debug_line    0x00003d7f       0x8e C:/devkitpro/devkitARM/bin/../lib/gcc/arm-none-eabi/16.1.0/thumb\libgcc.a(_arm_cmpsf2.o)
 .debug_line    0x00003e0d       0x57 C:/devkitpro/devkitARM/bin/../lib/gcc/arm-none-eabi/16.1.0/thumb\libgcc.a(_arm_unordsf2.o)
 .debug_line    0x00003e64       0x60 C:/devkitpro/devkitARM/bin/../lib/gcc/arm-none-eabi/16.1.0/thumb\libgcc.a(_arm_fixsfsi.o)
 .debug_line    0x00003ec4       0x6c C:/devkitpro/devkitARM/bin/../lib/gcc/arm-none-eabi/16.1.0/thumb\libgcc.a(_aeabi_ldivmod.o)
 .debug_line    0x00003f30      0x149 C:/devkitpro/devkitARM/bin/../lib/gcc/arm-none-eabi/16.1.0/thumb\libgcc.a(_muldi3.o)
 .debug_line    0x00004079      0x1e7 C:/devkitpro/devkitARM/bin/../lib/gcc/arm-none-eabi/16.1.0/thumb\libgcc.a(_udivmoddi4.o)
 .debug_line    0x00004260       0x54 C:/devkitpro/devkitARM/bin/../lib/gcc/arm-none-eabi/16.1.0/thumb\libgcc.a(_clzdi2.o)
 .debug_line    0x000042b4       0x57 C:/devkitpro/devkitARM/bin/../lib/gcc/arm-none-eabi/16.1.0/thumb\libgcc.a(_clzsi2.o)
 .debug_line    0x0000430b       0x52 C:/devkitpro/devkitARM/bin/../lib/gcc/arm-none-eabi/16.1.0/thumb\libgcc.a(_thumb1_case_uqi.o)
 .debug_line    0x0000435d       0x53 C:/devkitpro/devkitARM/bin/../lib/gcc/arm-none-eabi/16.1.0/thumb\libgcc.a(_thumb1_case_uhi.o)
 .debug_line    0x000043b0       0x67 C:/devkitpro/devkitARM/bin/../lib/gcc/arm-none-eabi/16.1.0/thumb\libgcc.a(_udivsi3.o)
 .debug_line    0x00004417      0x167 C:/devkitpro/devkitARM/bin/../lib/gcc/arm-none-eabi/16.1.0/thumb\libgcc.a(_arm_muldivdf3.o)
 .debug_line    0x0000457e       0x9a C:/devkitpro/devkitARM/bin/../lib/gcc/arm-none-eabi/16.1.0/thumb\libgcc.a(_arm_cmpdf2.o)
 .debug_line    0x00004618       0x57 C:/devkitpro/devkitARM/bin/../lib/gcc/arm-none-eabi/16.1.0/thumb\libgcc.a(_arm_unorddf2.o)
 .debug_line    0x0000466f       0x60 C:/devkitpro/devkitARM/bin/../lib/gcc/arm-none-eabi/16.1.0/thumb\libgcc.a(_arm_fixdfsi.o)
 .debug_line    0x000046cf       0x4e C:/devkitpro/devkitARM/bin/../lib/gcc/arm-none-eabi/16.1.0/thumb\libgcc.a(_aeabi_uldivmod.o)

.debug_frame    0x00000000      0x7e0
 *(.debug_frame)
 .debug_frame   0x00000000       0x3c main_gba.o
 .debug_frame   0x0000003c       0xec fox_draw.o
 .debug_frame   0x00000128      0x12c fox_scene.o
 .debug_frame   0x00000254       0xb0 C:/devkitpro/libgba/lib\libgba.a(interrupt.o)
 .debug_frame   0x00000304       0x20 C:/devkitpro/devkitARM/bin/../lib/gcc/arm-none-eabi/16.1.0/thumb\libgcc.a(_divsi3.o)
 .debug_frame   0x00000324       0xac C:/devkitpro/devkitARM/bin/../lib/gcc/arm-none-eabi/16.1.0/thumb\libgcc.a(_arm_addsubdf3.o)
 .debug_frame   0x000003d0       0x24 C:/devkitpro/devkitARM/bin/../lib/gcc/arm-none-eabi/16.1.0/thumb\libgcc.a(_arm_truncdfsf2.o)
 .debug_frame   0x000003f4       0x4c C:/devkitpro/devkitARM/bin/../lib/gcc/arm-none-eabi/16.1.0/thumb\libgcc.a(_arm_addsubsf3.o)
 .debug_frame   0x00000440       0x38 C:/devkitpro/devkitARM/bin/../lib/gcc/arm-none-eabi/16.1.0/thumb\libgcc.a(_arm_muldivsf3.o)
 .debug_frame   0x00000478       0xc8 C:/devkitpro/devkitARM/bin/../lib/gcc/arm-none-eabi/16.1.0/thumb\libgcc.a(_arm_cmpsf2.o)
 .debug_frame   0x00000540       0x24 C:/devkitpro/devkitARM/bin/../lib/gcc/arm-none-eabi/16.1.0/thumb\libgcc.a(_arm_unordsf2.o)
 .debug_frame   0x00000564       0x24 C:/devkitpro/devkitARM/bin/../lib/gcc/arm-none-eabi/16.1.0/thumb\libgcc.a(_arm_fixsfsi.o)
 .debug_frame   0x00000588       0x44 C:/devkitpro/devkitARM/bin/../lib/gcc/arm-none-eabi/16.1.0/thumb\libgcc.a(_aeabi_ldivmod.o)
 .debug_frame   0x000005cc       0x34 C:/devkitpro/devkitARM/bin/../lib/gcc/arm-none-eabi/16.1.0/thumb\libgcc.a(_muldi3.o)
 .debug_frame   0x00000600       0x3c C:/devkitpro/devkitARM/bin/../lib/gcc/arm-none-eabi/16.1.0/thumb\libgcc.a(_udivmoddi4.o)
 .debug_frame   0x0000063c       0x20 C:/devkitpro/devkitARM/bin/../lib/gcc/arm-none-eabi/16.1.0/thumb\libgcc.a(_udivsi3.o)
 .debug_frame   0x0000065c       0x50 C:/devkitpro/devkitARM/bin/../lib/gcc/arm-none-eabi/16.1.0/thumb\libgcc.a(_arm_muldivdf3.o)
 .debug_frame   0x000006ac       0xc4 C:/devkitpro/devkitARM/bin/../lib/gcc/arm-none-eabi/16.1.0/thumb\libgcc.a(_arm_cmpdf2.o)
 .debug_frame   0x00000770       0x20 C:/devkitpro/devkitARM/bin/../lib/gcc/arm-none-eabi/16.1.0/thumb\libgcc.a(_arm_unorddf2.o)
 .debug_frame   0x00000790       0x24 C:/devkitpro/devkitARM/bin/../lib/gcc/arm-none-eabi/16.1.0/thumb\libgcc.a(_arm_fixdfsi.o)
 .debug_frame   0x000007b4       0x2c C:/devkitpro/devkitARM/bin/../lib/gcc/arm-none-eabi/16.1.0/thumb\libgcc.a(_aeabi_uldivmod.o)

.debug_str      0x00000000     0x185b
 *(.debug_str)
 .debug_str     0x00000000     0x185b main_gba.o
                                0x6d3 (size before relaxing)
 .debug_str     0x0000185b        0x0 fox_draw.o
                                0x336 (size before relaxing)
 .debug_str     0x0000185b        0x0 fox_scene.o
                                0x685 (size before relaxing)
 .debug_str     0x0000185b        0x0 C:/devkitpro/libgba/lib\libgba.a(interrupt.o)
                                0x334 (size before relaxing)
 .debug_str     0x0000185b        0x0 C:/devkitpro/libgba/lib\libgba.a(InterruptDispatcher.o)
                                 0xba (size before relaxing)
 .debug_str     0x0000185b        0x0 C:/devkitpro/devkitARM/bin/../lib/gcc/arm-none-eabi/16.1.0/thumb\libgcc.a(_divsi3.o)
                                 0xf4 (size before relaxing)
 .debug_str     0x0000185b        0x0 C:/devkitpro/devkitARM/bin/../lib/gcc/arm-none-eabi/16.1.0/thumb\libgcc.a(_dvmd_tls.o)
                                 0xf7 (size before relaxing)
 .debug_str     0x0000185b        0x0 C:/devkitpro/devkitARM/bin/../lib/gcc/arm-none-eabi/16.1.0/thumb\libgcc.a(_arm_addsubdf3.o)
                                0x188 (size before relaxing)
 .debug_str     0x0000185b        0x0 C:/devkitpro/devkitARM/bin/../lib/gcc/arm-none-eabi/16.1.0/thumb\libgcc.a(_arm_truncdfsf2.o)
                                 0xf5 (size before relaxing)
 .debug_str     0x0000185b        0x0 C:/devkitpro/devkitARM/bin/../lib/gcc/arm-none-eabi/16.1.0/thumb\libgcc.a(_arm_addsubsf3.o)
                                0x17c (size before relaxing)
 .debug_str     0x0000185b        0x0 C:/devkitpro/devkitARM/bin/../lib/gcc/arm-none-eabi/16.1.0/thumb\libgcc.a(_arm_muldivsf3.o)
                                0x108 (size before relaxing)
 .debug_str     0x0000185b        0x0 C:/devkitpro/devkitARM/bin/../lib/gcc/arm-none-eabi/16.1.0/thumb\libgcc.a(_arm_cmpsf2.o)
                                0x191 (size before relaxing)
 .debug_str     0x0000185b        0x0 C:/devkitpro/devkitARM/bin/../lib/gcc/arm-none-eabi/16.1.0/thumb\libgcc.a(_arm_unordsf2.o)
                                 0xf6 (size before relaxing)
 .debug_str     0x0000185b        0x0 C:/devkitpro/devkitARM/bin/../lib/gcc/arm-none-eabi/16.1.0/thumb\libgcc.a(_arm_fixsfsi.o)
                                 0xf3 (size before relaxing)
 .debug_str     0x0000185b        0x0 C:/devkitpro/devkitARM/bin/../lib/gcc/arm-none-eabi/16.1.0/thumb\libgcc.a(_aeabi_ldivmod.o)
                                 0xd7 (size before relaxing)
 .debug_str     0x0000185b        0x0 C:/devkitpro/devkitARM/bin/../lib/gcc/arm-none-eabi/16.1.0/thumb\libgcc.a(_muldi3.o)
                                0x6ad (size before relaxing)
 .debug_str     0x0000185b        0x0 C:/devkitpro/devkitARM/bin/../lib/gcc/arm-none-eabi/16.1.0/thumb\libgcc.a(_udivmoddi4.o)
                                0x686 (size before relaxing)
 .debug_str     0x0000185b        0x0 C:/devkitpro/devkitARM/bin/../lib/gcc/arm-none-eabi/16.1.0/thumb\libgcc.a(_clzdi2.o)
                                 0xe4 (size before relaxing)
 .debug_str     0x0000185b        0x0 C:/devkitpro/devkitARM/bin/../lib/gcc/arm-none-eabi/16.1.0/thumb\libgcc.a(_clzsi2.o)
                                 0xe4 (size before relaxing)
 .debug_str     0x0000185b        0x0 C:/devkitpro/devkitARM/bin/../lib/gcc/arm-none-eabi/16.1.0/thumb\libgcc.a(_thumb1_case_uqi.o)
                                 0xf1 (size before relaxing)
 .debug_str     0x0000185b        0x0 C:/devkitpro/devkitARM/bin/../lib/gcc/arm-none-eabi/16.1.0/thumb\libgcc.a(_thumb1_case_uhi.o)
                                 0xf1 (size before relaxing)
 .debug_str     0x0000185b        0x0 C:/devkitpro/devkitARM/bin/../lib/gcc/arm-none-eabi/16.1.0/thumb\libgcc.a(_udivsi3.o)
                                 0xf6 (size before relaxing)
 .debug_str     0x0000185b        0x0 C:/devkitpro/devkitARM/bin/../lib/gcc/arm-none-eabi/16.1.0/thumb\libgcc.a(_arm_muldivdf3.o)
                                0x108 (size before relaxing)
 .debug_str     0x0000185b        0x0 C:/devkitpro/devkitARM/bin/../lib/gcc/arm-none-eabi/16.1.0/thumb\libgcc.a(_arm_cmpdf2.o)
                                0x191 (size before relaxing)
 .debug_str     0x0000185b        0x0 C:/devkitpro/devkitARM/bin/../lib/gcc/arm-none-eabi/16.1.0/thumb\libgcc.a(_arm_unorddf2.o)
                                 0xf6 (size before relaxing)
 .debug_str     0x0000185b        0x0 C:/devkitpro/devkitARM/bin/../lib/gcc/arm-none-eabi/16.1.0/thumb\libgcc.a(_arm_fixdfsi.o)
                                 0xf3 (size before relaxing)
 .debug_str     0x0000185b        0x0 C:/devkitpro/devkitARM/bin/../lib/gcc/arm-none-eabi/16.1.0/thumb\libgcc.a(_aeabi_uldivmod.o)
                                 0xd7 (size before relaxing)

.debug_loc
 *(.debug_loc)

.debug_macinfo
 *(.debug_macinfo)

.debug_weaknames
 *(.debug_weaknames)

.debug_funcnames
 *(.debug_funcnames)

.debug_typenames
 *(.debug_typenames)

.debug_varnames
 *(.debug_varnames)

.stack          0x00080000        0x0
                0x00080000                        _stack = .
 *(.stack)

.note.gnu.arm.ident
 *(.note.gnu.arm.ident)

.ARM.attributes
                0x00000000       0x2c
 *(.ARM.attributes)
 .ARM.attributes
                0x00000000       0x20 C:/devkitpro/devkitARM/bin/../lib/gcc/arm-none-eabi/16.1.0/../../../../arm-none-eabi/lib/thumb/gba_crt0.o
 .ARM.attributes
                0x00000020       0x1c C:/devkitpro/devkitARM/bin/../lib/gcc/arm-none-eabi/16.1.0/thumb/crti.o
 .ARM.attributes
                0x0000003c       0x2a C:/devkitpro/devkitARM/bin/../lib/gcc/arm-none-eabi/16.1.0/thumb/crtbegin.o
 .ARM.attributes
                0x00000066       0x2a main_gba.o
 .ARM.attributes
                0x00000090       0x2a fox_draw.o
 .ARM.attributes
                0x000000ba       0x2a fox_scene.o
 .ARM.attributes
                0x000000e4       0x2a C:/devkitpro/libgba/lib\libgba.a(interrupt.o)
 .ARM.attributes
                0x0000010e       0x1a C:/devkitpro/libgba/lib\libgba.a(InterruptDispatcher.o)
 .ARM.attributes
                0x00000128       0x2a C:/devkitpro/devkitARM/bin/../lib/gcc/arm-none-eabi/16.1.0/../../../../arm-none-eabi/lib/thumb\libm.a(libm_a-wf_sqrt.o)
 .ARM.attributes
                0x00000152       0x2a C:/devkitpro/devkitARM/bin/../lib/gcc/arm-none-eabi/16.1.0/../../../../arm-none-eabi/lib/thumb\libm.a(libm_a-sf_tan.o)
 .ARM.attributes
                0x0000017c       0x2a C:/devkitpro/devkitARM/bin/../lib/gcc/arm-none-eabi/16.1.0/../../../../arm-none-eabi/lib/thumb\libm.a(libm_a-sf_sin.o)
 .ARM.attributes
                0x000001a6       0x2a C:/devkitpro/devkitARM/bin/../lib/gcc/arm-none-eabi/16.1.0/../../../../arm-none-eabi/lib/thumb\libm.a(libm_a-kf_sin.o)
 .ARM.attributes
                0x000001d0       0x2a C:/devkitpro/devkitARM/bin/../lib/gcc/arm-none-eabi/16.1.0/../../../../arm-none-eabi/lib/thumb\libm.a(libm_a-ef_rem_pio2.o)
 .ARM.attributes
                0x000001fa       0x2a C:/devkitpro/devkitARM/bin/../lib/gcc/arm-none-eabi/16.1.0/../../../../arm-none-eabi/lib/thumb\libm.a(libm_a-kf_tan.o)
 .ARM.attributes
                0x00000224       0x2a C:/devkitpro/devkitARM/bin/../lib/gcc/arm-none-eabi/16.1.0/../../../../arm-none-eabi/lib/thumb\libm.a(libm_a-sf_fabs.o)
 .ARM.attributes
                0x0000024e       0x2a C:/devkitpro/devkitARM/bin/../lib/gcc/arm-none-eabi/16.1.0/../../../../arm-none-eabi/lib/thumb\libm.a(libm_a-kf_rem_pio2.o)
 .ARM.attributes
                0x00000278       0x2a C:/devkitpro/devkitARM/bin/../lib/gcc/arm-none-eabi/16.1.0/../../../../arm-none-eabi/lib/thumb\libm.a(libm_a-ef_sqrt.o)
 .ARM.attributes
                0x000002a2       0x2a C:/devkitpro/devkitARM/bin/../lib/gcc/arm-none-eabi/16.1.0/../../../../arm-none-eabi/lib/thumb\libm.a(libm_a-sf_scalbn.o)
 .ARM.attributes
                0x000002cc       0x2a C:/devkitpro/devkitARM/bin/../lib/gcc/arm-none-eabi/16.1.0/../../../../arm-none-eabi/lib/thumb\libm.a(libm_a-kf_cos.o)
 .ARM.attributes
                0x000002f6       0x2a C:/devkitpro/devkitARM/bin/../lib/gcc/arm-none-eabi/16.1.0/../../../../arm-none-eabi/lib/thumb\libm.a(libm_a-sf_floor.o)
 .ARM.attributes
                0x00000320       0x1c C:/devkitpro/devkitARM/bin/../lib/gcc/arm-none-eabi/16.1.0/thumb\libgcc.a(_arm_muldf3.o)
 .ARM.attributes
                0x0000033c       0x1c C:/devkitpro/devkitARM/bin/../lib/gcc/arm-none-eabi/16.1.0/thumb\libgcc.a(_arm_mulsf3.o)
 .ARM.attributes
                0x00000358       0x1c C:/devkitpro/devkitARM/bin/../lib/gcc/arm-none-eabi/16.1.0/thumb\libgcc.a(_divsi3.o)
 .ARM.attributes
                0x00000374       0x1c C:/devkitpro/devkitARM/bin/../lib/gcc/arm-none-eabi/16.1.0/thumb\libgcc.a(_dvmd_tls.o)
 .ARM.attributes
                0x00000390       0x1c C:/devkitpro/devkitARM/bin/../lib/gcc/arm-none-eabi/16.1.0/thumb\libgcc.a(_arm_addsubdf3.o)
 .ARM.attributes
                0x000003ac       0x1c C:/devkitpro/devkitARM/bin/../lib/gcc/arm-none-eabi/16.1.0/thumb\libgcc.a(_arm_truncdfsf2.o)
 .ARM.attributes
                0x000003c8       0x1c C:/devkitpro/devkitARM/bin/../lib/gcc/arm-none-eabi/16.1.0/thumb\libgcc.a(_arm_addsubsf3.o)
 .ARM.attributes
                0x000003e4       0x1c C:/devkitpro/devkitARM/bin/../lib/gcc/arm-none-eabi/16.1.0/thumb\libgcc.a(_arm_muldivsf3.o)
 .ARM.attributes
                0x00000400       0x1c C:/devkitpro/devkitARM/bin/../lib/gcc/arm-none-eabi/16.1.0/thumb\libgcc.a(_arm_cmpsf2.o)
 .ARM.attributes
                0x0000041c       0x1c C:/devkitpro/devkitARM/bin/../lib/gcc/arm-none-eabi/16.1.0/thumb\libgcc.a(_arm_unordsf2.o)
 .ARM.attributes
                0x00000438       0x1c C:/devkitpro/devkitARM/bin/../lib/gcc/arm-none-eabi/16.1.0/thumb\libgcc.a(_arm_fixsfsi.o)
 .ARM.attributes
                0x00000454       0x1c C:/devkitpro/devkitARM/bin/../lib/gcc/arm-none-eabi/16.1.0/thumb\libgcc.a(_aeabi_ldivmod.o)
 .ARM.attributes
                0x00000470       0x1c C:/devkitpro/devkitARM/bin/../lib/gcc/arm-none-eabi/16.1.0/thumb\libgcc.a(_sync_none.o)
 .ARM.attributes
                0x0000048c       0x2a C:/devkitpro/devkitARM/bin/../lib/gcc/arm-none-eabi/16.1.0/thumb\libgcc.a(_muldi3.o)
 .ARM.attributes
                0x000004b6       0x2a C:/devkitpro/devkitARM/bin/../lib/gcc/arm-none-eabi/16.1.0/thumb\libgcc.a(_udivmoddi4.o)
 .ARM.attributes
                0x000004e0       0x1c C:/devkitpro/devkitARM/bin/../lib/gcc/arm-none-eabi/16.1.0/thumb\libgcc.a(_clzdi2.o)
 .ARM.attributes
                0x000004fc       0x1c C:/devkitpro/devkitARM/bin/../lib/gcc/arm-none-eabi/16.1.0/thumb\libgcc.a(_clzsi2.o)
 .ARM.attributes
                0x00000518       0x2a C:/devkitpro/devkitARM/bin/../lib/gcc/arm-none-eabi/16.1.0/../../../../arm-none-eabi/lib/thumb\libg.a(libc_a-memcpy-stub.o)
 .ARM.attributes
                0x00000542       0x2a C:/devkitpro/devkitARM/bin/../lib/gcc/arm-none-eabi/16.1.0/../../../../arm-none-eabi/lib/thumb\libg.a(libc_a-printf.o)
 .ARM.attributes
                0x0000056c       0x2a C:/devkitpro/devkitARM/bin/../lib/gcc/arm-none-eabi/16.1.0/../../../../arm-none-eabi/lib/thumb\libg.a(libc_a-errno.o)
 .ARM.attributes
                0x00000596       0x2a C:/devkitpro/devkitARM/bin/../lib/gcc/arm-none-eabi/16.1.0/../../../../arm-none-eabi/lib/thumb\libg.a(libc_a-memset.o)
 .ARM.attributes
                0x000005c0       0x2a C:/devkitpro/devkitARM/bin/../lib/gcc/arm-none-eabi/16.1.0/../../../../arm-none-eabi/lib/thumb\libg.a(libc_a-init.o)
 .ARM.attributes
                0x000005ea       0x2a C:/devkitpro/devkitARM/bin/../lib/gcc/arm-none-eabi/16.1.0/../../../../arm-none-eabi/lib/thumb\libg.a(libc_a-malloc.o)
 .ARM.attributes
                0x00000614       0x2a C:/devkitpro/devkitARM/bin/../lib/gcc/arm-none-eabi/16.1.0/../../../../arm-none-eabi/lib/thumb\libg.a(libc_a-puts.o)
 .ARM.attributes
                0x0000063e       0x2a C:/devkitpro/devkitARM/bin/../lib/gcc/arm-none-eabi/16.1.0/../../../../arm-none-eabi/lib/thumb\libg.a(libc_a-strlen.o)
 .ARM.attributes
                0x00000668       0x2a C:/devkitpro/devkitARM/bin/../lib/gcc/arm-none-eabi/16.1.0/../../../../arm-none-eabi/lib/thumb\libg.a(libc_a-vfprintf.o)
 .ARM.attributes
                0x00000692       0x2a C:/devkitpro/devkitARM/bin/../lib/gcc/arm-none-eabi/16.1.0/../../../../arm-none-eabi/lib/thumb\libg.a(libc_a-wcrtomb.o)
 .ARM.attributes
                0x000006bc       0x2a C:/devkitpro/devkitARM/bin/../lib/gcc/arm-none-eabi/16.1.0/../../../../arm-none-eabi/lib/thumb\libg.a(libc_a-svfiprintf.o)
 .ARM.attributes
                0x000006e6       0x2a C:/devkitpro/devkitARM/bin/../lib/gcc/arm-none-eabi/16.1.0/../../../../arm-none-eabi/lib/thumb\libg.a(libc_a-ssprint_r.o)
 .ARM.attributes
                0x00000710       0x2a C:/devkitpro/devkitARM/bin/../lib/gcc/arm-none-eabi/16.1.0/../../../../arm-none-eabi/lib/thumb\libg.a(libc_a-fvwrite.o)
 .ARM.attributes
                0x0000073a       0x2a C:/devkitpro/devkitARM/bin/../lib/gcc/arm-none-eabi/16.1.0/../../../../arm-none-eabi/lib/thumb\libg.a(libc_a-malignr.o)
 .ARM.attributes
                0x00000764       0x2a C:/devkitpro/devkitARM/bin/../lib/gcc/arm-none-eabi/16.1.0/../../../../arm-none-eabi/lib/thumb\libg.a(libc_a-locale.o)
 .ARM.attributes
                0x0000078e       0x2a C:/devkitpro/devkitARM/bin/../lib/gcc/arm-none-eabi/16.1.0/../../../../arm-none-eabi/lib/thumb\libg.a(libc_a-fflush.o)
 .ARM.attributes
                0x000007b8       0x2a C:/devkitpro/devkitARM/bin/../lib/gcc/arm-none-eabi/16.1.0/../../../../arm-none-eabi/lib/thumb\libg.a(libc_a-sprint_r.o)
 .ARM.attributes
                0x000007e2       0x2a C:/devkitpro/devkitARM/bin/../lib/gcc/arm-none-eabi/16.1.0/../../../../arm-none-eabi/lib/thumb\libg.a(libc_a-mallocr.o)
 .ARM.attributes
                0x0000080c       0x2a C:/devkitpro/devkitARM/bin/../lib/gcc/arm-none-eabi/16.1.0/../../../../arm-none-eabi/lib/thumb\libg.a(libc_a-dtoa.o)
 .ARM.attributes
                0x00000836       0x1a C:/devkitpro/devkitARM/bin/../lib/gcc/arm-none-eabi/16.1.0/../../../../arm-none-eabi/lib/thumb\libg.a(libc_a-strcmp.o)
 .ARM.attributes
                0x00000850       0x2a C:/devkitpro/devkitARM/bin/../lib/gcc/arm-none-eabi/16.1.0/../../../../arm-none-eabi/lib/thumb\libg.a(libc_a-freer.o)
 .ARM.attributes
                0x0000087a       0x2a C:/devkitpro/devkitARM/bin/../lib/gcc/arm-none-eabi/16.1.0/../../../../arm-none-eabi/lib/thumb\libg.a(libc_a-findfp.o)
 .ARM.attributes
                0x000008a4       0x2a C:/devkitpro/devkitARM/bin/../lib/gcc/arm-none-eabi/16.1.0/../../../../arm-none-eabi/lib/thumb\libg.a(libc_a-strtol.o)
 .ARM.attributes
                0x000008ce       0x2a C:/devkitpro/devkitARM/bin/../lib/gcc/arm-none-eabi/16.1.0/../../../../arm-none-eabi/lib/thumb\libg.a(libc_a-strncpy.o)
 .ARM.attributes
                0x000008f8       0x2a C:/devkitpro/devkitARM/bin/../lib/gcc/arm-none-eabi/16.1.0/../../../../arm-none-eabi/lib/thumb\libg.a(libc_a-memchr-stub.o)
 .ARM.attributes
                0x00000922       0x2a C:/devkitpro/devkitARM/bin/../lib/gcc/arm-none-eabi/16.1.0/../../../../arm-none-eabi/lib/thumb\libg.a(libc_a-wcsrtombs.o)
 .ARM.attributes
                0x0000094c       0x2a C:/devkitpro/devkitARM/bin/../lib/gcc/arm-none-eabi/16.1.0/../../../../arm-none-eabi/lib/thumb\libg.a(libc_a-wsetup.o)
 .ARM.attributes
                0x00000976       0x2a C:/devkitpro/devkitARM/bin/../lib/gcc/arm-none-eabi/16.1.0/../../../../arm-none-eabi/lib/thumb\libg.a(libc_a-getenv_r.o)
 .ARM.attributes
                0x000009a0       0x2a C:/devkitpro/devkitARM/bin/../lib/gcc/arm-none-eabi/16.1.0/../../../../arm-none-eabi/lib/thumb\libg.a(libc_a-localeconv.o)
 .ARM.attributes
                0x000009ca       0x2a C:/devkitpro/devkitARM/bin/../lib/gcc/arm-none-eabi/16.1.0/../../../../arm-none-eabi/lib/thumb\libg.a(libc_a-stdio.o)
 .ARM.attributes
                0x000009f4       0x2a C:/devkitpro/devkitARM/bin/../lib/gcc/arm-none-eabi/16.1.0/../../../../arm-none-eabi/lib/thumb\libg.a(libc_a-memmove.o)
 .ARM.attributes
                0x00000a1e       0x2a C:/devkitpro/devkitARM/bin/../lib/gcc/arm-none-eabi/16.1.0/../../../../arm-none-eabi/lib/thumb\libg.a(libc_a-reallocr.o)
 .ARM.attributes
                0x00000a48       0x2a C:/devkitpro/devkitARM/bin/../lib/gcc/arm-none-eabi/16.1.0/../../../../arm-none-eabi/lib/thumb\libg.a(libc_a-mlock.o)
 .ARM.attributes
                0x00000a72       0x2a C:/devkitpro/devkitARM/bin/../lib/gcc/arm-none-eabi/16.1.0/../../../../arm-none-eabi/lib/thumb\libg.a(libc_a-fclose.o)
 .ARM.attributes
                0x00000a9c       0x2a C:/devkitpro/devkitARM/bin/../lib/gcc/arm-none-eabi/16.1.0/../../../../arm-none-eabi/lib/thumb\libg.a(libc_a-ssputs_r.o)
 .ARM.attributes
                0x00000ac6       0x2a C:/devkitpro/devkitARM/bin/../lib/gcc/arm-none-eabi/16.1.0/../../../../arm-none-eabi/lib/thumb\libg.a(libc_a-wctomb_r.o)
 .ARM.attributes
                0x00000af0       0x2a C:/devkitpro/devkitARM/bin/../lib/gcc/arm-none-eabi/16.1.0/../../../../arm-none-eabi/lib/thumb\libg.a(libc_a-strncmp.o)
 .ARM.attributes
                0x00000b1a       0x2a C:/devkitpro/devkitARM/bin/../lib/gcc/arm-none-eabi/16.1.0/../../../../arm-none-eabi/lib/thumb\libg.a(libc_a-wcsnrtombs.o)
 .ARM.attributes
                0x00000b44       0x2a C:/devkitpro/devkitARM/bin/../lib/gcc/arm-none-eabi/16.1.0/../../../../arm-none-eabi/lib/thumb\libg.a(libc_a-ctype_.o)
 .ARM.attributes
                0x00000b6e       0x2a C:/devkitpro/devkitARM/bin/../lib/gcc/arm-none-eabi/16.1.0/../../../../arm-none-eabi/lib/thumb\libg.a(libm_a-s_frexp.o)
 .ARM.attributes
                0x00000b98       0x2a C:/devkitpro/devkitARM/bin/../lib/gcc/arm-none-eabi/16.1.0/../../../../arm-none-eabi/lib/thumb\libg.a(libc_a-strcat.o)
 .ARM.attributes
                0x00000bc2       0x2a C:/devkitpro/devkitARM/bin/../lib/gcc/arm-none-eabi/16.1.0/../../../../arm-none-eabi/lib/thumb\libg.a(libc_a-envlock.o)
 .ARM.attributes
                0x00000bec       0x2a C:/devkitpro/devkitARM/bin/../lib/gcc/arm-none-eabi/16.1.0/../../../../arm-none-eabi/lib/thumb\libg.a(libc_a-assert.o)
 .ARM.attributes
                0x00000c16       0x2a C:/devkitpro/devkitARM/bin/../lib/gcc/arm-none-eabi/16.1.0/../../../../arm-none-eabi/lib/thumb\libg.a(libc_a-mprec.o)
 .ARM.attributes
                0x00000c40       0x2a C:/devkitpro/devkitARM/bin/../lib/gcc/arm-none-eabi/16.1.0/../../../../arm-none-eabi/lib/thumb\libg.a(libc_a-impure.o)
 .ARM.attributes
                0x00000c6a       0x2a C:/devkitpro/devkitARM/bin/../lib/gcc/arm-none-eabi/16.1.0/../../../../arm-none-eabi/lib/thumb\libg.a(libc_a-fwalk.o)
 .ARM.attributes
                0x00000c94       0x2a C:/devkitpro/devkitARM/bin/../lib/gcc/arm-none-eabi/16.1.0/../../../../arm-none-eabi/lib/thumb\libg.a(libc_a-strlcpy.o)
 .ARM.attributes
                0x00000cbe       0x2a C:/devkitpro/devkitARM/bin/../lib/gcc/arm-none-eabi/16.1.0/../../../../arm-none-eabi/lib/thumb\libg.a(libc_a-strcasecmp.o)
 .ARM.attributes
                0x00000ce8       0x2a C:/devkitpro/devkitARM/bin/../lib/gcc/arm-none-eabi/16.1.0/../../../../arm-none-eabi/lib/thumb\libg.a(libc_a-mbtowc_r.o)
 .ARM.attributes
                0x00000d12       0x2a C:/devkitpro/devkitARM/bin/../lib/gcc/arm-none-eabi/16.1.0/../../../../arm-none-eabi/lib/thumb\libg.a(libc_a-fiprintf.o)
 .ARM.attributes
                0x00000d3c       0x2a C:/devkitpro/devkitARM/bin/../lib/gcc/arm-none-eabi/16.1.0/../../../../arm-none-eabi/lib/thumb\libg.a(libc_a-strncasecmp.o)
 .ARM.attributes
                0x00000d66       0x2a C:/devkitpro/devkitARM/bin/../lib/gcc/arm-none-eabi/16.1.0/../../../../arm-none-eabi/lib/thumb\libg.a(libc_a-strchr.o)
 .ARM.attributes
                0x00000d90       0x2a C:/devkitpro/devkitARM/bin/../lib/gcc/arm-none-eabi/16.1.0/../../../../arm-none-eabi/lib/thumb\libg.a(libc_a-environ.o)
 .ARM.attributes
                0x00000dba       0x2a C:/devkitpro/devkitARM/bin/../lib/gcc/arm-none-eabi/16.1.0/../../../../arm-none-eabi/lib/thumb\libg.a(libc_a-abort.o)
 .ARM.attributes
                0x00000de4       0x2a C:/devkitpro/devkitARM/bin/../lib/gcc/arm-none-eabi/16.1.0/../../../../arm-none-eabi/lib/thumb\libg.a(libc_a-makebuf.o)
 .ARM.attributes
                0x00000e0e       0x2a C:/devkitpro/devkitARM/bin/../lib/gcc/arm-none-eabi/16.1.0/../../../../arm-none-eabi/lib/thumb\libg.a(libc_a-strcpy.o)
 .ARM.attributes