Archive member included to satisfy reference by file (symbol)

C:/devkitpro/libgba/lib\libgba.a(interrupt.o)
                              main_gba.o (irqInit)
C:/devkitpro/libgba/lib\libgba.a(InterruptDispatcher.o)
                              C:/devkitpro/libgba/lib\libgba.a(interrupt.o) (IntrMain)
C:/devkitpro/devkitARM/bin/../lib/gcc/arm-none-eabi/16.1.0/../../../../arm-none-eabi/lib/thumb\libm.a(libm_a-sf_cos.o)
                              main_gba.o (cosf)
C:/devkitpro/devkitARM/bin/../lib/gcc/arm-none-eabi/16.1.0/../../../../arm-none-eabi/lib/thumb\libm.a(libm_a-wf_sqrt.o)
                              fox_mesh.o (sqrtf)
C:/devkitpro/devkitARM/bin/../lib/gcc/arm-none-eabi/16.1.0/../../../../arm-none-eabi/lib/thumb\libm.a(libm_a-sf_tan.o)
                              main_gba.o (tanf)
C:/devkitpro/devkitARM/bin/../lib/gcc/arm-none-eabi/16.1.0/../../../../arm-none-eabi/lib/thumb\libm.a(libm_a-kf_cos.o)
                              C:/devkitpro/devkitARM/bin/../lib/gcc/arm-none-eabi/16.1.0/../../../../arm-none-eabi/lib/thumb\libm.a(libm_a-sf_cos.o) (__kernel_cosf)
C:/devkitpro/devkitARM/bin/../lib/gcc/arm-none-eabi/16.1.0/../../../../arm-none-eabi/lib/thumb\libm.a(libm_a-sf_sin.o)
                              main_gba.o (sinf)
C:/devkitpro/devkitARM/bin/../lib/gcc/arm-none-eabi/16.1.0/../../../../arm-none-eabi/lib/thumb\libm.a(libm_a-kf_sin.o)
                              C:/devkitpro/devkitARM/bin/../lib/gcc/arm-none-eabi/16.1.0/../../../../arm-none-eabi/lib/thumb\libm.a(libm_a-sf_cos.o) (__kernel_sinf)
C:/devkitpro/devkitARM/bin/../lib/gcc/arm-none-eabi/16.1.0/../../../../arm-none-eabi/lib/thumb\libm.a(libm_a-ef_rem_pio2.o)
                              C:/devkitpro/devkitARM/bin/../lib/gcc/arm-none-eabi/16.1.0/../../../../arm-none-eabi/lib/thumb\libm.a(libm_a-sf_cos.o) (__ieee754_rem_pio2f)
C:/devkitpro/devkitARM/bin/../lib/gcc/arm-none-eabi/16.1.0/../../../../arm-none-eabi/lib/thumb\libm.a(libm_a-kf_tan.o)
                              C:/devkitpro/devkitARM/bin/../lib/gcc/arm-none-eabi/16.1.0/../../../../arm-none-eabi/lib/thumb\libm.a(libm_a-sf_tan.o) (__kernel_tanf)
C:/devkitpro/devkitARM/bin/../lib/gcc/arm-none-eabi/16.1.0/../../../../arm-none-eabi/lib/thumb\libm.a(libm_a-sf_fabs.o)
                              C:/devkitpro/devkitARM/bin/../lib/gcc/arm-none-eabi/16.1.0/../../../../arm-none-eabi/lib/thumb\libm.a(libm_a-ef_rem_pio2.o) (fabsf)
C:/devkitpro/devkitARM/bin/../lib/gcc/arm-none-eabi/16.1.0/../../../../arm-none-eabi/lib/thumb\libm.a(libm_a-kf_rem_pio2.o)
                              C:/devkitpro/devkitARM/bin/../lib/gcc/arm-none-eabi/16.1.0/../../../../arm-none-eabi/lib/thumb\libm.a(libm_a-ef_rem_pio2.o) (__kernel_rem_pio2f)
C:/devkitpro/devkitARM/bin/../lib/gcc/arm-none-eabi/16.1.0/../../../../arm-none-eabi/lib/thumb\libm.a(libm_a-ef_sqrt.o)
                              C:/devkitpro/devkitARM/bin/../lib/gcc/arm-none-eabi/16.1.0/../../../../arm-none-eabi/lib/thumb\libm.a(libm_a-wf_sqrt.o) (__ieee754_sqrtf)
C:/devkitpro/devkitARM/bin/../lib/gcc/arm-none-eabi/16.1.0/../../../../arm-none-eabi/lib/thumb\libm.a(libm_a-sf_scalbn.o)
                              C:/devkitpro/devkitARM/bin/../lib/gcc/arm-none-eabi/16.1.0/../../../../arm-none-eabi/lib/thumb\libm.a(libm_a-kf_rem_pio2.o) (scalbnf)
C:/devkitpro/devkitARM/bin/../lib/gcc/arm-none-eabi/16.1.0/../../../../arm-none-eabi/lib/thumb\libm.a(libm_a-sf_floor.o)
                              C:/devkitpro/devkitARM/bin/../lib/gcc/arm-none-eabi/16.1.0/../../../../arm-none-eabi/lib/thumb\libm.a(libm_a-kf_rem_pio2.o) (floorf)
C:/devkitpro/devkitARM/bin/../lib/gcc/arm-none-eabi/16.1.0/thumb\libgcc.a(_arm_muldf3.o)
                              main_gba.o (__aeabi_dmul)
C:/devkitpro/devkitARM/bin/../lib/gcc/arm-none-eabi/16.1.0/thumb\libgcc.a(_arm_mulsf3.o)
                              main_gba.o (__aeabi_fmul)
C:/devkitpro/devkitARM/bin/../lib/gcc/arm-none-eabi/16.1.0/thumb\libgcc.a(_arm_addsubdf3.o)
                              main_gba.o (__aeabi_i2d)
C:/devkitpro/devkitARM/bin/../lib/gcc/arm-none-eabi/16.1.0/thumb\libgcc.a(_arm_truncdfsf2.o)
                              main_gba.o (__aeabi_d2f)
C:/devkitpro/devkitARM/bin/../lib/gcc/arm-none-eabi/16.1.0/thumb\libgcc.a(_arm_addsubsf3.o)
                              fox_mesh.o (__aeabi_fsub)
C:/devkitpro/devkitARM/bin/../lib/gcc/arm-none-eabi/16.1.0/thumb\libgcc.a(_arm_muldivsf3.o)
                              main_gba.o (__aeabi_fdiv)
C:/devkitpro/devkitARM/bin/../lib/gcc/arm-none-eabi/16.1.0/thumb\libgcc.a(_arm_cmpsf2.o)
                              fox_mesh.o (__aeabi_fcmpeq)
C:/devkitpro/devkitARM/bin/../lib/gcc/arm-none-eabi/16.1.0/thumb\libgcc.a(_arm_unordsf2.o)
                              C:/devkitpro/devkitARM/bin/../lib/gcc/arm-none-eabi/16.1.0/../../../../arm-none-eabi/lib/thumb\libm.a(libm_a-wf_sqrt.o) (__aeabi_fcmpun)
C:/devkitpro/devkitARM/bin/../lib/gcc/arm-none-eabi/16.1.0/thumb\libgcc.a(_arm_fixsfsi.o)
                              main_gba.o (__aeabi_f2iz)
[...]
Memory Configuration

Name             Origin             Length             Attributes
rom              0x08000000         0x02000000
iwram            0x03000000         0x00008000
ewram            0x02000000         0x00040000
*default*        0x00000000         0xffffffff

Linker script and memory map

                0x00000000                        __sync_synchronize = __sync_synchronize_none
                0x08000000                        __text_start = ORIGIN (rom)
                0x02040000                        __eheap_end = (ORIGIN (ewram) + LENGTH (ewram))
                0x03000000                        __iwram_start = ORIGIN (iwram)
                0x03008000                        __iwram_top = (ORIGIN (iwram) + LENGTH (iwram))
                0x03007fa0                        __sp_irq = (__iwram_top - 0x60)
                0x03007f00                        __sp_usr = (__sp_irq - 0xa0)
                0x03007ff8                        __irq_flags = 0x3007ff8
                0x08000000                        . = __text_start

.crt0           0x08000000      0x210
 *(.crt0)
 .crt0          0x08000000      0x210 C:/devkitpro/devkitARM/bin/../lib/gcc/arm-none-eabi/16.1.0/../../../../arm-none-eabi/lib/thumb/gba_crt0.o
                0x08000000                _start
                0x080000c4                __boot_method
                0x080000c5                __slave_number
                0x080000e0                start_vector
                0x08000210                        . = ALIGN (0x4)

.init           0x08000210        0xc
 *(SORT_NONE(.init))
 .init          0x08000210        0x4 C:/devkitpro/devkitARM/bin/../lib/gcc/arm-none-eabi/16.1.0/thumb/crti.o
                0x08000210                _init
 .init          0x08000214        0x8 C:/devkitpro/devkitARM/bin/../lib/gcc/arm-none-eabi/16.1.0/thumb/crtn.o

.plt            0x0800021c        0x0
 *(.plt)
                0x0800021c                        . = ALIGN (0x4)

.text           0x08000220     0xc9b0
 *(EXCLUDE_FILE(*.iwram*) .text*)
 .text.__do_global_dtors_aux
                0x08000220       0x2c C:/devkitpro/devkitARM/bin/../lib/gcc/arm-none-eabi/16.1.0/thumb/crtbegin.o
 .text.frame_dummy
                0x0800024c       0x24 C:/devkitpro/devkitARM/bin/../lib/gcc/arm-none-eabi/16.1.0/thumb/crtbegin.o
 .text.startup  0x08000270      0x554 main_gba.o
                0x08000270                main
 .text          0x080007c4      0x224 fox_draw.o
                0x080007c4                color_to_index
                0x0800080c                add_palette
                0x08000840                draw_pixel
                0x08000878                clear_buf
                0x080008e8                draw_rect
 .text          0x080009e8      0x304 fox_mesh.o
                0x080009e8                load_mesh
 .text          0x08000cec      0x7e0 fox_scene.o
                0x08000e18                alloc_mesh
                0x08000e50                renderTriangle
                0x08000fa0                draw_tris
                0x08001068                add_mesh_scene
                0x0800145c                computeCamData
 .text          0x080014cc      0x3c4 C:/devkitpro/libgba/lib\libgba.a(interrupt.o)
                0x080014cc                dummy
                0x080014d0                InitInterrupt
                0x0800152c                irqInit
                0x08001588                SetInterrupt
                0x08001670                irqSet
                0x08001758                EnableInterrupt
                0x080017a4                irqEnable
                0x080017f8                DisableInterrupt
                0x08001844                irqDisable
 .text.cosf     0x08001890       0x70 C:/devkitpro/devkitARM/bin/../lib/gcc/arm-none-eabi/16.1.0/../../../../arm-none-eabi/lib/thumb\libm.a(libm_a-sf_cos.o)
                0x08001890                cosf
 .text.sqrtf    0x08001900       0x40 C:/devkitpro/devkitARM/bin/../lib/gcc/arm-none-eabi/16.1.0/../../../../arm-none-eabi/lib/thumb\libm.a(libm_a-wf_sqrt.o)
                0x08001900                sqrtf
 .text.tanf     0x08001940       0x4c C:/devkitpro/devkitARM/bin/../lib/gcc/arm-none-eabi/16.1.0/../../../../arm-none-eabi/lib/thumb\libm.a(libm_a-sf_tan.o)
                0x08001940                tanf
 .text.__kernel_cosf
                0x0800198c      0x194 C:/devkitpro/devkitARM/bin/../lib/gcc/arm-none-eabi/16.1.0/../../../../arm-none-eabi/lib/thumb\libm.a(libm_a-kf_cos.o)
                0x0800198c                __kernel_cosf
 .text.sinf     0x08001b20       0x74 C:/devkitpro/devkitARM/bin/../lib/gcc/arm-none-eabi/16.1.0/../../../../arm-none-eabi/lib/thumb\libm.a(libm_a-sf_sin.o)
                0x08001b20                sinf
 .text.__kernel_sinf
                0x08001b94       0xf8 C:/devkitpro/devkitARM/bin/../lib/gcc/arm-none-eabi/16.1.0/../../../../arm-none-eabi/lib/thumb\libm.a(libm_a-kf_sin.o)
                0x08001b94                __kernel_sinf
 .text.__ieee754_rem_pio2f
                0x08001c8c      0x2f4 C:/devkitpro/devkitARM/bin/../lib/gcc/arm-none-eabi/16.1.0/../../../../arm-none-eabi/lib/thumb\libm.a(libm_a-ef_rem_pio2.o)
                0x08001c8c                __ieee754_rem_pio2f
 .text.__kernel_tanf
                0x08001f80      0x280 C:/devkitpro/devkitARM/bin/../lib/gcc/arm-none-eabi/16.1.0/../../../../arm-none-eabi/lib/thumb\libm.a(libm_a-kf_tan.o)
                0x08001f80                __kernel_tanf
 .text.fabsf    0x08002200        0x8 C:/devkitpro/devkitARM/bin/../lib/gcc/arm-none-eabi/16.1.0/../../../../arm-none-eabi/lib/thumb\libm.a(libm_a-sf_fabs.o)
                0x08002200                fabsf
 .text.__kernel_rem_pio2f
                0x08002208      0x768 C:/devkitpro/devkitARM/bin/../lib/gcc/arm-none-eabi/16.1.0/../../../../arm-none-eabi/lib/thumb\libm.a(libm_a-kf_rem_pio2.o)
                0x08002208                __kernel_rem_pio2f
 .text.__ieee754_sqrtf
                0x08002970       0xec C:/devkitpro/devkitARM/bin/../lib/gcc/arm-none-eabi/16.1.0/../../../../arm-none-eabi/lib/thumb\libm.a(libm_a-ef_sqrt.o)
                0x08002970                __ieee754_sqrtf
 .text.scalbnf  0x08002a5c       0xcc C:/devkitpro/devkitARM/bin/../lib/gcc/arm-none-eabi/16.1.0/../../../../arm-none-eabi/lib/thumb\libm.a(libm_a-sf_scalbn.o)
                0x08002a5c                scalbnf
 .text.floorf   0x08002b28       0xa4 C:/devkitpro/devkitARM/bin/../lib/gcc/arm-none-eabi/16.1.0/../../../../arm-none-eabi/lib/thumb\libm.a(libm_a-sf_floor.o)
                0x08002b28                floorf
 .text          0x08002bcc      0x424 C:/devkitpro/devkitARM/bin/../lib/gcc/arm-none-eabi/16.1.0/thumb\libgcc.a(_arm_addsubdf3.o)
                0x08002bcc                __aeabi_drsub
                0x08002bd4                __aeabi_dsub
                0x08002bd4                __subdf3
                0x08002bd8                __aeabi_dadd
                0x08002bd8                __adddf3
                0x08002ee8                __floatunsidf
                0x08002ee8                __aeabi_ui2d
                0x08002f0c                __floatsidf
                0x08002f0c                __aeabi_i2d
                0x08002f34                __aeabi_f2d
                0x08002f34                __extendsfdf2
                0x08002f7c                __floatundidf
                0x08002f7c                __aeabi_ul2d
                0x08002f90                __floatdidf
                0x08002f90                __aeabi_l2d
 .text          0x08002ff0       0xa0 C:/devkitpro/devkitARM/bin/../lib/gcc/arm-none-eabi/16.1.0/thumb\libgcc.a(_arm_truncdfsf2.o)
                0x08002ff0                __truncdfsf2
                0x08002ff0                __aeabi_d2f
 .text          0x08003090      0x2ac C:/devkitpro/devkitARM/bin/../lib/gcc/arm-none-eabi/16.1.0/thumb\libgcc.a(_arm_addsubsf3.o)
                0x08003090                __aeabi_frsub
                0x08003098                __subsf3
                0x08003098                __aeabi_fsub
                0x0800309c                __aeabi_fadd
                0x0800309c                __addsf3
                0x08003258                __aeabi_ui2f
                0x08003258                __floatunsisf
                0x08003260                __aeabi_i2f
                0x08003260                __floatsisf
                0x08003280                __aeabi_ul2f
                0x08003280                __floatundisf
                0x08003290                __aeabi_l2f
                0x08003290                __floatdisf
 .text          0x0800333c      0x2f8 C:/devkitpro/devkitARM/bin/../lib/gcc/arm-none-eabi/16.1.0/thumb\libgcc.a(_arm_muldivsf3.o)
                0x0800333c                __mulsf3
                0x0800333c                __aeabi_fmul
                0x080034d4                __aeabi_fdiv
                0x080034d4                __divsf3
 .text          0x08003634      0x114 C:/devkitpro/devkitARM/bin/../lib/gcc/arm-none-eabi/16.1.0/thumb\libgcc.a(_arm_cmpsf2.o)
                0x08003634                __gesf2
                0x08003634                __gtsf2
                0x0800363c                __lesf2
                0x0800363c                __ltsf2
                0x08003644                __nesf2
                0x08003644                __eqsf2
                0x08003644                __cmpsf2
                0x080036a8                __aeabi_cfrcmple
                0x080036b8                __aeabi_cfcmpeq
                0x080036b8                __aeabi_cfcmple
                0x080036d0                __aeabi_fcmpeq
                0x080036e8                __aeabi_fcmplt
                0x08003700                __aeabi_fcmple
                0x08003718                __aeabi_fcmpge
                0x08003730                __aeabi_fcmpgt
 .text          0x08003748       0x38 C:/devkitpro/devkitARM/bin/../lib/gcc/arm-none-eabi/16.1.0/thumb\libgcc.a(_arm_unordsf2.o)
                0x08003748                __unordsf2
                0x08003748                __aeabi_fcmpun
 .text          0x08003780       0x5c C:/devkitpro/devkitARM/bin/../lib/gcc/arm-none-eabi/16.1.0/thumb\libgcc.a(_arm_fixsfsi.o)
                0x08003780                __aeabi_f2iz
                0x08003780                __fixsfsi
 .text          0x080037dc       0xd4 C:/devkitpro/devkitARM/bin/../lib/gcc/arm-none-eabi/16.1.0/thumb\libgcc.a(_aeabi_ldivmod.o)
                0x080037dc                __aeabi_ldivmod
 .text.__muldi3
                0x080038b0       0x58 C:/devkitpro/devkitARM/bin/../lib/gcc/arm-none-eabi/16.1.0/thumb\libgcc.a(_muldi3.o)
                0x080038b0                __muldi3
                0x080038b0                __aeabi_lmul
 .text.__udivmoddi4
                0x08003908      0x194 C:/devkitpro/devkitARM/bin/../lib/gcc/arm-none-eabi/16.1.0/thumb\libgcc.a(_udivmoddi4.o)
                0x08003908                __udivmoddi4
 .text          0x08003a9c        0x4 C:/devkitpro/devkitARM/bin/../lib/gcc/arm-none-eabi/16.1.0/thumb\libgcc.a(_dvmd_tls.o)
                0x08003a9c                __aeabi_idiv0
                0x08003a9c                __aeabi_ldiv0
 .text          0x08003aa0       0x28 C:/devkitpro/devkitARM/bin/../lib/gcc/arm-none-eabi/16.1.0/thumb\libgcc.a(_clzdi2.o)
                0x08003aa0                __clzdi2
 .text          0x08003ac8       0x48 C:/devkitpro/devkitARM/bin/../lib/gcc/arm-none-eabi/16.1.0/thumb\libgcc.a(_clzsi2.o)
                0x08003ac8                __clzsi2
 .text.memcpy   0x08003b10       0xac C:/devkitpro/devkitARM/bin/../lib/gcc/arm-none-eabi/16.1.0/../../../../arm-none-eabi/lib/thumb\libg.a(libc_a-memcpy-stub.o)
                0x08003b10                memcpy
 .text.printf   0x08003bbc       0x28 C:/devkitpro/devkitARM/bin/../lib/gcc/arm-none-eabi/16.1.0/../../../../arm-none-eabi/lib/thumb\libg.a(libc_a-printf.o)
                0x08003bbc                printf
 .text.__errno  0x08003be4        0xc C:/devkitpro/devkitARM/bin/../lib/gcc/arm-none-eabi/16.1.0/../../../../arm-none-eabi/lib/thumb\libg.a(libc_a-errno.o)
                0x08003be4                __errno
 .text.memset   0x08003bf0       0x8c C:/devkitpro/devkitARM/bin/../lib/gcc/arm-none-eabi/16.1.0/../../../../arm-none-eabi/lib/thumb\libg.a(libc_a-memset.o)
                0x08003bf0                memset
 .text.__libc_init_array
                0x08003c7c       0x54 C:/devkitpro/devkitARM/bin/../lib/gcc/arm-none-eabi/16.1.0/../../../../arm-none-eabi/lib/thumb\libg.a(libc_a-init.o)
                0x08003c7c                __libc_init_array
 .text.malloc   0x08003cd0       0x28 C:/devkitpro/devkitARM/bin/../lib/gcc/arm-none-eabi/16.1.0/../../../../arm-none-eabi/lib/thumb\libg.a(libc_a-malloc.o)
                0x08003cd0                malloc
 .text.free     0x08003cf8       0x14 C:/devkitpro/devkitARM/bin/../lib/gcc/arm-none-eabi/16.1.0/../../../../arm-none-eabi/lib/thumb\libg.a(libc_a-malloc.o)
                0x08003cf8                free
 .text._puts_r  0x08003d0c       0x88 C:/devkitpro/devkitARM/bin/../lib/gcc/arm-none-eabi/16.1.0/../../../../arm-none-eabi/lib/thumb\libg.a(libc_a-puts.o)
                0x08003d0c                _puts_r
 .text.puts     0x08003d94       0x14 C:/devkitpro/devkitARM/bin/../lib/gcc/arm-none-eabi/16.1.0/../../../../arm-none-eabi/lib/thumb\libg.a(libc_a-puts.o)
                0x08003d94                puts
 .text.putchar  0x08003da8       0x18 C:/devkitpro/devkitARM/bin/../lib/gcc/arm-none-eabi/16.1.0/../../../../arm-none-eabi/lib/thumb\libg.a(libc_a-putchar.o)
                0x08003da8                putchar
 .text.strlen   0x08003dc0       0x60 C:/devkitpro/devkitARM/bin/../lib/gcc/arm-none-eabi/16.1.0/../../../../arm-none-eabi/lib/thumb\libg.a(libc_a-strlen.o)
                0x08003dc0                strlen
 .text.get_arg  0x08003e20      0x404 C:/devkitpro/devkitARM/bin/../lib/gcc/arm-none-eabi/16.1.0/../../../../arm-none-eabi/lib/thumb\libg.a(libc_a-vfprintf.o)
 .text._vfprintf_r
                0x08004224     0x2394 C:/devkitpro/devkitARM/bin/../lib/gcc/arm-none-eabi/16.1.0/../../../../arm-none-eabi/lib/thumb\libg.a(libc_a-vfprintf.o)
                0x08004224                _vfprintf_r
 .text.__sbprintf
                0x080065b8       0x7c C:/devkitpro/devkitARM/bin/../lib/gcc/arm-none-eabi/16.1.0/../../../../arm-none-eabi/lib/thumb\libg.a(libc_a-vfprintf.o)
 .text._wcrtomb_r
                0x08006634       0x88 C:/devkitpro/devkitARM/bin/../lib/gcc/arm-none-eabi/16.1.0/../../../../arm-none-eabi/lib/thumb\libg.a(libc_a-wcrtomb.o)
                0x08006634                _wcrtomb_r
 .text.__sfvwrite_r
                0x080066bc      0x31c C:/devkitpro/devkitARM/bin/../lib/gcc/arm-none-eabi/16.1.0/../../../../arm-none-eabi/lib/thumb\libg.a(libc_a-fvwrite.o)
                0x080066bc                __sfvwrite_r
 .text._memalign_r
                0x080069d8      0x118 C:/devkitpro/devkitARM/bin/../lib/gcc/arm-none-eabi/16.1.0/../../../../arm-none-eabi/lib/thumb\libg.a(libc_a-malignr.o)
                0x080069d8                _memalign_r
 .text.__locale_mb_cur_max
                0x08006af0       0x20 C:/devkitpro/devkitARM/bin/../lib/gcc/arm-none-eabi/16.1.0/../../../../arm-none-eabi/lib/thumb\libg.a(libc_a-locale.o)
                0x08006af0                __locale_mb_cur_max
 .text.__sflush_r
                0x08006b10      0x180 C:/devkitpro/devkitARM/bin/../lib/gcc/arm-none-eabi/16.1.0/../../../../arm-none-eabi/lib/thumb\libg.a(libc_a-fflush.o)
                0x08006b10                __sflush_r
 .text._fflush_r
                0x08006c90       0x70 C:/devkitpro/devkitARM/bin/../lib/gcc/arm-none-eabi/16.1.0/../../../../arm-none-eabi/lib/thumb\libg.a(libc_a-fflush.o)
                0x08006c90                _fflush_r
 .text.__sprint_r
                0x08006d00       0x24 C:/devkitpro/devkitARM/bin/../lib/gcc/arm-none-eabi/16.1.0/../../../../arm-none-eabi/lib/thumb\libg.a(libc_a-sprint_r.o)
                0x08006d00                __sprint_r
 .text._putc_r  0x08006d24       0x88 C:/devkitpro/devkitARM/bin/../lib/gcc/arm-none-eabi/16.1.0/../../../../arm-none-eabi/lib/thumb\libg.a(libc_a-putc.o)
                0x08006d24                _putc_r
 .text._malloc_r
                0x08006dac      0x550 C:/devkitpro/devkitARM/bin/../lib/gcc/arm-none-eabi/16.1.0/../../../../arm-none-eabi/lib/thumb\libg.a(libc_a-mallocr.o)
                0x08006dac                _malloc_r
 .text.quorem   0x080072fc      0x160 C:/devkitpro/devkitARM/bin/../lib/gcc/arm-none-eabi/16.1.0/../../../../arm-none-eabi/lib/thumb\libg.a(libc_a-dtoa.o)
 .text._dtoa_r  0x0800745c     0x10a0 C:/devkitpro/devkitARM/bin/../lib/gcc/arm-none-eabi/16.1.0/../../../../arm-none-eabi/lib/thumb\libg.a(libc_a-dtoa.o)
                0x0800745c                _dtoa_r
 .text.__swbuf_r
                0x080084fc       0x98 C:/devkitpro/devkitARM/bin/../lib/gcc/arm-none-eabi/16.1.0/../../../../arm-none-eabi/lib/thumb\libg.a(libc_a-wbuf.o)
                0x080084fc                __swbuf_r
 .text._malloc_trim_r
                0x08008594       0xac C:/devkitpro/devkitARM/bin/../lib/gcc/arm-none-eabi/16.1.0/../../../../arm-none-eabi/lib/thumb\libg.a(libc_a-freer.o)
                0x08008594                _malloc_trim_r
 .text._free_r  0x08008640      0x1d8 C:/devkitpro/devkitARM/bin/../lib/gcc/arm-none-eabi/16.1.0/../../../../arm-none-eabi/lib/thumb\libg.a(libc_a-freer.o)
                0x08008640                _free_r
 .text.stdio_exit_handler
                0x08008818       0x20 C:/devkitpro/devkitARM/bin/../lib/gcc/arm-none-eabi/16.1.0/../../../../arm-none-eabi/lib/thumb\libg.a(libc_a-findfp.o)
 .text.cleanup_stdio
                0x08008838       0x40 C:/devkitpro/devkitARM/bin/../lib/gcc/arm-none-eabi/16.1.0/../../../../arm-none-eabi/lib/thumb\libg.a(libc_a-findfp.o)
 .text.global_stdio_init.part.0
                0x08008878      0x120 C:/devkitpro/devkitARM/bin/../lib/gcc/arm-none-eabi/16.1.0/../../../../arm-none-eabi/lib/thumb\libg.a(libc_a-findfp.o)
 .text.__sinit  0x08008998       0x3c C:/devkitpro/devkitARM/bin/../lib/gcc/arm-none-eabi/16.1.0/../../../../arm-none-eabi/lib/thumb\libg.a(libc_a-findfp.o)
                0x08008998                __sinit
 .text.__sfp_lock_acquire
                0x080089d4       0x14 C:/devkitpro/devkitARM/bin/../lib/gcc/arm-none-eabi/16.1.0/../../../../arm-none-eabi/lib/thumb\libg.a(libc_a-findfp.o)
                0x080089d4                __sfp_lock_acquire
 .text.__sfp_lock_release
                0x080089e8       0x14 C:/devkitpro/devkitARM/bin/../lib/gcc/arm-none-eabi/16.1.0/../../../../arm-none-eabi/lib/thumb\libg.a(libc_a-findfp.o)
                0x080089e8                __sfp_lock_release
 .text.strncpy  0x080089fc       0x68 C:/devkitpro/devkitARM/bin/../lib/gcc/arm-none-eabi/16.1.0/../../../../arm-none-eabi/lib/thumb\libg.a(libc_a-strncpy.o)
                0x080089fc                strncpy
 .text.memchr   0x08008a64       0x74 C:/devkitpro/devkitARM/bin/../lib/gcc/arm-none-eabi/16.1.0/../../../../arm-none-eabi/lib/thumb\libg.a(libc_a-memchr-stub.o)
                0x08008a64                memchr
 .text._wcsrtombs_r
                0x08008ad8       0x20 C:/devkitpro/devkitARM/bin/../lib/gcc/arm-none-eabi/16.1.0/../../../../arm-none-eabi/lib/thumb\libg.a(libc_a-wcsrtombs.o)
                0x08008ad8                _wcsrtombs_r
 .text.__swsetup_r
                0x08008af8       0xd4 C:/devkitpro/devkitARM/bin/../lib/gcc/arm-none-eabi/16.1.0/../../../../arm-none-eabi/lib/thumb\libg.a(libc_a-wsetup.o)
                0x08008af8                __swsetup_r
 .text._localeconv_r
                0x08008bcc       0x20 C:/devkitpro/devkitARM/bin/../lib/gcc/arm-none-eabi/16.1.0/../../../../arm-none-eabi/lib/thumb\libg.a(libc_a-localeconv.o)
                0x08008bcc                _localeconv_r
 .text.__sread  0x08008bec       0x34 C:/devkitpro/devkitARM/bin/../lib/gcc/arm-none-eabi/16.1.0/../../../../arm-none-eabi/lib/thumb\libg.a(libc_a-stdio.o)
                0x08008bec                __sread
 .text.__swrite
                0x08008c20       0x4c C:/devkitpro/devkitARM/bin/../lib/gcc/arm-none-eabi/16.1.0/../../../../arm-none-eabi/lib/thumb\libg.a(libc_a-stdio.o)
                0x08008c20                __swrite
 .text.__sseek  0x08008c6c       0x3c C:/devkitpro/devkitARM/bin/../lib/gcc/arm-none-eabi/16.1.0/../../../../arm-none-eabi/lib/thumb\libg.a(libc_a-stdio.o)
                0x08008c6c                __sseek
 .text.__sclose
                0x08008ca8       0x10 C:/devkitpro/devkitARM/bin/../lib/gcc/arm-none-eabi/16.1.0/../../../../arm-none-eabi/lib/thumb\libg.a(libc_a-stdio.o)
                0x08008ca8                __sclose
 .text.memmove  0x08008cb8      0x108 C:/devkitpro/devkitARM/bin/../lib/gcc/arm-none-eabi/16.1.0/../../../../arm-none-eabi/lib/thumb\libg.a(libc_a-memmove.o)
                0x08008cb8                memmove
 .text._realloc_r
                0x08008dc0      0x344 C:/devkitpro/devkitARM/bin/../lib/gcc/arm-none-eabi/16.1.0/../../../../arm-none-eabi/lib/thumb\libg.a(libc_a-reallocr.o)
                0x08008dc0                _realloc_r
 .text.__malloc_lock
                0x08009104       0x14 C:/devkitpro/devkitARM/bin/../lib/gcc/arm-none-eabi/16.1.0/../../../../arm-none-eabi/lib/thumb\libg.a(libc_a-mlock.o)
                0x08009104                __malloc_lock
 .text.__malloc_unlock
                0x08009118       0x14 C:/devkitpro/devkitARM/bin/../lib/gcc/arm-none-eabi/16.1.0/../../../../arm-none-eabi/lib/thumb\libg.a(libc_a-mlock.o)
                0x08009118                __malloc_unlock
 .text._fclose_r
                0x0800912c       0xe0 C:/devkitpro/devkitARM/bin/../lib/gcc/arm-none-eabi/16.1.0/../../../../arm-none-eabi/lib/thumb\libg.a(libc_a-fclose.o)
                0x0800912c                _fclose_r
 .text.__utf8_wctomb
                0x0800920c       0xbc C:/devkitpro/devkitARM/bin/../lib/gcc/arm-none-eabi/16.1.0/../../../../arm-none-eabi/lib/thumb\libg.a(libc_a-wctomb_r.o)
                0x0800920c                __utf8_wctomb
 .text._wcsnrtombs_l
                0x080092c8      0x120 C:/devkitpro/devkitARM/bin/../lib/gcc/arm-none-eabi/16.1.0/../../../../arm-none-eabi/lib/thumb\libg.a(libc_a-wcsnrtombs.o)
                0x080092c8                _wcsnrtombs_l
 .text._wcsnrtombs_r
                0x080093e8       0x40 C:/devkitpro/devkitARM/bin/../lib/gcc/arm-none-eabi/16.1.0/../../../../arm-none-eabi/lib/thumb\libg.a(libc_a-wcsnrtombs.o)
                0x080093e8                _wcsnrtombs_r
 .text.frexp    0x08009428       0x74 C:/devkitpro/devkitARM/bin/../lib/gcc/arm-none-eabi/16.1.0/../../../../arm-none-eabi/lib/thumb\libg.a(libm_a-s_frexp.o)
                0x08009428                frexp
 .text.__assert_func
                0x0800949c       0x40 C:/devkitpro/devkitARM/bin/../lib/gcc/arm-none-eabi/16.1.0/../../../../arm-none-eabi/lib/thumb\libg.a(libc_a-assert.o)
                0x0800949c                __assert_func
 .text._Balloc  0x080094dc       0x5c C:/devkitpro/devkitARM/bin/../lib/gcc/arm-none-eabi/16.1.0/../../../../arm-none-eabi/lib/thumb\libg.a(libc_a-mprec.o)
                0x080094dc                _Balloc
 .text._Bfree   0x08009538       0x14 C:/devkitpro/devkitARM/bin/../lib/gcc/arm-none-eabi/16.1.0/../../../../arm-none-eabi/lib/thumb\libg.a(libc_a-mprec.o)
                0x08009538                _Bfree
 .text.__multadd
                0x0800954c       0xa8 C:/devkitpro/devkitARM/bin/../lib/gcc/arm-none-eabi/16.1.0/../../../../arm-none-eabi/lib/thumb\libg.a(libc_a-mprec.o)
                0x0800954c                __multadd
 .text.__hi0bits
                0x080095f4       0x60 C:/devkitpro/devkitARM/bin/../lib/gcc/arm-none-eabi/16.1.0/../../../../arm-none-eabi/lib/thumb\libg.a(libc_a-mprec.o)
                0x080095f4                __hi0bits
 .text.__lo0bits
                0x08009654       0x8c C:/devkitpro/devkitARM/bin/../lib/gcc/arm-none-eabi/16.1.0/../../../../arm-none-eabi/lib/thumb\libg.a(libc_a-mprec.o)
                0x08009654                __lo0bits
 .text.__i2b    0x080096e0       0x64 C:/devkitpro/devkitARM/bin/../lib/gcc/arm-none-eabi/16.1.0/../../../../arm-none-eabi/lib/thumb\libg.a(libc_a-mprec.o)
                0x080096e0                __i2b
 .text.__multiply
                0x08009744      0x1b4 C:/devkitpro/devkitARM/bin/../lib/gcc/arm-none-eabi/16.1.0/../../../../arm-none-eabi/lib/thumb\libg.a(libc_a-mprec.o)
                0x08009744                __multiply
 .text.__pow5mult
                0x080098f8       0xd8 C:/devkitpro/devkitARM/bin/../lib/gcc/arm-none-eabi/16.1.0/../../../../arm-none-eabi/lib/thumb\libg.a(libc_a-mprec.o)
                0x080098f8                __pow5mult
 .text.__lshift
                0x080099d0       0xf8 C:/devkitpro/devkitARM/bin/../lib/gcc/arm-none-eabi/16.1.0/../../../../arm-none-eabi/lib/thumb\libg.a(libc_a-mprec.o)
                0x080099d0                __lshift
 .text.__mcmp   0x08009ac8       0x50 C:/devkitpro/devkitARM/bin/../lib/gcc/arm-none-eabi/16.1.0/../../../../arm-none-eabi/lib/thumb\libg.a(libc_a-mprec.o)
                0x08009ac8                __mcmp
 .text.__mdiff  0x08009b18      0x1a4 C:/devkitpro/devkitARM/bin/../lib/gcc/arm-none-eabi/16.1.0/../../../../arm-none-eabi/lib/thumb\libg.a(libc_a-mprec.o)
                0x08009b18                __mdiff
 .text.__d2b    0x08009cbc       0xd4 C:/devkitpro/devkitARM/bin/../lib/gcc/arm-none-eabi/16.1.0/../../../../arm-none-eabi/lib/thumb\libg.a(libc_a-mprec.o)
                0x08009cbc                __d2b
 .text._fwalk_sglue
                0x08009d90       0x4c C:/devkitpro/devkitARM/bin/../lib/gcc/arm-none-eabi/16.1.0/../../../../arm-none-eabi/lib/thumb\libg.a(libc_a-fwalk.o)
                0x08009d90                _fwalk_sglue
 .text.__utf8_mbtowc
                0x08009ddc      0x24c C:/devkitpro/devkitARM/bin/../lib/gcc/arm-none-eabi/16.1.0/../../../../arm-none-eabi/lib/thumb\libg.a(libc_a-mbtowc_r.o)
                0x08009ddc                __utf8_mbtowc
 .text.fiprintf
                0x0800a028       0x28 C:/devkitpro/devkitARM/bin/../lib/gcc/arm-none-eabi/16.1.0/../../../../arm-none-eabi/lib/thumb\libg.a(libc_a-fiprintf.o)
                0x0800a028                fiprintf
 .text.abort    0x0800a050       0x10 C:/devkitpro/devkitARM/bin/../lib/gcc/arm-none-eabi/16.1.0/../../../../arm-none-eabi/lib/thumb\libg.a(libc_a-abort.o)
                0x0800a050                abort
 .text.__smakebuf_r
                0x0800a060       0xe0 C:/devkitpro/devkitARM/bin/../lib/gcc/arm-none-eabi/16.1.0/../../../../arm-none-eabi/lib/thumb\libg.a(libc_a-makebuf.o)
                0x0800a060                __smakebuf_r
 .text._calloc_r
                0x0800a140       0xcc C:/devkitpro/devkitARM/bin/../lib/gcc/arm-none-eabi/16.1.0/../../../../arm-none-eabi/lib/thumb\libg.a(libc_a-callocr.o)
                0x0800a140                _calloc_r
 .text.get_arg  0x0800a20c      0x404 C:/devkitpro/devkitARM/bin/../lib/gcc/arm-none-eabi/16.1.0/../../../../arm-none-eabi/lib/thumb\libg.a(libc_a-vfiprintf.o)
 .text._vfiprintf_r
                0x0800a610     0x16d8 C:/devkitpro/devkitARM/bin/../lib/gcc/arm-none-eabi/16.1.0/../../../../arm-none-eabi/lib/thumb\libg.a(libc_a-vfiprintf.o)
                0x0800a610                _vfiprintf_r
 .text.__sbprintf
                0x0800bce8       0x7c C:/devkitpro/devkitARM/bin/../lib/gcc/arm-none-eabi/16.1.0/../../../../arm-none-eabi/lib/thumb\libg.a(libc_a-vfiprintf.o)
 .text._raise_r
                0x0800bd64       0x60 C:/devkitpro/devkitARM/bin/../lib/gcc/arm-none-eabi/16.1.0/../../../../arm-none-eabi/lib/thumb\libg.a(libc_a-signal.o)
                0x0800bd64                _raise_r
 .text.raise    0x0800bdc4       0x14 C:/devkitpro/devkitARM/bin/../lib/gcc/arm-none-eabi/16.1.0/../../../../arm-none-eabi/lib/thumb\libg.a(libc_a-signal.o)
                0x0800bdc4                raise
 .text._exit    0x0800bdd8       0x14 C:/devkitpro/devkitARM/bin/../lib/gcc/arm-none-eabi/16.1.0/../../../../arm-none-eabi/lib/thumb\libsysbase.a(libsysbase_libsysbase_a-_exit.o)
                0x0800bdd8                _exit
 .text._fstat_r
                0x0800bdec       0x5c C:/devkitpro/devkitARM/bin/../lib/gcc/arm-none-eabi/16.1.0/../../../../arm-none-eabi/lib/thumb\libsysbase.a(libsysbase_libsysbase_a-fstat.o)
                0x0800bdec                _fstat_r
 .text._getpid_r
                0x0800be48        0xc C:/devkitpro/devkitARM/bin/../lib/gcc/arm-none-eabi/16.1.0/../../../../arm-none-eabi/lib/thumb\libsysbase.a(libsysbase_libsysbase_a-getpid.o)
                0x0800be48                _getpid_r
 .text.__getreent
                0x0800be54       0x20 C:/devkitpro/devkitARM/bin/../lib/gcc/arm-none-eabi/16.1.0/../../../../arm-none-eabi/lib/thumb\libsysbase.a(libsysbase_libsysbase_a-getreent.o)
                0x0800be54                __getreent
 .text.__get_handle
                0x0800be74       0x34 C:/devkitpro/devkitARM/bin/../lib/gcc/arm-none-eabi/16.1.0/../../../../arm-none-eabi/lib/thumb\libsysbase.a(libsysbase_libsysbase_a-handle_manager.o)
                0x0800be74                __get_handle
 .text._close_r
                0x0800bea8       0xb0 C:/devkitpro/devkitARM/bin/../lib/gcc/arm-none-eabi/16.1.0/../../../../arm-none-eabi/lib/thumb\libsysbase.a(libsysbase_libsysbase_a-handle_manager.o)
                0x0800bea8                _close_r
 .text.null_write
                0x0800bf58        0x4 C:/devkitpro/devkitARM/bin/../lib/gcc/arm-none-eabi/16.1.0/../../../../arm-none-eabi/lib/thumb\libsysbase.a(libsysbase_libsysbase_a-iosupport.o)
 .text._isatty_r
                0x0800bf5c        0x4 C:/devkitpro/devkitARM/bin/../lib/gcc/arm-none-eabi/16.1.0/../../../../arm-none-eabi/lib/thumb\libsysbase.a(libsysbase_libsysbase_a-isatty.o)
                0x0800bf5c                _isatty_r
 .text._kill_r  0x0800bf60        0xc C:/devkitpro/devkitARM/bin/../lib/gcc/arm-none-eabi/16.1.0/../../../../arm-none-eabi/lib/thumb\libsysbase.a(libsysbase_libsysbase_a-kill.o)
                0x0800bf60                _kill_r
 .text._lseek_r
                0x0800bf6c       0x64 C:/devkitpro/devkitARM/bin/../lib/gcc/arm-none-eabi/16.1.0/../../../../arm-none-eabi/lib/thumb\libsysbase.a(libsysbase_libsysbase_a-lseek.o)
                0x0800bf6c                _lseek_r
 .text._read_r  0x0800bfd0       0x5c C:/devkitpro/devkitARM/bin/../lib/gcc/arm-none-eabi/16.1.0/../../../../arm-none-eabi/lib/thumb\libsysbase.a(libsysbase_libsysbase_a-read.o)
                0x0800bfd0                _read_r
 .text._sbrk_r  0x0800c02c       0x50 C:/devkitpro/devkitARM/bin/../lib/gcc/arm-none-eabi/16.1.0/../../../../arm-none-eabi/lib/thumb\libsysbase.a(libsysbase_libsysbase_a-sbrk.o)
                0x0800c02c                _sbrk_r
 .text.__libc_lock_acquire
                0x0800c07c       0x18 C:/devkitpro/devkitARM/bin/../lib/gcc/arm-none-eabi/16.1.0/../../../../arm-none-eabi/lib/thumb\libsysbase.a(libsysbase_libsysbase_a-syscall_support.o)
                0x0800c07c                __libc_lock_acquire
 .text.__libc_lock_release
                0x0800c094       0x18 C:/devkitpro/devkitARM/bin/../lib/gcc/arm-none-eabi/16.1.0/../../../../arm-none-eabi/lib/thumb\libsysbase.a(libsysbase_libsysbase_a-syscall_support.o)
                0x0800c094                __libc_lock_release
 .text.__libc_lock_acquire_recursive
                0x0800c0ac       0x18 C:/devkitpro/devkitARM/bin/../lib/gcc/arm-none-eabi/16.1.0/../../../../arm-none-eabi/lib/thumb\libsysbase.a(libsysbase_libsysbase_a-syscall_support.o)
                0x0800c0ac                __libc_lock_acquire_recursive
 .text.__libc_lock_release_recursive
                0x0800c0c4       0x18 C:/devkitpro/devkitARM/bin/../lib/gcc/arm-none-eabi/16.1.0/../../../../arm-none-eabi/lib/thumb\libsysbase.a(libsysbase_libsysbase_a-syscall_support.o)
                0x0800c0c4                __libc_lock_release_recursive
 .text._write_r
                0x0800c0dc       0x5c C:/devkitpro/devkitARM/bin/../lib/gcc/arm-none-eabi/16.1.0/../../../../arm-none-eabi/lib/thumb\libsysbase.a(libsysbase_libsysbase_a-write.o)
                0x0800c0dc                _write_r
 .text          0x0800c138       0x14 C:/devkitpro/devkitARM/bin/../lib/gcc/arm-none-eabi/16.1.0/thumb\libgcc.a(_thumb1_case_uqi.o)
                0x0800c138                __gnu_thumb1_case_uqi
 .text          0x0800c14c       0x14 C:/devkitpro/devkitARM/bin/../lib/gcc/arm-none-eabi/16.1.0/thumb\libgcc.a(_thumb1_case_uhi.o)
                0x0800c14c                __gnu_thumb1_case_uhi
 .text          0x0800c160      0x11c C:/devkitpro/devkitARM/bin/../lib/gcc/arm-none-eabi/16.1.0/thumb\libgcc.a(_udivsi3.o)
                0x0800c160                __aeabi_uidiv
                0x0800c160                __udivsi3
                0x0800c25c                __aeabi_uidivmod
 .text          0x0800c27c      0x150 C:/devkitpro/devkitARM/bin/../lib/gcc/arm-none-eabi/16.1.0/thumb\libgcc.a(_divsi3.o)
                0x0800c27c                __divsi3
                0x0800c27c                __aeabi_idiv
                0x0800c3ac                __aeabi_idivmod
 .text          0x0800c3cc      0x49c C:/devkitpro/devkitARM/bin/../lib/gcc/arm-none-eabi/16.1.0/thumb\libgcc.a(_arm_muldivdf3.o)
                0x0800c3cc                __aeabi_dmul
                0x0800c3cc                __muldf3
                0x0800c65c                __divdf3
                0x0800c65c                __aeabi_ddiv
 .text          0x0800c868      0x144 C:/devkitpro/devkitARM/bin/../lib/gcc/arm-none-eabi/16.1.0/thumb\libgcc.a(_arm_cmpdf2.o)
                0x0800c868                __gtdf2
                0x0800c868                __gedf2
                0x0800c870                __ltdf2
                0x0800c870                __ledf2
                0x0800c878                __nedf2
                0x0800c878                __eqdf2
                0x0800c878                __cmpdf2
                0x0800c900                __aeabi_cdrcmple
                0x0800c91c                __aeabi_cdcmpeq
                0x0800c91c                __aeabi_cdcmple
                0x0800c934                __aeabi_dcmpeq
                0x0800c94c                __aeabi_dcmplt
                0x0800c964                __aeabi_dcmple
                0x0800c97c                __aeabi_dcmpge
                0x0800c994                __aeabi_dcmpgt
 .text          0x0800c9ac       0x38 C:/devkitpro/devkitARM/bin/../lib/gcc/arm-none-eabi/16.1.0/thumb\libgcc.a(_arm_unorddf2.o)
                0x0800c9ac                __unorddf2
                0x0800c9ac                __aeabi_dcmpun
 .text          0x0800c9e4       0x5c C:/devkitpro/devkitARM/bin/../lib/gcc/arm-none-eabi/16.1.0/thumb\libgcc.a(_arm_fixdfsi.o)
                0x0800c9e4                __aeabi_d2iz
                0x0800c9e4                __fixdfsi
 .text          0x0800ca40       0x3c C:/devkitpro/devkitARM/bin/../lib/gcc/arm-none-eabi/16.1.0/thumb\libgcc.a(_aeabi_uldivmod.o)
                0x0800ca40                __aeabi_uldivmod
 *fill*         0x0800ca7c        0x4 ff
 .text.__stub   0x0800ca80      0x140 linker stubs
 *(.gnu.linkonce.t.*)
 *(.text.*personality*)
 *(.gnu.warning)
 *(.glue_7t)
 .glue_7t       0x0800cbc0        0x0 linker stubs
 *(.glue_7)
 .glue_7        0x0800cbc0        0x0 linker stubs
 *(.vfp11_veneer)
 .vfp11_veneer  0x0800cbc0        0x0 linker stubs
                0x0800cbc0                        . = ALIGN (0x4)
                0x0800cbd0                        __text_end = .

.v4_bx          0x0800cbd0        0x0
 .v4_bx         0x0800cbd0        0x0 linker stubs

.iplt           0x0800cbd0        0x0
 .iplt          0x0800cbd0        0x0 C:/devkitpro/devkitARM/bin/../lib/gcc/arm-none-eabi/16.1.0/../../../../arm-none-eabi/lib/thumb/gba_crt0.o

.fini           0x0800cbd0        0xc
 *(.fini)
 .fini          0x0800cbd0        0x4 C:/devkitpro/devkitARM/bin/../lib/gcc/arm-none-eabi/16.1.0/thumb/crti.o
                0x0800cbd0                _fini
 .fini          0x0800cbd4        0x8 C:/devkitpro/devkitARM/bin/../lib/gcc/arm-none-eabi/16.1.0/thumb/crtn.o
                0x0800cbdc                        . = ALIGN (0x4)

.rodata         0x0800cbe0      0xc88
 *(.rodata)
 .rodata        0x0800cbe0      0x180 main_gba.o
 .rodata        0x0800cd60       0x60 fox_draw.o
 *all.rodata*(*)
 *(.roda)
 *(.rodata.*)
 .rodata.str1.4
                0x0800cdc0      0x1fc fox_mesh.o
                                 0x27 (size before relaxing)
 .rodata.str1.4
                0x0800cfbc        0x0 fox_scene.o
                                 0x29 (size before relaxing)
 .rodata.npio2_hw
                0x0800cfbc       0x80 C:/devkitpro/devkitARM/bin/../lib/gcc/arm-none-eabi/16.1.0/../../../../arm-none-eabi/lib/thumb\libm.a(libm_a-ef_rem_pio2.o)
 .rodata.two_over_pi
                0x0800d03c      0x318 C:/devkitpro/devkitARM/bin/../lib/gcc/arm-none-eabi/16.1.0/../../../../arm-none-eabi/lib/thumb\libm.a(libm_a-ef_rem_pio2.o)
 .rodata.PIo2   0x0800d354       0x2c C:/devkitpro/devkitARM/bin/../lib/gcc/arm-none-eabi/16.1.0/../../../../arm-none-eabi/lib/thumb\libm.a(libm_a-kf_rem_pio2.o)
 .rodata.init_jk
                0x0800d380        0xc C:/devkitpro/devkitARM/bin/../lib/gcc/arm-none-eabi/16.1.0/../../../../arm-none-eabi/lib/thumb\libm.a(libm_a-kf_rem_pio2.o)
 .rodata.tiny   0x0800d38c        0x4 C:/devkitpro/devkitARM/bin/../lib/gcc/arm-none-eabi/16.1.0/../../../../arm-none-eabi/lib/thumb\libm.a(libm_a-ef_sqrt.o)
 .rodata.one    0x0800d390        0x4 C:/devkitpro/devkitARM/bin/../lib/gcc/arm-none-eabi/16.1.0/../../../../arm-none-eabi/lib/thumb\libm.a(libm_a-ef_sqrt.o)
 .rodata._puts_r.str1.4
                0x0800d394        0x0 C:/devkitpro/devkitARM/bin/../lib/gcc/arm-none-eabi/16.1.0/../../../../arm-none-eabi/lib/thumb\libg.a(libc_a-puts.o)
                                  0x2 (size before relaxing)
 .rodata._vfprintf_r.str1.1
                0x0800d394       0x3b C:/devkitpro/devkitARM/bin/../lib/gcc/arm-none-eabi/16.1.0/../../../../arm-none-eabi/lib/thumb\libg.a(libc_a-vfprintf.o)
 *fill*         0x0800d3cf        0x1 ff
 .rodata.zeroes.0
                0x0800d3d0       0x10 C:/devkitpro/devkitARM/bin/../lib/gcc/arm-none-eabi/16.1.0/../../../../arm-none-eabi/lib/thumb\libg.a(libc_a-vfprintf.o)
 .rodata.blanks.1
                0x0800d3e0       0x10 C:/devkitpro/devkitARM/bin/../lib/gcc/arm-none-eabi/16.1.0/../../../../arm-none-eabi/lib/thumb\libg.a(libc_a-vfprintf.o)
 .rodata.__action_table
                0x0800d3f0       0x6c C:/devkitpro/devkitARM/bin/../lib/gcc/arm-none-eabi/16.1.0/../../../../arm-none-eabi/lib/thumb\libg.a(libc_a-svfiprintf.o)
                0x0800d3f0                __action_table
 .rodata.__state_table
                0x0800d45c       0x6c C:/devkitpro/devkitARM/bin/../lib/gcc/arm-none-eabi/16.1.0/../../../../arm-none-eabi/lib/thumb\libg.a(libc_a-svfiprintf.o)
                0x0800d45c                __state_table
 .rodata.__chclass
                0x0800d4c8      0x100 C:/devkitpro/devkitARM/bin/../lib/gcc/arm-none-eabi/16.1.0/../../../../arm-none-eabi/lib/thumb\libg.a(libc_a-svfiprintf.o)
                0x0800d4c8                __chclass
 .rodata.str1.4
                0x0800d5c8        0x0 C:/devkitpro/devkitARM/bin/../lib/gcc/arm-none-eabi/16.1.0/../../../../arm-none-eabi/lib/thumb\libg.a(libc_a-locale.o)
                                 0x4c (size before relaxing)
 .rodata._dtoa_r.str1.4
                0x0800d5c8        0x0 C:/devkitpro/devkitARM/bin/../lib/gcc/arm-none-eabi/16.1.0/../../../../arm-none-eabi/lib/thumb\libg.a(libc_a-dtoa.o)
                                 0x9c (size before relaxing)
 .rodata._ctype_
                0x0800d5c8      0x101 C:/devkitpro/devkitARM/bin/../lib/gcc/arm-none-eabi/16.1.0/../../../../arm-none-eabi/lib/thumb\libg.a(libc_a-ctype_.o)
                0x0800d5c8                _ctype_
 .rodata.__assert_func.str1.4
                0x0800d6c9        0x0 C:/devkitpro/devkitARM/bin/../lib/gcc/arm-none-eabi/16.1.0/../../../../arm-none-eabi/lib/thumb\libg.a(libc_a-assert.o)
                                 0x43 (size before relaxing)
 .rodata.__multadd.str1.4
                0x0800d6c9        0x0 C:/devkitpro/devkitARM/bin/../lib/gcc/arm-none-eabi/16.1.0/../../../../arm-none-eabi/lib/thumb\libg.a(libc_a-mprec.o)
                                 0x89 (size before relaxing)
 *fill*         0x0800d6c9        0x3 ff
 .rodata.p05.0  0x0800d6cc        0xc C:/devkitpro/devkitARM/bin/../lib/gcc/arm-none-eabi/16.1.0/../../../../arm-none-eabi/lib/thumb\libg.a(libc_a-mprec.o)
 .rodata.__mprec_bigtens
                0x0800d6d8       0x28 C:/devkitpro/devkitARM/bin/../lib/gcc/arm-none-eabi/16.1.0/../../../../arm-none-eabi/lib/thumb\libg.a(libc_a-mprec.o)
                0x0800d6d8                __mprec_bigtens
 .rodata.__mprec_tens
                0x0800d700       0xc8 C:/devkitpro/devkitARM/bin/../lib/gcc/arm-none-eabi/16.1.0/../../../../arm-none-eabi/lib/thumb\libg.a(libc_a-mprec.o)
                0x0800d700                __mprec_tens
 .rodata._vfiprintf_r.str1.1
                0x0800d7c8        0x0 C:/devkitpro/devkitARM/bin/../lib/gcc/arm-none-eabi/16.1.0/../../../../arm-none-eabi/lib/thumb\libg.a(libc_a-vfiprintf.o)
                                 0x29 (size before relaxing)
 .rodata.zeroes.0
                0x0800d7c8       0x10 C:/devkitpro/devkitARM/bin/../lib/gcc/arm-none-eabi/16.1.0/../../../../arm-none-eabi/lib/thumb\libg.a(libc_a-vfiprintf.o)
 .rodata.blanks.1
                0x0800d7d8       0x10 C:/devkitpro/devkitARM/bin/../lib/gcc/arm-none-eabi/16.1.0/../../../../arm-none-eabi/lib/thumb\libg.a(libc_a-vfiprintf.o)
 .rodata.str1.4
                0x0800d7e8        0x0 C:/devkitpro/devkitARM/bin/../lib/gcc/arm-none-eabi/16.1.0/../../../../arm-none-eabi/lib/thumb\libsysbase.a(libsysbase_libsysbase_a-iosupport.o)
                                  0x8 (size before relaxing)
 .rodata.dotab_stdnull
                0x0800d7e8       0x80 C:/devkitpro/devkitARM/bin/../lib/gcc/arm-none-eabi/16.1.0/../../../../arm-none-eabi/lib/thumb\libsysbase.a(libsysbase_libsysbase_a-iosupport.o)
                0x0800d7e8                dotab_stdnull
 *(.gnu.linkonce.r*)
                0x0800d868                        . = ALIGN (0x4)

.ARM.extab
 *(.ARM.extab* .gnu.linkonce.armextab.*)
                0x0800d868                        __exidx_start = .

.ARM.exidx
 *(.ARM.exidx* .gnu.linkonce.armexidx.*)
                0x0800d868                        __exidx_end = .

.ctors          0x0800d868        0x0
 *crtbegin.o(.ctors)
 *(EXCLUDE_FILE(*crtend.o) .ctors)
 *(SORT_BY_NAME(.ctors.*))
 *(.ctors)
                0x0800d868                        . = ALIGN (0x4)

.dtors          0x0800d868        0x0
 *crtbegin.o(.dtors)
 *(EXCLUDE_FILE(*crtend.o) .dtors)
 *(SORT_BY_NAME(.dtors.*))
 *(.dtors)
                0x0800d868                        . = ALIGN (0x4)

.eh_frame       0x0800d868        0x4
 *(.eh_frame)
 .eh_frame      0x0800d868        0x0 C:/devkitpro/devkitARM/bin/../lib/gcc/arm-none-eabi/16.1.0/thumb/crtbegin.o
 .eh_frame      0x0800d868        0x4 C:/devkitpro/devkitARM/bin/../lib/gcc/arm-none-eabi/16.1.0/thumb/crtend.o
                0x0800d86c                        . = ALIGN (0x4)

.gcc_except_table
                0x0800d86c        0x0
 *(.gcc_except_table)
                0x0800d86c                        . = ALIGN (0x4)
                0x0800d86c                        __iwram_lma = .

.iwram          0x03000000     0x1228 load address 0x0800d86c
                0x03000000                        __iwram_start__ = ABSOLUTE (.)
 *(.iwram .iwram*)
 .iwram         0x03000000      0xc4c fox_3D.o
                0x03000000                TriangleClipping
                0x030005f0                vert_to_screen
                0x030006e4                rotateVertex
                0x03000788                rotateVertexInPlace
                0x03000838                computeRotScaleMatrix
                0x03000a68                computeRotMatrix
                0x03000c00                computeCamMatrix
 .iwram         0x03000c4c      0x4f4 fox_draw.o
                0x03000c4c                draw_tri_fixed
 .iwram         0x03001140       0xb8 C:/devkitpro/libgba/lib\libgba.a(InterruptDispatcher.o)
                0x03001140                IntrMain
 .iwram.__stub  0x030011f8       0x2c linker stubs
 *iwram.*(.text* .data*)
                0x03001224                        . = ALIGN (0x4)
                0x03001228                        __iwram_end__ = ABSOLUTE (.)
                0x0800ea94                        __data_lma = (__iwram_lma + SIZEOF (.iwram))

.bss            0x03001228     0x32d0
                0x03001228                        __bss_start = ABSOLUTE (.)
                0x03001228                        __bss_start__ = ABSOLUTE (.)
 *(.dynbss)
 *(.gnu.linkonce.b*)
 *(.bss*)
 .bss.completed.1
                0x03001228        0x1 C:/devkitpro/devkitARM/bin/../lib/gcc/arm-none-eabi/16.1.0/thumb/crtbegin.o
 *fill*         0x03001229        0x3 
 .bss.object.0  0x0300122c       0x18 C:/devkitpro/devkitARM/bin/../lib/gcc/arm-none-eabi/16.1.0/thumb/crtbegin.o
 .bss           0x03001244       0x6c main_gba.o
                0x03001244                screenBuffer
                0x03001248                mainBuffer
                0x0300124c                cam
                0x030012a0                bgColor
                0x030012a4                interlace
                0x030012a8                inputs
 .bss           0x030012b0        0x1 fox_draw.o
                0x030012b0                paletteIndex
 *fill*         0x030012b1        0x3 
 .bss           0x030012b4     0x3004 fox_scene.o
                0x030012b8                focalTable
                0x030022b8                cosTable
                0x030032b8                sinTable
 .bss           0x030042b8       0x78 C:/devkitpro/libgba/lib\libgba.a(interrupt.o)
                0x030042b8                IntrTable
 .bss.__malloc_current_mallinfo
                0x03004330       0x28 C:/devkitpro/devkitARM/bin/../lib/gcc/arm-none-eabi/16.1.0/../../../../arm-none-eabi/lib/thumb\libg.a(libc_a-mallocr.o)
                0x03004330                __malloc_current_mallinfo
 .bss.__malloc_max_total_mem
                0x03004358        0x4 C:/devkitpro/devkitARM/bin/../lib/gcc/arm-none-eabi/16.1.0/../../../../arm-none-eabi/lib/thumb\libg.a(libc_a-mallocr.o)
                0x03004358                __malloc_max_total_mem
 .bss.__malloc_max_sbrked_mem
                0x0300435c        0x4 C:/devkitpro/devkitARM/bin/../lib/gcc/arm-none-eabi/16.1.0/../../../../arm-none-eabi/lib/thumb\libg.a(libc_a-mallocr.o)
                0x0300435c                __malloc_max_sbrked_mem
 .bss.__malloc_top_pad
                0x03004360        0x4 C:/devkitpro/devkitARM/bin/../lib/gcc/arm-none-eabi/16.1.0/../../../../arm-none-eabi/lib/thumb\libg.a(libc_a-mallocr.o)
                0x03004360                __malloc_top_pad
 .bss.__sfp_recursive_mutex
                0x03004364        0xc C:/devkitpro/devkitARM/bin/../lib/gcc/arm-none-eabi/16.1.0/../../../../arm-none-eabi/lib/thumb\libg.a(libc_a-findfp.o)
 .bss.__sf      0x03004370      0x168 C:/devkitpro/devkitARM/bin/../lib/gcc/arm-none-eabi/16.1.0/../../../../arm-none-eabi/lib/thumb\libg.a(libc_a-findfp.o)
                0x03004370                __sf
 .bss.__stdio_exit_handler
                0x030044d8        0x4 C:/devkitpro/devkitARM/bin/../lib/gcc/arm-none-eabi/16.1.0/../../../../arm-none-eabi/lib/thumb\libg.a(libc_a-findfp.o)
                0x030044d8                __stdio_exit_handler
 .bss.__malloc_recursive_mutex
                0x030044dc        0xc C:/devkitpro/devkitARM/bin/../lib/gcc/arm-none-eabi/16.1.0/../../../../arm-none-eabi/lib/thumb\libg.a(libc_a-mlock.o)
 .bss.__hndl_lock
                0x030044e8        0x4 C:/devkitpro/devkitARM/bin/../lib/gcc/arm-none-eabi/16.1.0/../../../../arm-none-eabi/lib/thumb\libsysbase.a(libsysbase_libsysbase_a-handle_manager.o)
 .bss.fake_heap_start
                0x030044ec        0x4 C:/devkitpro/devkitARM/bin/../lib/gcc/arm-none-eabi/16.1.0/../../../../arm-none-eabi/lib/thumb\libsysbase.a(libsysbase_libsysbase_a-malloc_vars.o)
                0x030044ec                fake_heap_start
 .bss.fake_heap_end
                0x030044f0        0x4 C:/devkitpro/devkitARM/bin/../lib/gcc/arm-none-eabi/16.1.0/../../../../arm-none-eabi/lib/thumb\libsysbase.a(libsysbase_libsysbase_a-malloc_vars.o)
                0x030044f0                fake_heap_end
 .bss.heap_start.0
                0x030044f4        0x4 C:/devkitpro/devkitARM/bin/../lib/gcc/arm-none-eabi/16.1.0/../../../../arm-none-eabi/lib/thumb\libsysbase.a(libsysbase_libsysbase_a-sbrk.o)
 *(COMMON)
                0x030044f8                        . = ALIGN (0x4)
                0x030044f8                        __bss_end__ = ABSOLUTE (.)

.data           0x030044f8     0x1928 load address 0x0800ea94
                0x030044f8                        __data_start__ = ABSOLUTE (.)
 *(.data*)
 .data.__global_locale
                0x030044f8      0x254 C:/devkitpro/devkitARM/bin/../lib/gcc/arm-none-eabi/16.1.0/../../../../arm-none-eabi/lib/thumb\libg.a(libc_a-locale.o)
                0x030044f8                __global_locale
 .data.__malloc_sbrk_base
                0x0300474c        0x4 C:/devkitpro/devkitARM/bin/../lib/gcc/arm-none-eabi/16.1.0/../../../../arm-none-eabi/lib/thumb\libg.a(libc_a-mallocr.o)
                0x0300474c                __malloc_sbrk_base
 .data.__malloc_trim_threshold
                0x03004750        0x4 C:/devkitpro/devkitARM/bin/../lib/gcc/arm-none-eabi/16.1.0/../../../../arm-none-eabi/lib/thumb\libg.a(libc_a-mallocr.o)
                0x03004750                __malloc_trim_threshold
 *fill*         0x03004754        0x4 ff
 .data.__malloc_av_
                0x03004758      0x408 C:/devkitpro/devkitARM/bin/../lib/gcc/arm-none-eabi/16.1.0/../../../../arm-none-eabi/lib/thumb\libg.a(libc_a-mallocr.o)
                0x03004758                __malloc_av_
 .data.__sglue  0x03004b60        0xc C:/devkitpro/devkitARM/bin/../lib/gcc/arm-none-eabi/16.1.0/../../../../arm-none-eabi/lib/thumb\libg.a(libc_a-findfp.o)
                0x03004b60                __sglue
 .data._impure_ptr
                0x03004b6c        0x4 C:/devkitpro/devkitARM/bin/../lib/gcc/arm-none-eabi/16.1.0/../../../../arm-none-eabi/lib/thumb\libg.a(libc_a-impure.o)
                0x03004b6c                _impure_ptr
 .data._impure_data
                0x03004b70      0x200 C:/devkitpro/devkitARM/bin/../lib/gcc/arm-none-eabi/16.1.0/../../../../arm-none-eabi/lib/thumb\libg.a(libc_a-impure.o)
                0x03004b70                _impure_data
 .data.handles  0x03004d70     0x1000 C:/devkitpro/devkitARM/bin/../lib/gcc/arm-none-eabi/16.1.0/../../../../arm-none-eabi/lib/thumb\libsysbase.a(libsysbase_libsysbase_a-handle_manager.o)
 .data.__stderr_handle
                0x03005d70        0xc C:/devkitpro/devkitARM/bin/../lib/gcc/arm-none-eabi/16.1.0/../../../../arm-none-eabi/lib/thumb\libsysbase.a(libsysbase_libsysbase_a-handle_manager.o)
 .data.__stdout_handle
                0x03005d7c        0xc C:/devkitpro/devkitARM/bin/../lib/gcc/arm-none-eabi/16.1.0/../../../../arm-none-eabi/lib/thumb\libsysbase.a(libsysbase_libsysbase_a-handle_manager.o)
 .data.__stdin_handle
                0x03005d88        0xc C:/devkitpro/devkitARM/bin/../lib/gcc/arm-none-eabi/16.1.0/../../../../arm-none-eabi/lib/thumb\libsysbase.a(libsysbase_libsysbase_a-handle_manager.o)
 .data.devoptab_list
                0x03005d94       0x8c C:/devkitpro/devkitARM/bin/../lib/gcc/arm-none-eabi/16.1.0/../../../../arm-none-eabi/lib/thumb\libsysbase.a(libsysbase_libsysbase_a-iosupport.o)
                0x03005d94                devoptab_list
 *(.gnu.linkonce.d*)
                0x03005e20                        . = ALIGN (0x4)
                0x080103bc                        __preinit_lma = (__data_lma + SIZEOF (.data))

.igot.plt       0x03005e20        0x0 load address 0x080103bc
 .igot.plt      0x03005e20        0x0 C:/devkitpro/devkitARM/bin/../lib/gcc/arm-none-eabi/16.1.0/../../../../arm-none-eabi/lib/thumb/gba_crt0.o

.preinit_array  0x03005e20        0x0 load address 0x080103bc
                0x03005e20                        __preinit_array_start = ABSOLUTE (.)
 *(.preinit_array)
                0x03005e20                        __preinit_array_end = ABSOLUTE (.)
                0x080103bc                        __init_lma = (__preinit_lma + SIZEOF (.preinit_array))

.init_array     0x03005e20        0x4 load address 0x080103bc
                0x03005e20                        __init_array_start = ABSOLUTE (.)
 *(SORT_BY_NAME(.init_array.*))
 *(.init_array)
 .init_array    0x03005e20        0x4 C:/devkitpro/devkitARM/bin/../lib/gcc/arm-none-eabi/16.1.0/thumb/crtbegin.o
                0x03005e24                        __init_array_end = ABSOLUTE (.)
                0x080103c0                        __fini_lma = (__init_lma + SIZEOF (.init_array))

.fini_array     0x03005e24        0x4 load address 0x080103c0
                0x03005e24                        __fini_array_start = ABSOLUTE (.)
 *(SORT_BY_NAME(.fini_array.*))
 *(.fini_array)
 .fini_array    0x03005e24        0x4 C:/devkitpro/devkitARM/bin/../lib/gcc/arm-none-eabi/16.1.0/thumb/crtbegin.o
                0x03005e28                        __fini_array_end = ABSOLUTE (.)
                0x080103c4                        __jcr_lma = (__fini_lma + SIZEOF (.fini_array))

.jcr
 *(.jcr)
                0x03005e28                        __data_end__ = ABSOLUTE (.)
                0x080103c4                        __iwram_overlay_lma = (__jcr_lma + SIZEOF (.jcr))
                0x03005e28                        __iwram_overlay_start = .

.iwram0         0x03005e28        0x0 load address 0x080103c4
 *(.iwram0)
                0x03005e28                        . = ALIGN (0x4)
                0x080103c4                        PROVIDE (__load_start_iwram0 = LOADADDR (.iwram0))
                0x080103c4                        PROVIDE (__load_stop_iwram0 = (LOADADDR (.iwram0) + SIZEOF (.iwram0)))

.iwram1         0x03005e28        0x0
 *(.iwram1)
                0x03005e28                        . = ALIGN (0x4)
                [!provide]                        PROVIDE (__load_start_iwram1 = LOADADDR (.iwram1))
                [!provide]                        PROVIDE (__load_stop_iwram1 = (LOADADDR (.iwram1) + SIZEOF (.iwram1)))

.iwram2         0x03005e28        0x0
 *(.iwram2)
                0x03005e28                        . = ALIGN (0x4)
                [!provide]                        PROVIDE (__load_start_iwram2 = LOADADDR (.iwram2))
                [!provide]                        PROVIDE (__load_stop_iwram2 = (LOADADDR (.iwram2) + SIZEOF (.iwram2)))

.iwram3         0x03005e28        0x0
 *(.iwram3)
                0x03005e28                        . = ALIGN (0x4)
                [!provide]                        PROVIDE (__load_start_iwram3 = LOADADDR (.iwram3))
                [!provide]                        PROVIDE (__load_stop_iwram3 = (LOADADDR (.iwram3) + SIZEOF (.iwram3)))

.iwram4         0x03005e28        0x0
 *(.iwram4)
                0x03005e28                        . = ALIGN (0x4)
                [!provide]                        PROVIDE (__load_start_iwram4 = LOADADDR (.iwram4))
                [!provide]                        PROVIDE (__load_stop_iwram4 = (LOADADDR (.iwram4) + SIZEOF (.iwram4)))

.iwram5         0x03005e28        0x0
 *(.iwram5)
                0x03005e28                        . = ALIGN (0x4)
                [!provide]                        PROVIDE (__load_start_iwram5 = LOADADDR (.iwram5))
                [!provide]                        PROVIDE (__load_stop_iwram5 = (LOADADDR (.iwram5) + SIZEOF (.iwram5)))

.iwram6         0x03005e28        0x0
 *(.iwram6)
                0x03005e28                        . = ALIGN (0x4)
                [!provide]                        PROVIDE (__load_start_iwram6 = LOADADDR (.iwram6))
                [!provide]                        PROVIDE (__load_stop_iwram6 = (LOADADDR (.iwram6) + SIZEOF (.iwram6)))

.iwram7         0x03005e28        0x0
 *(.iwram7)
                0x03005e28                        . = ALIGN (0x4)
                [!provide]                        PROVIDE (__load_start_iwram7 = LOADADDR (.iwram7))
                [!provide]                        PROVIDE (__load_stop_iwram7 = (LOADADDR (.iwram7) + SIZEOF (.iwram7)))

.iwram8         0x03005e28        0x0
 *(.iwram8)
                0x03005e28                        . = ALIGN (0x4)
                [!provide]                        PROVIDE (__load_start_iwram8 = LOADADDR (.iwram8))
                [!provide]                        PROVIDE (__load_stop_iwram8 = (LOADADDR (.iwram8) + SIZEOF (.iwram8)))

.iwram9         0x03005e28        0x0
 *(.iwram9)
                0x03005e28                        . = ALIGN (0x4)
                [!provide]                        PROVIDE (__load_start_iwram9 = LOADADDR (.iwram9))
                [!provide]                        PROVIDE (__load_stop_iwram9 = (LOADADDR (.iwram9) + SIZEOF (.iwram9)))
                0x03005e28                        __iwram_overlay_end = .
                0x080103c4                        __ewram_lma = (__iwram_overlay_lma + (__iwram_overlay_end - __iwram_overlay_start))
                0x03005e28                        __iheap_start = .
                0x02000000                        __ewram_start = ORIGIN (ewram)

.ewram          0x02000000        0x0 load address 0x080103c4
 *(.ewram*)
                0x02000000                        . = ALIGN (0x4)
                0x02000000                        __ewram_end = ABSOLUTE (.)
                0x080103c4                        __pad_lma = (__ewram_lma + SIZEOF (.ewram))

.sbss           0x02000000     0x2ef8
                0x02000000                        __sbss_start__ = ABSOLUTE (.)
 *(.sbss*)
 .sbss          0x02000000       0x10 main_gba.o
                0x02000000                map
 .sbss          0x02000010     0x2ee8 fox_scene.o
                0x02002ef8                        . = ALIGN (0x4)
                0x02002ef8                        __sbss_end__ = ABSOLUTE (.)
                0x02002ef8                        __end__ = ABSOLUTE (.)
                0x02002ef8                        __eheap_start = ABSOLUTE (.)

.pad            0x02002ef8        0x8 load address 0x080103c4
                0x02002ef8        0x4 LONG 0x52416b64
                0x02002efc        0x4 LONG 0x4d
                0x02002f00                        . = ALIGN (0x4)
                0x080103cc                        __rom_end__ = (__pad_lma + SIZEOF (.pad))

.rel.dyn        0x02002f00        0x0 load address 0x080103cc
 .rel.iplt      0x02002f00        0x0 C:/devkitpro/devkitARM/bin/../lib/gcc/arm-none-eabi/16.1.0/../../../../arm-none-eabi/lib/thumb/gba_crt0.o

.stab
 *(.stab)

.stabstr
 *(.stabstr)

.stab.excl
 *(.stab.excl)

.stab.exclstr
 *(.stab.exclstr)

.stab.index
 *(.stab.index)

.stab.indexstr
 *(.stab.indexstr)

.comment        0x00000000       0x3b
 *(.comment)
 .comment       0x00000000       0x3b C:/devkitpro/devkitARM/bin/../lib/gcc/arm-none-eabi/16.1.0/thumb/crtbegin.o
                                 0x19 (size before relaxing)
 .comment       0x0000003b        0x0 main_gba.o
                                 0x19 (size before relaxing)
 .comment       0x0000003b        0x0 fox_3D.o
                                 0x19 (size before relaxing)
 .comment       0x0000003b        0x0 fox_draw.o
                                 0x19 (size before relaxing)
 .comment       0x0000003b        0x0 fox_mesh.o
                                 0x19 (size before relaxing)
 .comment       0x0000003b        0x0 fox_scene.o
                                 0x19 (size before relaxing)
 .comment       0x0000003b        0x0 C:/devkitpro/libgba/lib\libgba.a(interrupt.o)
                                 0x24 (size before relaxing)
 .comment       0x0000003b        0x0 C:/devkitpro/devkitARM/bin/../lib/gcc/arm-none-eabi/16.1.0/thumb\libgcc.a(_muldi3.o)
                                 0x19 (size before relaxing)
 .comment       0x0000003b        0x0 C:/devkitpro/devkitARM/bin/../lib/gcc/arm-none-eabi/16.1.0/thumb\libgcc.a(_udivmoddi4.o)
                                 0x19 (size before relaxing)
 .comment       0x0000003b        0x0 C:/devkitpro/devkitARM/bin/../lib/gcc/arm-none-eabi/16.1.0/thumb/crtend.o
                                 0x19 (size before relaxing)

.debug
 *(.debug)

.line
 *(.line)

.debug_srcinfo
 *(.debug_srcinfo)

.debug_sfnames
 *(.debug_sfnames)

.debug_aranges  0x00000000      0x3e0
 *(.debug_aranges)
 .debug_aranges
                0x00000000       0x20 main_gba.o
 .debug_aranges
                0x00000020       0x58 fox_3D.o
 .debug_aranges
                0x00000078       0x28 fox_draw.o
 .debug_aranges
                0x000000a0       0x20 fox_mesh.o
 .debug_aranges
                0x000000c0       0x20 fox_scene.o
 .debug_aranges
                0x000000e0       0x20 C:/devkitpro/libgba/lib\libgba.a(interrupt.o)
 .debug_aranges
                0x00000100       0x20 C:/devkitpro/libgba/lib\libgba.a(InterruptDispatcher.o)
 .debug_aranges
                0x00000120       0x20 C:/devkitpro/devkitARM/bin/../lib/gcc/arm-none-eabi/16.1.0/thumb\libgcc.a(_arm_addsubdf3.o)
 .debug_aranges
                0x00000140       0x20 C:/devkitpro/devkitARM/bin/../lib/gcc/arm-none-eabi/16.1.0/thumb\libgcc.a(_arm_truncdfsf2.o)
 .debug_aranges
                0x00000160       0x20 C:/devkitpro/devkitARM/bin/../lib/gcc/arm-none-eabi/16.1.0/thumb\libgcc.a(_arm_addsubsf3.o)
 .debug_aranges
                0x00000180       0x20 C:/devkitpro/devkitARM/bin/../lib/gcc/arm-none-eabi/16.1.0/thumb\libgcc.a(_arm_muldivsf3.o)
 .debug_aranges
                0x000001a0       0x20 C:/devkitpro/devkitARM/bin/../lib/gcc/arm-none-eabi/16.1.0/thumb\libgcc.a(_arm_cmpsf2.o)
 .debug_aranges
                0x000001c0       0x20 C:/devkitpro/devkitARM/bin/../lib/gcc/arm-none-eabi/16.1.0/thumb\libgcc.a(_arm_unordsf2.o)
 .debug_aranges
                0x000001e0       0x20 C:/devkitpro/devkitARM/bin/../lib/gcc/arm-none-eabi/16.1.0/thumb\libgcc.a(_arm_fixsfsi.o)
 .debug_aranges
                0x00000200       0x20 C:/devkitpro/devkitARM/bin/../lib/gcc/arm-none-eabi/16.1.0/thumb\libgcc.a(_aeabi_ldivmod.o)
 .debug_aranges
                0x00000220       0x20 C:/devkitpro/devkitARM/bin/../lib/gcc/arm-none-eabi/16.1.0/thumb\libgcc.a(_muldi3.o)
 .debug_aranges
                0x00000240       0x20 C:/devkitpro/devkitARM/bin/../lib/gcc/arm-none-eabi/16.1.0/thumb\libgcc.a(_udivmoddi4.o)
 .debug_aranges
                0x00000260       0x20 C:/devkitpro/devkitARM/bin/../lib/gcc/arm-none-eabi/16.1.0/thumb\libgcc.a(_dvmd_tls.o)
 .debug_aranges
                0x00000280       0x20 C:/devkitpro/devkitARM/bin/../lib/gcc/arm-none-eabi/16.1.0/thumb\libgcc.a(_clzdi2.o)
 .debug_aranges
                0x000002a0       0x20 C:/devkitpro/devkitARM/bin/../lib/gcc/arm-none-eabi/16.1.0/thumb\libgcc.a(_clzsi2.o)
 .debug_aranges
                0x000002c0       0x20 C:/devkitpro/devkitARM/bin/../lib/gcc/arm-none-eabi/16.1.0/thumb\libgcc.a(_thumb1_case_uqi.o)
 .debug_aranges
                0x000002e0       0x20 C:/devkitpro/devkitARM/bin/../lib/gcc/arm-none-eabi/16.1.0/thumb\libgcc.a(_thumb1_case_uhi.o)
 .debug_aranges
                0x00000300       0x20 C:/devkitpro/devkitARM/bin/../lib/gcc/arm-none-eabi/16.1.0/thumb\libgcc.a(_udivsi3.o)
 .debug_aranges
                0x00000320       0x20 C:/devkitpro/devkitARM/bin/../lib/gcc/arm-none-eabi/16.1.0/thumb\libgcc.a(_divsi3.o)
 .debug_aranges
                0x00000340       0x20 C:/devkitpro/devkitARM/bin/../lib/gcc/arm-none-eabi/16.1.0/thumb\libgcc.a(_arm_muldivdf3.o)
 .debug_aranges
                0x00000360       0x20 C:/devkitpro/devkitARM/bin/../lib/gcc/arm-none-eabi/16.1.0/thumb\libgcc.a(_arm_cmpdf2.o)
 .debug_aranges
                0x00000380       0x20 C:/devkitpro/devkitARM/bin/../lib/gcc/arm-none-eabi/16.1.0/thumb\libgcc.a(_arm_unorddf2.o)
 .debug_aranges
                0x000003a0       0x20 C:/devkitpro/devkitARM/bin/../lib/gcc/arm-none-eabi/16.1.0/thumb\libgcc.a(_arm_fixdfsi.o)
 .debug_aranges
                0x000003c0       0x20 C:/devkitpro/devkitARM/bin/../lib/gcc/arm-none-eabi/16.1.0/thumb\libgcc.a(_aeabi_uldivmod.o)

.debug_pubnames
 *(.debug_pubnames)

.debug_info     0x00000000    0x1055d
 *(.debug_info)
 .debug_info    0x00000000     0xb638 main_gba.o
 .debug_info    0x0000b638     0x1981 fox_3D.o
 .debug_info    0x0000cfb9      0xab1 fox_draw.o
 .debug_info    0x0000da6a      0x93c fox_mesh.o
 .debug_info    0x0000e3a6      0xeab fox_scene.o
 .debug_info    0x0000f251      0x418 C:/devkitpro/libgba/lib\libgba.a(interrupt.o)
 .debug_info    0x0000f669       0x25 C:/devkitpro/libgba/lib\libgba.a(InterruptDispatcher.o)
 .debug_info    0x0000f68e       0xd3 C:/devkitpro/devkitARM/bin/../lib/gcc/arm-none-eabi/16.1.0/thumb\libgcc.a(_arm_addsubdf3.o)
 .debug_info    0x0000f761       0x3f C:/devkitpro/devkitARM/bin/../lib/gcc/arm-none-eabi/16.1.0/thumb\libgcc.a(_arm_truncdfsf2.o)
 .debug_info    0x0000f7a0       0xcc C:/devkitpro/devkitARM/bin/../lib/gcc/arm-none-eabi/16.1.0/thumb\libgcc.a(_arm_addsubsf3.o)
 .debug_info    0x0000f86c       0x57 C:/devkitpro/devkitARM/bin/../lib/gcc/arm-none-eabi/16.1.0/thumb\libgcc.a(_arm_muldivsf3.o)
 .debug_info    0x0000f8c3       0xdb C:/devkitpro/devkitARM/bin/../lib/gcc/arm-none-eabi/16.1.0/thumb\libgcc.a(_arm_cmpsf2.o)
 .debug_info    0x0000f99e       0x3c C:/devkitpro/devkitARM/bin/../lib/gcc/arm-none-eabi/16.1.0/thumb\libgcc.a(_arm_unordsf2.o)
 .debug_info    0x0000f9da       0x3c C:/devkitpro/devkitARM/bin/../lib/gcc/arm-none-eabi/16.1.0/thumb\libgcc.a(_arm_fixsfsi.o)
 .debug_info    0x0000fa16       0x25 C:/devkitpro/devkitARM/bin/../lib/gcc/arm-none-eabi/16.1.0/thumb\libgcc.a(_aeabi_ldivmod.o)
 .debug_info    0x0000fa3b      0x427 C:/devkitpro/devkitARM/bin/../lib/gcc/arm-none-eabi/16.1.0/thumb\libgcc.a(_muldi3.o)
 .debug_info    0x0000fe62      0x3aa C:/devkitpro/devkitARM/bin/../lib/gcc/arm-none-eabi/16.1.0/thumb\libgcc.a(_udivmoddi4.o)
 .debug_info    0x0001020c       0x3c C:/devkitpro/devkitARM/bin/../lib/gcc/arm-none-eabi/16.1.0/thumb\libgcc.a(_dvmd_tls.o)
 .debug_info    0x00010248       0x31 C:/devkitpro/devkitARM/bin/../lib/gcc/arm-none-eabi/16.1.0/thumb\libgcc.a(_clzdi2.o)
 .debug_info    0x00010279       0x31 C:/devkitpro/devkitARM/bin/../lib/gcc/arm-none-eabi/16.1.0/thumb\libgcc.a(_clzsi2.o)
 .debug_info    0x000102aa       0x31 C:/devkitpro/devkitARM/bin/../lib/gcc/arm-none-eabi/16.1.0/thumb\libgcc.a(_thumb1_case_uqi.o)
 .debug_info    0x000102db       0x31 C:/devkitpro/devkitARM/bin/../lib/gcc/arm-none-eabi/16.1.0/thumb\libgcc.a(_thumb1_case_uhi.o)
 .debug_info    0x0001030c       0x3e C:/devkitpro/devkitARM/bin/../lib/gcc/arm-none-eabi/16.1.0/thumb\libgcc.a(_udivsi3.o)
 .debug_info    0x0001034a       0x3e C:/devkitpro/devkitARM/bin/../lib/gcc/arm-none-eabi/16.1.0/thumb\libgcc.a(_divsi3.o)
 .debug_info    0x00010388       0x57 C:/devkitpro/devkitARM/bin/../lib/gcc/arm-none-eabi/16.1.0/thumb\libgcc.a(_arm_muldivdf3.o)
 .debug_info    0x000103df       0xe2 C:/devkitpro/devkitARM/bin/../lib/gcc/arm-none-eabi/16.1.0/thumb\libgcc.a(_arm_cmpdf2.o)
 .debug_info    0x000104c1       0x3c C:/devkitpro/devkitARM/bin/../lib/gcc/arm-none-eabi/16.1.0/thumb\libgcc.a(_arm_unorddf2.o)
 .debug_info    0x000104fd       0x3c C:/devkitpro/devkitARM/bin/../lib/gcc/arm-none-eabi/16.1.0/thumb\libgcc.a(_arm_fixdfsi.o)
 .debug_info    0x00010539       0x24 C:/devkitpro/devkitARM/bin/../lib/gcc/arm-none-eabi/16.1.0/thumb\libgcc.a(_aeabi_uldivmod.o)

.debug_abbrev   0x00000000     0x15ee
 *(.debug_abbrev)
 .debug_abbrev  0x00000000      0x38b main_gba.o
 .debug_abbrev  0x0000038b      0x2f6 fox_3D.o
 .debug_abbrev  0x00000681      0x269 fox_draw.o
 .debug_abbrev  0x000008ea      0x249 fox_mesh.o
 .debug_abbrev  0x00000b33      0x314 fox_scene.o
 .debug_abbrev  0x00000e47      0x21f C:/devkitpro/libgba/lib\libgba.a(interrupt.o)
 .debug_abbrev  0x00001066       0x14 C:/devkitpro/libgba/lib\libgba.a(InterruptDispatcher.o)
 .debug_abbrev  0x0000107a       0x28 C:/devkitpro/devkitARM/bin/../lib/gcc/arm-none-eabi/16.1.0/thumb\libgcc.a(_arm_addsubdf3.o)
 .debug_abbrev  0x000010a2       0x28 C:/devkitpro/devkitARM/bin/../lib/gcc/arm-none-eabi/16.1.0/thumb\libgcc.a(_arm_truncdfsf2.o)
 .debug_abbrev  0x000010ca       0x28 C:/devkitpro/devkitARM/bin/../lib/gcc/arm-none-eabi/16.1.0/thumb\libgcc.a(_arm_addsubsf3.o)
 .debug_abbrev  0x000010f2       0x28 C:/devkitpro/devkitARM/bin/../lib/gcc/arm-none-eabi/16.1.0/thumb\libgcc.a(_arm_muldivsf3.o)
 .debug_abbrev  0x0000111a       0x28 C:/devkitpro/devkitARM/bin/../lib/gcc/arm-none-eabi/16.1.0/thumb\libgcc.a(_arm_cmpsf2.o)
 .debug_abbrev  0x00001142       0x28 C:/devkitpro/devkitARM/bin/../lib/gcc/arm-none-eabi/16.1.0/thumb\libgcc.a(_arm_unordsf2.o)
 .debug_abbrev  0x0000116a       0x28 C:/devkitpro/devkitARM/bin/../lib/gcc/arm-none-eabi/16.1.0/thumb\libgcc.a(_arm_fixsfsi.o)
 .debug_abbrev  0x00001192       0x14 C:/devkitpro/devkitARM/bin/../lib/gcc/arm-none-eabi/16.1.0/thumb\libgcc.a(_aeabi_ldivmod.o)
 .debug_abbrev  0x000011a6      0x158 C:/devkitpro/devkitARM/bin/../lib/gcc/arm-none-eabi/16.1.0/thumb\libgcc.a(_muldi3.o)
 .debug_abbrev  0x000012fe      0x126 C:/devkitpro/devkitARM/bin/../lib/gcc/arm-none-eabi/16.1.0/thumb\libgcc.a(_udivmoddi4.o)
 .debug_abbrev  0x00001424       0x26 C:/devkitpro/devkitARM/bin/../lib/gcc/arm-none-eabi/16.1.0/thumb\libgcc.a(_dvmd_tls.o)
 .debug_abbrev  0x0000144a       0x28 C:/devkitpro/devkitARM/bin/../lib/gcc/arm-none-eabi/16.1.0/thumb\libgcc.a(_clzdi2.o)
 .debug_abbrev  0x00001472       0x28 C:/devkitpro/devkitARM/bin/../lib/gcc/arm-none-eabi/16.1.0/thumb\libgcc.a(_clzsi2.o)
 .debug_abbrev  0x0000149a       0x28 C:/devkitpro/devkitARM/bin/../lib/gcc/arm-none-eabi/16.1.0/thumb\libgcc.a(_thumb1_case_uqi.o)
 .debug_abbrev  0x000014c2       0x28 C:/devkitpro/devkitARM/bin/../lib/gcc/arm-none-eabi/16.1.0/thumb\libgcc.a(_thumb1_case_uhi.o)
 .debug_abbrev  0x000014ea       0x28 C:/devkitpro/devkitARM/bin/../lib/gcc/arm-none-eabi/16.1.0/thumb\libgcc.a(_udivsi3.o)
 .debug_abbrev  0x00001512       0x28 C:/devkitpro/devkitARM/bin/../lib/gcc/arm-none-eabi/16.1.0/thumb\libgcc.a(_divsi3.o)
 .debug_abbrev  0x0000153a       0x28 C:/devkitpro/devkitARM/bin/../lib/gcc/arm-none-eabi/16.1.0/thumb\libgcc.a(_arm_muldivdf3.o)
 .debug_abbrev  0x00001562       0x28 C:/devkitpro/devkitARM/bin/../lib/gcc/arm-none-eabi/16.1.0/thumb\libgcc.a(_arm_cmpdf2.o)
 .debug_abbrev  0x0000158a       0x28 C:/devkitpro/devkitARM/bin/../lib/gcc/arm-none-eabi/16.1.0/thumb\libgcc.a(_arm_unorddf2.o)
 .debug_abbrev  0x000015b2       0x28 C:/devkitpro/devkitARM/bin/../lib/gcc/arm-none-eabi/16.1.0/thumb\libgcc.a(_arm_fixdfsi.o)
 .debug_abbrev  0x000015da       0x14 C:/devkitpro/devkitARM/bin/../lib/gcc/arm-none-eabi/16.1.0/thumb\libgcc.a(_aeabi_uldivmod.o)

.debug_line     0x00000000     0x4a4d
 *(.debug_line)
 .debug_line    0x00000000      0x95a main_gba.o
 .debug_line    0x0000095a     0x11a8 fox_3D.o
 .debug_line    0x00001b02      0x987 fox_draw.o
 .debug_line    0x00002489      0x559 fox_mesh.o
 .debug_line    0x000029e2      0x877 fox_scene.o
 .debug_line    0x00003259      0x950 C:/devkitpro/libgba/lib\libgba.a(interrupt.o)
 .debug_line    0x00003ba9       0x78 C:/devkitpro/libgba/lib\libgba.a(InterruptDispatcher.o)
 .debug_line    0x00003c21      0x158 C:/devkitpro/devkitARM/bin/../lib/gcc/arm-none-eabi/16.1.0/thumb\libgcc.a(_arm_addsubdf3.o)
 .debug_line    0x00003d79       0x71 C:/devkitpro/devkitARM/bin/../lib/gcc/arm-none-eabi/16.1.0/thumb\libgcc.a(_arm_truncdfsf2.o)
 .debug_line    0x00003dea       0xff C:/devkitpro/devkitARM/bin/../lib/gcc/arm-none-eabi/16.1.0/thumb\libgcc.a(_arm_addsubsf3.o)
 .debug_line    0x00003ee9      0x109 C:/devkitpro/devkitARM/bin/../lib/gcc/arm-none-eabi/16.1.0/thumb\libgcc.a(_arm_muldivsf3.o)
 .debug_line    0x00003ff2       0x8e C:/devkitpro/devkitARM/bin/../lib/gcc/arm-none-eabi/16.1.0/thumb\libgcc.a(_arm_cmpsf2.o)
 .debug_line    0x00004080       0x57 C:/devkitpro/devkitARM/bin/../lib/gcc/arm-none-eabi/16.1.0/thumb\libgcc.a(_arm_unordsf2.o)
 .debug_line    0x000040d7       0x60 C:/devkitpro/devkitARM/bin/../lib/gcc/arm-none-eabi/16.1.0/thumb\libgcc.a(_arm_fixsfsi.o)
 .debug_line    0x00004137       0x6c C:/devkitpro/devkitARM/bin/../lib/gcc/arm-none-eabi/16.1.0/thumb\libgcc.a(_aeabi_ldivmod.o)
 .debug_line    0x000041a3      0x149 C:/devkitpro/devkitARM/bin/../lib/gcc/arm-none-eabi/16.1.0/thumb\libgcc.a(_muldi3.o)
 .debug_line    0x000042ec      0x1e7 C:/devkitpro/devkitARM/bin/../lib/gcc/arm-none-eabi/16.1.0/thumb\libgcc.a(_udivmoddi4.o)
 .debug_line    0x000044d3       0x4a C:/devkitpro/devkitARM/bin/../lib/gcc/arm-none-eabi/16.1.0/thumb\libgcc.a(_dvmd_tls.o)
 .debug_line    0x0000451d       0x54 C:/devkitpro/devkitARM/bin/../lib/gcc/arm-none-eabi/16.1.0/thumb\libgcc.a(_clzdi2.o)
 .debug_line    0x00004571       0x57 C:/devkitpro/devkitARM/bin/../lib/gcc/arm-none-eabi/16.1.0/thumb\libgcc.a(_clzsi2.o)
 .debug_line    0x000045c8       0x52 C:/devkitpro/devkitARM/bin/../lib/gcc/arm-none-eabi/16.1.0/thumb\libgcc.a(_thumb1_case_uqi.o)
 .debug_line    0x0000461a       0x53 C:/devkitpro/devkitARM/bin/../lib/gcc/arm-none-eabi/16.1.0/thumb\libgcc.a(_thumb1_case_uhi.o)
 .debug_line    0x0000466d       0x67 C:/devkitpro/devkitARM/bin/../lib/gcc/arm-none-eabi/16.1.0/thumb\libgcc.a(_udivsi3.o)
 .debug_line    0x000046d4       0x73 C:/devkitpro/devkitARM/bin/../lib/gcc/arm-none-eabi/16.1.0/thumb\libgcc.a(_divsi3.o)
 .debug_line    0x00004747      0x167 C:/devkitpro/devkitARM/bin/../lib/gcc/arm-none-eabi/16.1.0/thumb\libgcc.a(_arm_muldivdf3.o)
 .debug_line    0x000048ae       0x9a C:/devkitpro/devkitARM/bin/../lib/gcc/arm-none-eabi/16.1.0/thumb\libgcc.a(_arm_cmpdf2.o)
 .debug_line    0x00004948       0x57 C:/devkitpro/devkitARM/bin/../lib/gcc/arm-none-eabi/16.1.0/thumb\libgcc.a(_arm_unorddf2.o)
 .debug_line    0x0000499f       0x60 C:/devkitpro/devkitARM/bin/../lib/gcc/arm-none-eabi/16.1.0/thumb\libgcc.a(_arm_fixdfsi.o)
 .debug_line    0x000049ff       0x4e C:/devkitpro/devkitARM/bin/../lib/gcc/arm-none-eabi/16.1.0/thumb\libgcc.a(_aeabi_uldivmod.o)

.debug_frame    0x00000000      0x9d8
 *(.debug_frame)
 .debug_frame   0x00000000       0x3c main_gba.o
 .debug_frame   0x0000003c      0x1dc fox_3D.o
 .debug_frame   0x00000218       0xe8 fox_draw.o
 .debug_frame   0x00000300       0x3c fox_mesh.o
 .debug_frame   0x0000033c      0x110 fox_scene.o
 .debug_frame   0x0000044c       0xb0 C:/devkitpro/libgba/lib\libgba.a(interrupt.o)
 .debug_frame   0x000004fc       0xac C:/devkitpro/devkitARM/bin/../lib/gcc/arm-none-eabi/16.1.0/thumb\libgcc.a(_arm_addsubdf3.o)
 .debug_frame   0x000005a8       0x24 C:/devkitpro/devkitARM/bin/../lib/gcc/arm-none-eabi/16.1.0/thumb\libgcc.a(_arm_truncdfsf2.o)
 .debug_frame   0x000005cc       0x4c C:/devkitpro/devkitARM/bin/../lib/gcc/arm-none-eabi/16.1.0/thumb\libgcc.a(_arm_addsubsf3.o)
 .debug_frame   0x00000618       0x38 C:/devkitpro/devkitARM/bin/../lib/gcc/arm-none-eabi/16.1.0/thumb\libgcc.a(_arm_muldivsf3.o)
 .debug_frame   0x00000650       0xc8 C:/devkitpro/devkitARM/bin/../lib/gcc/arm-none-eabi/16.1.0/thumb\libgcc.a(_arm_cmpsf2.o)
 .debug_frame   0x00000718       0x24 C:/devkitpro/devkitARM/bin/../lib/gcc/arm-none-eabi/16.1.0/thumb\libgcc.a(_arm_unordsf2.o)
 .debug_frame   0x0000073c       0x24 C:/devkitpro/devkitARM/bin/../lib/gcc/arm-none-eabi/16.1.0/thumb\libgcc.a(_arm_fixsfsi.o)
 .debug_frame   0x00000760       0x44 C:/devkitpro/devkitARM/bin/../lib/gcc/arm-none-eabi/16.1.0/thumb\libgcc.a(_aeabi_ldivmod.o)
 .debug_frame   0x000007a4       0x34 C:/devkitpro/devkitARM/bin/../lib/gcc/arm-none-eabi/16.1.0/thumb\libgcc.a(_muldi3.o)
 .debug_frame   0x000007d8       0x3c C:/devkitpro/devkitARM/bin/../lib/gcc/arm-none-eabi/16.1.0/thumb\libgcc.a(_udivmoddi4.o)
 .debug_frame   0x00000814       0x20 C:/devkitpro/devkitARM/bin/../lib/gcc/arm-none-eabi/16.1.0/thumb\libgcc.a(_udivsi3.o)
 .debug_frame   0x00000834       0x20 C:/devkitpro/devkitARM/bin/../lib/gcc/arm-none-eabi/16.1.0/thumb\libgcc.a(_divsi3.o)
 .debug_frame   0x00000854       0x50 C:/devkitpro/devkitARM/bin/../lib/gcc/arm-none-eabi/16.1.0/thumb\libgcc.a(_arm_muldivdf3.o)
 .debug_frame   0x000008a4       0xc4 C:/devkitpro/devkitARM/bin/../lib/gcc/arm-none-eabi/16.1.0/thumb\libgcc.a(_arm_cmpdf2.o)
 .debug_frame   0x00000968       0x20 C:/devkitpro/devkitARM/bin/../lib/gcc/arm-none-eabi/16.1.0/thumb\libgcc.a(_arm_unorddf2.o)
 .debug_frame   0x00000988       0x24 C:/devkitpro/devkitARM/bin/../lib/gcc/arm-none-eabi/16.1.0/thumb\libgcc.a(_arm_fixdfsi.o)
 .debug_frame   0x000009ac       0x2c C:/devkitpro/devkitARM/bin/../lib/gcc/arm-none-eabi/16.1.0/thumb\libgcc.a(_aeabi_uldivmod.o)

.debug_str      0x00000000     0x1a44
 *(.debug_str)
 .debug_str     0x00000000     0x1a44 main_gba.o
                                0x7bc (size before relaxing)
 .debug_str     0x00001a44        0x0 fox_3D.o
                                0x3de (size before relaxing)
 .debug_str     0x00001a44        0x0 fox_draw.o
                                0x354 (size before relaxing)
 .debug_str     0x00001a44        0x0 fox_mesh.o
                                0x31d (size before relaxing)
 .debug_str     0x00001a44        0x0 fox_scene.o
                                0x538 (size before relaxing)
 .debug_str     0x00001a44        0x0 C:/devkitpro/libgba/lib\libgba.a(interrupt.o)
                                0x334 (size before relaxing)
 .debug_str     0x00001a44        0x0 C:/devkitpro/libgba/lib\libgba.a(InterruptDispatcher.o)
                                 0xba (size before relaxing)
 .debug_str     0x00001a44        0x0 C:/devkitpro/devkitARM/bin/../lib/gcc/arm-none-eabi/16.1.0/thumb\libgcc.a(_arm_addsubdf3.o)
                                0x188 (size before relaxing)
 .debug_str     0x00001a44        0x0 C:/devkitpro/devkitARM/bin/../lib/gcc/arm-none-eabi/16.1.0/thumb\libgcc.a(_arm_truncdfsf2.o)
                                 0xf5 (size before relaxing)
 .debug_str     0x00001a44        0x0 C:/devkitpro/devkitARM/bin/../lib/gcc/arm-none-eabi/16.1.0/thumb\libgcc.a(_arm_addsubsf3.o)
                                0x17c (size before relaxing)
 .debug_str     0x00001a44        0x0 C:/devkitpro/devkitARM/bin/../lib/gcc/arm-none-eabi/16.1.0/thumb\libgcc.a(_arm_muldivsf3.o)
                                0x108 (size before relaxing)
 .debug_str     0x00001a44        0x0 C:/devkitpro/devkitARM/bin/../lib/gcc/arm-none-eabi/16.1.0/thumb\libgcc.a(_arm_cmpsf2.o)
                                0x191 (size before relaxing)
 .debug_str     0x00001a44        0x0 C:/devkitpro/devkitARM/bin/../lib/gcc/arm-none-eabi/16.1.0/thumb\libgcc.a(_arm_unordsf2.o)
                                 0xf6 (size before relaxing)
 .debug_str     0x00001a44        0x0 C:/devkitpro/devkitARM/bin/../lib/gcc/arm-none-eabi/16.1.0/thumb\libgcc.a(_arm_fixsfsi.o)
                                 0xf3 (size before relaxing)
 .debug_str     0x00001a44        0x0 C:/devkitpro/devkitARM/bin/../lib/gcc/arm-none-eabi/16.1.0/thumb\libgcc.a(_aeabi_ldivmod.o)
                                 0xd7 (size before relaxing)
 .debug_str     0x00001a44        0x0 C:/devkitpro/devkitARM/bin/../lib/gcc/arm-none-eabi/16.1.0/thumb\libgcc.a(_muldi3.o)
                                0x6ad (size before relaxing)
 .debug_str     0x00001a44        0x0 C:/devkitpro/devkitARM/bin/../lib/gcc/arm-none-eabi/16.1.0/thumb\libgcc.a(_udivmoddi4.o)
                                0x686 (size before relaxing)
 .debug_str     0x00001a44        0x0 C:/devkitpro/devkitARM/bin/../lib/gcc/arm-none-eabi/16.1.0/thumb\libgcc.a(_dvmd_tls.o)
                                 0xf7 (size before relaxing)
 .debug_str     0x00001a44        0x0 C:/devkitpro/devkitARM/bin/../lib/gcc/arm-none-eabi/16.1.0/thumb\libgcc.a(_clzdi2.o)
                                 0xe4 (size before relaxing)
 .debug_str     0x00001a44        0x0 C:/devkitpro/devkitARM/bin/../lib/gcc/arm-none-eabi/16.1.0/thumb\libgcc.a(_clzsi2.o)
                                 0xe4 (size before relaxing)
 .debug_str     0x00001a44        0x0 C:/devkitpro/devkitARM/bin/../lib/gcc/arm-none-eabi/16.1.0/thumb\libgcc.a(_thumb1_case_uqi.o)
                                 0xf1 (size before relaxing)
 .debug_str     0x00001a44        0x0 C:/devkitpro/devkitARM/bin/../lib/gcc/arm-none-eabi/16.1.0/thumb\libgcc.a(_thumb1_case_uhi.o)
                                 0xf1 (size before relaxing)
 .debug_str     0x00001a44        0x0 C:/devkitpro/devkitARM/bin/../lib/gcc/arm-none-eabi/16.1.0/thumb\libgcc.a(_udivsi3.o)
                                 0xf6 (size before relaxing)
 .debug_str     0x00001a44        0x0 C:/devkitpro/devkitARM/bin/../lib/gcc/arm-none-eabi/16.1.0/thumb\libgcc.a(_divsi3.o)
                                 0xf4 (size before relaxing)
 .debug_str     0x00001a44        0x0 C:/devkitpro/devkitARM/bin/../lib/gcc/arm-none-eabi/16.1.0/thumb\libgcc.a(_arm_muldivdf3.o)
                                0x108 (size before relaxing)
 .debug_str     0x00001a44        0x0 C:/devkitpro/devkitARM/bin/../lib/gcc/arm-none-eabi/16.1.0/thumb\libgcc.a(_arm_cmpdf2.o)
                                0x191 (size before relaxing)
 .debug_str     0x00001a44        0x0 C:/devkitpro/devkitARM/bin/../lib/gcc/arm-none-eabi/16.1.0/thumb\libgcc.a(_arm_unorddf2.o)
                                 0xf6 (size before relaxing)
 .debug_str     0x00001a44        0x0 C:/devkitpro/devkitARM/bin/../lib/gcc/arm-none-eabi/16.1.0/thumb\libgcc.a(_arm_fixdfsi.o)
                                 0xf3 (size before relaxing)
 .debug_str     0x00001a44        0x0 C:/devkitpro/devkitARM/bin/../lib/gcc/arm-none-eabi/16.1.0/thumb\libgcc.a(_aeabi_uldivmod.o)
                                 0xd7 (size before relaxing)

.debug_loc
 *(.debug_loc)

.debug_macinfo
 *(.debug_macinfo)

.debug_weaknames
 *(.debug_weaknames)

.debug_funcnames
 *(.debug_funcnames)

.debug_typenames
 *(.debug_typenames)

.debug_varnames
 *(.debug_varnames)

.stack          0x00080000        0x0
                0x00080000                        _stack = .
 *(.stack)

.note.gnu.arm.ident
 *(.note.gnu.arm.ident)

.ARM.attributes
                0x00000000       0x2c
 *(.ARM.attributes)
 .ARM.attributes
                0x00000000       0x20 C:/devkitpro/devkitARM/bin/../lib/gcc/arm-none-eabi/16.1.0/../../../../arm-none-eabi/lib/thumb/gba_crt0.o
 .ARM.attributes
                0x00000020       0x1c C:/devkitpro/devkitARM/bin/../lib/gcc/arm-none-eabi/16.1.0/thumb/crti.o
 .ARM.attributes
                0x0000003c       0x2a C:/devkitpro/devkitARM/bin/../lib/gcc/arm-none-eabi/16.1.0/thumb/crtbegin.o
 .ARM.attributes
                0x00000066       0x2a main_gba.o
 .ARM.attributes
                0x00000090       0x2a fox_3D.o
 .ARM.attributes
                0x000000ba       0x2a fox_draw.o
 .ARM.attributes
                0x000000e4       0x2a fox_mesh.o
 .ARM.attributes
                0x0000010e       0x2a fox_scene.o
 .ARM.attributes
                0x00000138       0x2a C:/devkitpro/libgba/lib\libgba.a(interrupt.o)
 .ARM.attributes
                0x00000162       0x1a C:/devkitpro/libgba/lib\libgba.a(InterruptDispatcher.o)
 .ARM.attributes
                0x0000017c       0x2a C:/devkitpro/devkitARM/bin/../lib/gcc/arm-none-eabi/16.1.0/../../../../arm-none-eabi/lib/thumb\libm.a(libm_a-sf_cos.o)
 .ARM.attributes
                0x000001a6       0x2a C:/devkitpro/devkitARM/bin/../lib/gcc/arm-none-eabi/16.1.0/../../../../arm-none-eabi/lib/thumb\libm.a(libm_a-wf_sqrt.o)
 .ARM.attributes
                0x000001d0       0x2a C:/devkitpro/devkitARM/bin/../lib/gcc/arm-none-eabi/16.1.0/../../../../arm-none-eabi/lib/thumb\libm.a(libm_a-sf_tan.o)
 .ARM.attributes
                0x000001fa       0x2a C:/devkitpro/devkitARM/bin/../lib/gcc/arm-none-eabi/16.1.0/../../../../arm-none-eabi/lib/thumb\libm.a(libm_a-kf_cos.o)
 .ARM.attributes
                0x00000224       0x2a C:/devkitpro/devkitARM/bin/../lib/gcc/arm-none-eabi/16.1.0/../../../../arm-none-eabi/lib/thumb\libm.a(libm_a-sf_sin.o)
 .ARM.attributes
                0x0000024e       0x2a C:/devkitpro/devkitARM/bin/../lib/gcc/arm-none-eabi/16.1.0/../../../../arm-none-eabi/lib/thumb\libm.a(libm_a-kf_sin.o)
 .ARM.attributes
                0x00000278       0x2a C:/devkitpro/devkitARM/bin/../lib/gcc/arm-none-eabi/16.1.0/../../../../arm-none-eabi/lib/thumb\libm.a(libm_a-ef_rem_pio2.o)
 .ARM.attributes
                0x000002a2       0x2a C:/devkitpro/devkitARM/bin/../lib/gcc/arm-none-eabi/16.1.0/../../../../arm-none-eabi/lib/thumb\libm.a(libm_a-kf_tan.o)
 .ARM.attributes
                0x000002cc       0x2a C:/devkitpro/devkitARM/bin/../lib/gcc/arm-none-eabi/16.1.0/../../../../arm-none-eabi/lib/thumb\libm.a(libm_a-sf_fabs.o)
 .ARM.attributes
                0x000002f6       0x2a C:/devkitpro/devkitARM/bin/../lib/gcc/arm-none-eabi/16.1.0/../../../../arm-none-eabi/lib/thumb\libm.a(libm_a-kf_rem_pio2.o)
 .ARM.attributes
                0x00000320       0x2a C:/devkitpro/devkitARM/bin/../lib/gcc/arm-none-eabi/16.1.0/../../../../arm-none-eabi/lib/thumb\libm.a(libm_a-ef_sqrt.o)
 .ARM.attributes
                0x0000034a       0x2a C:/devkitpro/devkitARM/bin/../lib/gcc/arm-none-eabi/16.1.0/../../../../arm-none-eabi/lib/thumb\libm.a(libm_a-sf_scalbn.o)
 .ARM.attributes
                0x00000374       0x2a C:/devkitpro/devkitARM/bin/../lib/gcc/arm-none-eabi/16.1.0/../../../../arm-none-eabi/lib/thumb\libm.a(libm_a-sf_floor.o)
 .ARM.attributes
                0x0000039e       0x1c C:/devkitpro/devkitARM/bin/../lib/gcc/arm-none-eabi/16.1.0/thumb\libgcc.a(_arm_muldf3.o)
 .ARM.attributes
                0x000003ba       0x1c C:/devkitpro/devkitARM/bin/../lib/gcc/arm-none-eabi/16.1.0/thumb\libgcc.a(_arm_mulsf3.o)
 .ARM.attributes
                0x000003d6       0x1c C:/devkitpro/devkitARM/bin/../lib/gcc/arm-none-eabi/16.1.0/thumb\libgcc.a(_arm_addsubdf3.o)
 .ARM.attributes
                0x000003f2       0x1c C:/devkitpro/devkitARM/bin/../lib/gcc/arm-none-eabi/16.1.0/thumb\libgcc.a(_arm_truncdfsf2.o)
 .ARM.attributes
                0x0000040e       0x1c C:/devkitpro/devkitARM/bin/../lib/gcc/arm-none-eabi/16.1.0/thumb\libgcc.a(_arm_addsubsf3.o)
 .ARM.attributes
                0x0000042a       0x1c C:/devkitpro/devkitARM/bin/../lib/gcc/arm-none-eabi/16.1.0/thumb\libgcc.a(_arm_muldivsf3.o)
 .ARM.attributes
                0x00000446       0x1c C:/devkitpro/devkitARM/bin/../lib/gcc/arm-none-eabi/16.1.0/thumb\libgcc.a(_arm_cmpsf2.o)
 .ARM.attributes
                0x00000462       0x1c C:/devkitpro/devkitARM/bin/../lib/gcc/arm-none-eabi/16.1.0/thumb\libgcc.a(_arm_unordsf2.o)
 .ARM.attributes
                0x0000047e       0x1c C:/devkitpro/devkitARM/bin/../lib/gcc/arm-none-eabi/16.1.0/thumb\libgcc.a(_arm_fixsfsi.o)
 .ARM.attributes
                0x0000049a       0x1c C:/devkitpro/devkitARM/bin/../lib/gcc/arm-none-eabi/16.1.0/thumb\libgcc.a(_aeabi_ldivmod.o)
 .ARM.attributes
                0x000004b6       0x1c C:/devkitpro/devkitARM/bin/../lib/gcc/arm-none-eabi/16.1.0/thumb\libgcc.a(_sync_none.o)
 .ARM.attributes
                0x000004d2       0x2a C:/devkitpro/devkitARM/bin/../lib/gcc/arm-none-eabi/16.1.0/thumb\libgcc.a(_muldi3.o)
 .ARM.attributes
                0x000004fc       0x2a C:/devkitpro/devkitARM/bin/../lib/gcc/arm-none-eabi/16.1.0/thumb\libgcc.a(_udivmoddi4.o)
 .ARM.attributes
                0x00000526       0x1c C:/devkitpro/devkitARM/bin/../lib/gcc/arm-none-eabi/16.1.0/thumb\libgcc.a(_dvmd_tls.o)
 .ARM.attributes
                0x00000542       0x1c C:/devkitpro/devkitARM/bin/../lib/gcc/arm-none-eabi/16.1.0/thumb\libgcc.a(_clzdi2.o)
 .ARM.attributes
                0x0000055e       0x1c C:/devkitpro/devkitARM/bin/../lib/gcc/arm-none-eabi/16.1.0/thumb\libgcc.a(_clzsi2.o)
 .ARM.attributes
                0x0000057a       0x2a C:/devkitpro/devkitARM/bin/../lib/gcc/arm-none-eabi/16.1.0/../../../../arm-none-eabi/lib/thumb\libg.a(libc_a-memcpy-stub.o)
 .ARM.attributes
                0x000005a4       0x2a C:/devkitpro/devkitARM/bin/../lib/gcc/arm-none-eabi/16.1.0/../../../../arm-none-eabi/lib/thumb\libg.a(libc_a-printf.o)
 .ARM.attributes
                0x000005ce       0x2a C:/devkitpro/devkitARM/bin/../lib/gcc/arm-none-eabi/16.1.0/../../../../arm-none-eabi/lib/thumb\libg.a(libc_a-errno.o)
 .ARM.attributes
                0x000005f8       0x2a C:/devkitpro/devkitARM/bin/../lib/gcc/arm-none-eabi/16.1.0/../../../../arm-none-eabi/lib/thumb\libg.a(libc_a-memset.o)
 .ARM.attributes
                0x00000622       0x2a C:/devkitpro/devkitARM/bin/../lib/gcc/arm-none-eabi/16.1.0/../../../../arm-none-eabi/lib/thumb\libg.a(libc_a-init.o)
 .ARM.attributes
                0x0000064c       0x2a C:/devkitpro/devkitARM/bin/../lib/gcc/arm-none-eabi/16.1.0/../../../../arm-none-eabi/lib/thumb\libg.a(libc_a-malloc.o)
 .ARM.attributes
                0x00000676       0x2a C:/devkitpro/devkitARM/bin/../lib/gcc/arm-none-eabi/16.1.0/../../../../arm-none-eabi/lib/thumb\libg.a(libc_a-puts.o)
 .ARM.attributes
                0x000006a0       0x2a C:/devkitpro/devkitARM/bin/../lib/gcc/arm-none-eabi/16.1.0/../../../../arm-none-eabi/lib/thumb\libg.a(libc_a-putchar.o)
 .ARM.attributes
                0x000006ca       0x2a C:/devkitpro/devkitARM/bin/../lib/gcc/arm-none-eabi/16.1.0/../../../../arm-none-eabi/lib/thumb\libg.a(libc_a-strlen.o)
 .ARM.attributes
                0x000006f4       0x2a C:/devkitpro/devkitARM/bin/../lib/gcc/arm-none-eabi/16.1.0/../../../../arm-none-eabi/lib/thumb\libg.a(libc_a-vfprintf.o)
 .ARM.attributes
                0x0000071e       0x2a C:/devkitpro/devkitARM/bin/../lib/gcc/arm-none-eabi/16.1.0/../../../../arm-none-eabi/lib/thumb\libg.a(libc_a-wcrtomb.o)
 .ARM.attributes
                0x00000748       0x2a C:/devkitpro/devkitARM/bin/../lib/gcc/arm-none-eabi/16.1.0/../../../../arm-none-eabi/lib/thumb\libg.a(libc_a-svfiprintf.o)
 .ARM.attributes
                0x00000772       0x2a C:/devkitpro/devkitARM/bin/../lib/gcc/arm-none-eabi/16.1.0/../../../../arm-none-eabi/lib/thumb\libg.a(libc_a-ssprint_r.o)
 .ARM.attributes
                0x0000079c       0x2a C:/devkitpro/devkitARM/bin/../lib/gcc/arm-none-eabi/16.1.0/../../../../arm-none-eabi/lib/thumb\libg.a(libc_a-fvwrite.o)
 .ARM.attributes
                0x000007c6       0x2a C:/devkitpro/devkitARM/bin/../lib/gcc/arm-none-eabi/16.1.0/../../../../arm-none-eabi/lib/thumb\libg.a(libc_a-malignr.o)
 .ARM.attributes
                0x000007f0       0x2a C:/devkitpro/devkitARM/bin/../lib/gcc/arm-none-eabi/16.1.0/../../../../arm-none-eabi/lib/thumb\libg.a(libc_a-locale.o)
 .ARM.attributes
                0x0000081a       0x2a C:/devkitpro/devkitARM/bin/../lib/gcc/arm-none-eabi/16.1.0/../../../../arm-none-eabi/lib/thumb\libg.a(libc_a-fflush.o)
 .ARM.attributes
                0x00000844       0x2a C:/devkitpro/devkitARM/bin/../lib/gcc/arm-none-eabi/16.1.0/../../../../arm-none-eabi/lib/thumb\libg.a(libc_a-sprint_r.o)
 .ARM.attributes
                0x0000086e       0x2a C:/devkitpro/devkitARM/bin/../lib/gcc/arm-none-eabi/16.1.0/../../../../arm-none-eabi/lib/thumb\libg.a(libc_a-putc.o)
 .ARM.attributes
                0x00000898       0x2a C:/devkitpro/devkitARM/bin/../lib/gcc/arm-none-eabi/16.1.0/../../../../arm-none-eabi/lib/thumb\libg.a(libc_a-mallocr.o)
 .ARM.attributes
                0x000008c2       0x2a C:/devkitpro/devkitARM/bin/../lib/gcc/arm-none-eabi/16.1.0/../../../../arm-none-eabi/lib/thumb\libg.a(libc_a-dtoa.o)
 .ARM.attributes
                0x000008ec       0x2a C:/devkitpro/devkitARM/bin/../lib/gcc/arm-none-eabi/16.1.0/../../../../arm-none-eabi/lib/thumb\libg.a(libc_a-wbuf.o)
 .ARM.attributes
                0x00000916       0x1a C:/devkitpro/devkitARM/bin/../lib/gcc/arm-none-eabi/16.1.0/../../../../arm-none-eabi/lib/thumb\libg.a(libc_a-strcmp.o)
 .ARM.attributes
                0x00000930       0x2a C:/devkitpro/devkitARM/bin/../lib/gcc/arm-none-eabi/16.1.0/../../../../arm-none-eabi/lib/thumb\libg.a(libc_a-freer.o)
 .ARM.attributes
                0x0000095a       0x2a C:/devkitpro/devkitARM/bin/../lib/gcc/arm-none-eabi/16.1.0/../../../../arm-none-eabi/lib/thumb\libg.a(libc_a-findfp.o)
 .ARM.attributes
                0x00000984       0x2a C:/devkitpro/devkitARM/bin/../lib/gcc/arm-none-eabi/16.1.0/../../../../arm-none-eabi/lib/thumb\libg.a(libc_a-strtol.o)
 .ARM.attributes
                0x000009ae       0x2a C:/devkitpro/devkitARM/bin/../lib/gcc/arm-none-eabi/16.1.0/../../../../arm-none-eabi/lib/thumb\libg.a(libc_a-strncpy.o)
 .ARM.attributes
                0x000009d8       0x2a C:/devkitpro/devkitARM/bin/../lib/gcc/arm-none-eabi/16.1.0/../../../../arm-none-eabi/lib/thumb\libg.a(libc_a-memchr-stub.o)
 .ARM.attributes
                0x00000a02       0x2a C:/devkitpro/devkitARM/bin/../lib/gcc/arm-none-eabi/16.1.0/../../../../arm-none-eabi/lib/thumb\libg.a(libc_a-wcsrtombs.o)
 .ARM.attributes
                0x00000a2c       0x2a C:/devkitpro/devkitARM/bin/../lib/gcc/arm-none-eabi/16.1.0/../../../../arm-none-eabi/lib/thumb\libg.a(libc_a-wsetup.o)
 .ARM.attributes
                0x00000a56       0x2a C:/devkitpro/devkitARM/bin/../lib/gcc/arm-none-eabi/16.1.0/../../../../arm-none-eabi/lib/thumb\libg.a(libc_a-getenv_r.o)
 .ARM.attributes
                0x00000a80       0x2a C:/devkitpro/devkitARM/bin/../lib/gcc/arm-none-eabi/16.1.0/../../../../arm-none-eabi/lib/thumb\libg.a(libc_a-localeconv.o)
 .ARM.attributes
                0x00000aaa       0x2a C:/devkitpro/devkitARM/bin/../lib/gcc/arm-none-eabi/16.1.0/../../../../arm-none-eabi/lib/thumb\libg.a(libc_a-stdio.o)
 .ARM.attributes
                0x00000ad4       0x2a C:/devkitpro/devkitARM/bin/../lib/gcc/arm-none-eabi/16.1.0/../../../../arm-none-eabi/lib/thumb\libg.a(libc_a-memmove.o)
 .ARM.attributes
                0x00000afe       0x2a C:/devkitpro/devkitARM/bin/../lib/gcc/arm-none-eabi/16.1.0/../../../../arm-none-eabi/lib/thumb\libg.a(libc_a-reallocr.o)
 .ARM.attributes
                0x00000b28       0x2a C:/devkitpro/devkitARM/bin/../lib/gcc/arm-none-eabi/16.1.0/../../../../arm-none-eabi/lib/thumb\libg.a(libc_a-mlock.o)
 .ARM.attributes
                0x00000b52       0x2a C:/devkitpro/devkitARM/bin/../lib/gcc/arm-none-eabi/16.1.0/../../../../arm-none-eabi/lib/thumb\libg.a(libc_a-fclose.o)
 .ARM.attributes
                0x00000b7c       0x2a C:/devkitpro/devkitARM/bin/../lib/gcc/arm-none-eabi/16.1.0/../../../../arm-none-eabi/lib/thumb\libg.a(libc_a-ssputs_r.o)
 .ARM.attributes
                0x00000ba6       0x2a C:/devkitpro/devkitARM/bin/../lib/gcc/arm-none-eabi/16.1.0/../../../../arm-none-eabi/lib/thumb\libg.a(libc_a-wctomb_r.o)
 .ARM.attributes